Component: ARM Compiler 5.06 update 7 (build 960) Tool: armlink [4d3601]

==============================================================================

Section Cross References

    main.o(.text) refers to misc.o(.text) for NVIC_PriorityGroupConfig
    main.o(.text) refers to delay.o(.text) for delay_init
    main.o(.text) refers to usart.o(.text) for uart_init
    main.o(.text) refers to led.o(.text) for LED_Init
    main.o(.text) refers to lcd.o(.text) for LCD_Init
    main.o(.text) refers to key.o(.text) for KEY_Init
    main.o(.text) refers to w25qxx.o(.text) for W25QXX_Init
    main.o(.text) refers to malloc.o(.text) for my_mem_init
    main.o(.text) refers to sdio_sdcard.o(.text) for SD_Init
    main.o(.text) refers to exfuns.o(.text) for exfuns_init
    main.o(.text) refers to ff.o(.text) for f_mount
    main.o(.text) refers to usmart_config.o(.data) for usmart_dev
    main.o(.text) refers to lcd.o(.data) for BRUSH_COLOR
    main.o(.text) refers to exfuns.o(.bss) for fs
    main.o(.text) refers to main.o(.bss) for fil
    main.o(.text) refers to main.o(.data) for bww
    main.o(.text) refers to sdio_sdcard.o(.bss) for SDCardInfo
    system_stm32f4xx.o(.text) refers to system_stm32f4xx.o(.data) for SystemCoreClock
    led.o(.text) refers to stm32f4xx_rcc.o(.text) for RCC_AHB1PeriphClockCmd
    led.o(.text) refers to stm32f4xx_gpio.o(.text) for GPIO_Init
    key.o(.text) refers to stm32f4xx_rcc.o(.text) for RCC_AHB1PeriphClockCmd
    key.o(.text) refers to stm32f4xx_gpio.o(.text) for GPIO_Init
    key.o(.text) refers to delay.o(.text) for delay_ms
    key.o(.text) refers to key.o(.data) for key_up
    dcmi.o(.text) refers to stm32f4xx_dcmi.o(.text) for DCMI_GetITStatus
    dcmi.o(.text) refers to stm32f4xx_rcc.o(.text) for RCC_AHB1PeriphClockCmd
    dcmi.o(.text) refers to stm32f4xx_dma.o(.text) for DMA_DeInit
    dcmi.o(.text) refers to stm32f4xx_gpio.o(.text) for GPIO_Init
    dcmi.o(.text) refers to misc.o(.text) for NVIC_Init
    dcmi.o(.text) refers to lcd.o(.text) for LCD_SetCursor
    dcmi.o(.text) refers to ov2640.o(.text) for OV2640_OutSize_Set
    dcmi.o(.text) refers to dcmi.o(.bss) for DCMI_InitStructure
    ov2640.o(.text) refers to _printf_percent.o(.ARM.Collect$$_printf_percent$$00000000) for _printf_percent
    ov2640.o(.text) refers to _printf_d.o(.ARM.Collect$$_printf_percent$$00000009) for _printf_d
    ov2640.o(.text) refers to _printf_dec.o(.text) for _printf_int_dec
    ov2640.o(.text) refers to stm32f4xx_rcc.o(.text) for RCC_AHB1PeriphClockCmd
    ov2640.o(.text) refers to stm32f4xx_gpio.o(.text) for GPIO_Init
    ov2640.o(.text) refers to delay.o(.text) for delay_ms
    ov2640.o(.text) refers to sccb.o(.text) for SCCB_Init
    ov2640.o(.text) refers to noretval__2printf.o(.text) for __2printf
    ov2640.o(.text) refers to ov2640.o(.constdata) for ov2640_sxga_init_reg_tbl
    sccb.o(.text) refers to stm32f4xx_rcc.o(.text) for RCC_AHB1PeriphClockCmd
    sccb.o(.text) refers to stm32f4xx_gpio.o(.text) for GPIO_Init
    sccb.o(.text) refers to delay.o(.text) for delay_us
    usart2.o(.text) refers to stm32f4xx_rcc.o(.text) for RCC_AHB1PeriphClockCmd
    usart2.o(.text) refers to stm32f4xx_gpio.o(.text) for GPIO_Init
    usart2.o(.text) refers to stm32f4xx_usart.o(.text) for USART_Init
    timer.o(.text) refers to stm32f4xx_rcc.o(.text) for RCC_APB1PeriphClockCmd
    timer.o(.text) refers to stm32f4xx_tim.o(.text) for TIM_TimeBaseInit
    timer.o(.text) refers to misc.o(.text) for NVIC_Init
    lcd.o(.text) refers to delay.o(.text) for delay_us
    lcd.o(.text) refers to lcd.o(.data) for write_gramcmd
    lcd.o(.text) refers to stm32f4xx_rcc.o(.text) for RCC_AHB1PeriphClockCmd
    lcd.o(.text) refers to stm32f4xx_gpio.o(.text) for GPIO_Init
    lcd.o(.text) refers to stm32f4xx_fsmc.o(.text) for FSMC_NORSRAMInit
    lcd.o(.text) refers to lcd.o(.constdata) for char_1206
    stmflash.o(.text) refers to stm32f4xx_flash.o(.text) for FLASH_Unlock
    w25qxx.o(.text) refers to _printf_percent.o(.ARM.Collect$$_printf_percent$$00000000) for _printf_percent
    w25qxx.o(.text) refers to _printf_x.o(.ARM.Collect$$_printf_percent$$0000000C) for _printf_x
    w25qxx.o(.text) refers to _printf_hex_int.o(.text) for _printf_longlong_hex
    w25qxx.o(.text) refers to spi.o(.text) for SPI1_ReadWriteByte
    w25qxx.o(.text) refers to stm32f4xx_rcc.o(.text) for RCC_AHB1PeriphClockCmd
    w25qxx.o(.text) refers to stm32f4xx_gpio.o(.text) for GPIO_Init
    w25qxx.o(.text) refers to noretval__2printf.o(.text) for __2printf
    w25qxx.o(.text) refers to delay.o(.text) for delay_us
    w25qxx.o(.text) refers to w25qxx.o(.data) for W25QXX_TYPE
    w25qxx.o(.text) refers to w25qxx.o(.bss) for W25QXX_BUFFER
    spi.o(.text) refers to stm32f4xx_spi.o(.text) for SPI_I2S_GetFlagStatus
    spi.o(.text) refers to stm32f4xx_rcc.o(.text) for RCC_AHB1PeriphClockCmd
    spi.o(.text) refers to stm32f4xx_gpio.o(.text) for GPIO_Init
    sdio_sdcard.o(.text) refers to stm32f4xx_sdio.o(.text) for SDIO_GetFlagStatus
[...]
    DebugMon_Handler                         0x080003f9   Thumb Code     2  stm32f4xx_it.o(.text)
    PendSV_Handler                           0x080003fb   Thumb Code     2  stm32f4xx_it.o(.text)
    SysTick_Handler                          0x080003fd   Thumb Code     2  stm32f4xx_it.o(.text)
    SystemInit                               0x080004dd   Thumb Code    88  system_stm32f4xx.o(.text)
    SystemCoreClockUpdate                    0x08000535   Thumb Code   174  system_stm32f4xx.o(.text)
    LED_Init                                 0x08000611   Thumb Code    60  led.o(.text)
    KEY_Init                                 0x08000651   Thumb Code    60  key.o(.text)
    KEY_Scan                                 0x0800068d   Thumb Code   188  key.o(.text)
    DCMI_IRQHandler                          0x08000755   Thumb Code    18  dcmi.o(.text)
    DCMI_DMA_Init                            0x08000767   Thumb Code   102  dcmi.o(.text)
    My_DCMI_Init                             0x080007cd   Thumb Code   278  dcmi.o(.text)
    DCMI_Start                               0x080008e3   Thumb Code    30  dcmi.o(.text)
    DCMI_Stop                                0x08000901   Thumb Code    34  dcmi.o(.text)
    DCMI_Set_Window                          0x08000923   Thumb Code    76  dcmi.o(.text)
    DCMI_CR_Set                              0x0800096f   Thumb Code    58  dcmi.o(.text)
    OV2640_Init                              0x080009c5   Thumb Code   246  ov2640.o(.text)
    OV2640_JPEG_Mode                         0x08000abb   Thumb Code    66  ov2640.o(.text)
    OV2640_RGB565_Mode                       0x08000afd   Thumb Code    36  ov2640.o(.text)
    OV2640_Auto_Exposure                     0x08000b21   Thumb Code    40  ov2640.o(.text)
    OV2640_Light_Mode                        0x08000b49   Thumb Code   118  ov2640.o(.text)
    OV2640_Color_Saturation                  0x08000bbf   Thumb Code    64  ov2640.o(.text)
    OV2640_Brightness                        0x08000bff   Thumb Code    56  ov2640.o(.text)
    OV2640_Contrast                          0x08000c37   Thumb Code   116  ov2640.o(.text)
    OV2640_Special_Effects                   0x08000cab   Thumb Code   122  ov2640.o(.text)
    OV2640_Color_Bar                         0x08000d25   Thumb Code    40  ov2640.o(.text)
    OV2640_Window_Set                        0x08000d4d   Thumb Code   220  ov2640.o(.text)
    OV2640_OutSize_Set                       0x08000e29   Thumb Code   136  ov2640.o(.text)
    OV2640_ImageWin_Set                      0x08000eb1   Thumb Code   188  ov2640.o(.text)
    OV2640_ImageSize_Set                     0x08000f6d   Thumb Code    80  ov2640.o(.text)
    SCCB_Init                                0x08000fbd   Thumb Code    78  sccb.o(.text)
    SCCB_Start                               0x0800100b   Thumb Code    42  sccb.o(.text)
    SCCB_Stop                                0x08001035   Thumb Code    42  sccb.o(.text)
    SCCB_No_Ack                              0x0800105f   Thumb Code    56  sccb.o(.text)
    SCCB_WR_Byte                             0x08001097   Thumb Code   154  sccb.o(.text)
    SCCB_RD_Byte                             0x08001131   Thumb Code   104  sccb.o(.text)
    SCCB_WR_Reg                              0x08001199   Thumb Code    62  sccb.o(.text)
    SCCB_RD_Reg                              0x080011d7   Thumb Code    78  sccb.o(.text)
    TIM3_Int_Init                            0x08001231   Thumb Code    88  timer.o(.text)
    TIM3_IRQHandler                          0x08001289   Thumb Code    20  timer.o(.text)
    LCD_WriteReg                             0x080012a1   Thumb Code    10  lcd.o(.text)
    LCD_ReadReg                              0x080012ab   Thumb Code    22  lcd.o(.text)
    lcdm_delay                               0x080012c1   Thumb Code    14  lcd.o(.text)
    LCD_WriteGRAM                            0x080012cf   Thumb Code    10  lcd.o(.text)
    LCD_DisplayOn                            0x080012d9   Thumb Code     8  lcd.o(.text)
    LCD_DisplayOff                           0x080012e1   Thumb Code     8  lcd.o(.text)
    LCD_Open_Window                          0x080012e9   Thumb Code   166  lcd.o(.text)
    Set_Scan_Direction                       0x0800138f   Thumb Code   204  lcd.o(.text)
    Set_Display_Mode                         0x0800145b   Thumb Code   214  lcd.o(.text)
    LCD_SetCursor                            0x08001531   Thumb Code   186  lcd.o(.text)
    LCD_GetPoint                             0x080015eb   Thumb Code   116  lcd.o(.text)
    LCD_DrawPoint                            0x0800165f   Thumb Code    66  lcd.o(.text)
    LCD_Color_DrawPoint                      0x080016a1   Thumb Code    30  lcd.o(.text)
    Ssd1963_Set_BackLight                    0x080016bf   Thumb Code    32  lcd.o(.text)
    LCD_Clear                                0x080016df   Thumb Code    50  lcd.o(.text)
    LCD_FSMC_Config                          0x08001711   Thumb Code   530  lcd.o(.text)
    ILI9341_Read_id                          0x08001923   Thumb Code    30  lcd.o(.text)
    LCD_Init                                 0x08001941   Thumb Code   990  lcd.o(.text)
    LCD_Fill_onecolor                        0x08001d1f   Thumb Code    82  lcd.o(.text)
    LCD_Draw_Picture                         0x08001d71   Thumb Code    94  lcd.o(.text)
    LCD_DisplayChar                          0x08001dcf   Thumb Code   206  lcd.o(.text)
    LCD_DisplayString                        0x08001e9d   Thumb Code    64  lcd.o(.text)
    LCD_DisplayString_color                  0x08001edd   Thumb Code    68  lcd.o(.text)
    Counter_Power                            0x08001f21   Thumb Code    22  lcd.o(.text)
    LCD_DisplayNum                           0x08001f37   Thumb Code   244  lcd.o(.text)
    LCD_DisplayNum_color                     0x0800202b   Thumb Code    78  lcd.o(.text)
    W25QXX_ReadID                            0x08002081   Thumb Code    64  w25qxx.o(.text)
    W25QXX_Init                              0x080020c1   Thumb Code    72  w25qxx.o(.text)
    W25QXX_ReadSR                            0x08002109   Thumb Code    36  w25qxx.o(.text)
    W25QXX_Write_SR                          0x0800212d   Thumb Code    32  w25qxx.o(.text)
    W25QXX_Write_Enable                      0x0800214d   Thumb Code    24  w25qxx.o(.text)
    W25QXX_Write_Disable                     0x08002165   Thumb Code    24  w25qxx.o(.text)
    W25QXX_Read                              0x0800217d   Thumb Code    74  w25qxx.o(.text)
    W25QXX_Wait_Busy                         0x080021c7   Thumb Code    18  w25qxx.o(.text)
    W25QXX_Write_Page                        0x080021d9   Thumb Code    80  w25qxx.o(.text)
    W25QXX_Write_NoCheck                     0x08002229   Thumb Code    70  w25qxx.o(.text)
    W25QXX_Erase_Sector                      0x0800226f   Thumb Code    70  w25qxx.o(.text)
    W25QXX_Write                             0x080022b5   Thumb Code   180  w25qxx.o(.text)
    W25QXX_Erase_Chip                        0x08002369   Thumb Code    36  w25qxx.o(.text)
    W25QXX_PowerDown                         0x0800238d   Thumb Code    30  w25qxx.o(.text)
    W25QXX_WAKEUP                            0x080023ab   Thumb Code    30  w25qxx.o(.text)
    SPI1_ReadWriteByte                       0x080023e5   Thumb Code    50  spi.o(.text)
    SPI1_Init                                0x08002417   Thumb Code   186  spi.o(.text)
    SPI1_SetSpeed                            0x080024d1   Thumb Code    36  spi.o(.text)
    SDIO_Register_Deinit                     0x080024fd   Thumb Code    48  sdio_sdcard.o(.text)
    SD_SetDeviceMode                         0x0800252d   Thumb Code    20  sdio_sdcard.o(.text)
    SDIO_Clock_Set                           0x08002541   Thumb Code    18  sdio_sdcard.o(.text)
    CmdResp1Error                            0x08002553   Thumb Code    96  sdio_sdcard.o(.text)
    FindSCR                                  0x080025b3   Thumb Code   390  sdio_sdcard.o(.text)
    SDEnWideBus                              0x08002739   Thumb Code   160  sdio_sdcard.o(.text)
    SD_EnableWideBusOperation                0x080027d9   Thumb Code    98  sdio_sdcard.o(.text)
    SD_SelectDeselect                        0x0800283b   Thumb Code    42  sdio_sdcard.o(.text)
    SD_GetCardInfo                           0x08002865   Thumb Code   802  sdio_sdcard.o(.text)
    CmdResp2Error                            0x08002b87   Thumb Code    80  sdio_sdcard.o(.text)
    CmdResp6Error                            0x08002bd7   Thumb Code   144  sdio_sdcard.o(.text)
    SD_InitializeCards                       0x08002c67   Thumb Code   354  sdio_sdcard.o(.text)
    CmdResp3Error                            0x08002dc9   Thumb Code    52  sdio_sdcard.o(.text)
    CmdResp7Error                            0x08002dfd   Thumb Code    72  sdio_sdcard.o(.text)
    CmdError                                 0x08002e45   Thumb Code    48  sdio_sdcard.o(.text)
    SD_PowerON                               0x08002e75   Thumb Code   460  sdio_sdcard.o(.text)
    SD_Init                                  0x08003041   Thumb Code   334  sdio_sdcard.o(.text)
    SD_PowerOFF                              0x0800318f   Thumb Code    12  sdio_sdcard.o(.text)
    SD_DMA_Config                            0x0800319b   Thumb Code   118  sdio_sdcard.o(.text)
    convert_from_bytes_to_power_of_two       0x08003211   Thumb Code    18  sdio_sdcard.o(.text)
    SD_ReadBlock                             0x08003223   Thumb Code   578  sdio_sdcard.o(.text)
    SD_ReadMultiBlocks                       0x08003465   Thumb Code   762  sdio_sdcard.o(.text)
    IsCardProgramming                        0x0800375f   Thumb Code   150  sdio_sdcard.o(.text)
    SD_WriteBlock                            0x080037f5   Thumb Code   914  sdio_sdcard.o(.text)
    SD_WriteMultiBlocks                      0x08003b87   Thumb Code   976  sdio_sdcard.o(.text)
    SD_ProcessIRQSrc                         0x08003f57   Thumb Code   322  sdio_sdcard.o(.text)
    SDIO_IRQHandler                          0x08004099   Thumb Code     8  sdio_sdcard.o(.text)
    SD_SendStatus                            0x080040a1   Thumb Code    74  sdio_sdcard.o(.text)
    SD_GetState                              0x080040eb   Thumb Code    26  sdio_sdcard.o(.text)
    SD_ReadDisk                              0x08004105   Thumb Code   188  sdio_sdcard.o(.text)
    SD_WriteDisk                             0x080041c1   Thumb Code   148  sdio_sdcard.o(.text)
    delay_init                               0x08004259   Thumb Code    52  delay.o(.text)
    delay_us                                 0x0800428d   Thumb Code    72  delay.o(.text)
    delay_xms                                0x080042d5   Thumb Code    72  delay.o(.text)
    delay_ms                                 0x0800431d   Thumb Code    56  delay.o(.text)
    _sys_exit                                0x0800435d   Thumb Code     4  usart.o(.text)
    fputc                                    0x08004361   Thumb Code    24  usart.o(.text)
    uart_init                                0x08004379   Thumb Code   164  usart.o(.text)
    USART1_IRQHandler                        0x0800441d   Thumb Code   122  usart.o(.text)
    Reset_Handler                            0x080044ad   Thumb Code     8  startup_stm32f40_41xxx.o(.text)
    ADC_IRQHandler                           0x080044c7   Thumb Code     0  startup_stm32f40_41xxx.o(.text)
    CAN1_RX0_IRQHandler                      0x080044c7   Thumb Code     0  startup_stm32f40_41xxx.o(.text)
    CAN1_RX1_IRQHandler                      0x080044c7   Thumb Code     0  startup_stm32f40_41xxx.o(.text)
    CAN1_SCE_IRQHandler                      0x080044c7   Thumb Code     0  startup_stm32f40_41xxx.o(.text)
    CAN1_TX_IRQHandler                       0x080044c7   Thumb Code     0  startup_stm32f40_41xxx.o(.text)
    CAN2_RX0_IRQHandler                      0x080044c7   Thumb Code     0  startup_stm32f40_41xxx.o(.text)
    CAN2_RX1_IRQHandler                      0x080044c7   Thumb Code     0  startup_stm32f40_41xxx.o(.text)
    CAN2_SCE_IRQHandler                      0x080044c7   Thumb Code     0  startup_stm32f40_41xxx.o(.text)
    CAN2_TX_IRQHandler                       0x080044c7   Thumb Code     0  startup_stm32f40_41xxx.o(.text)
    CRYP_IRQHandler                          0x080044c7   Thumb Code     0  startup_stm32f40_41xxx.o(.text)
    DMA1_Stream0_IRQHandler                  0x080044c7   Thumb Code     0  startup_stm32f40_41xxx.o(.text)
    DMA1_Stream1_IRQHandler                  0x080044c7   Thumb Code     0  startup_stm32f40_41xxx.o(.text)
    DMA1_Stream2_IRQHandler                  0x080044c7   Thumb Code     0  startup_stm32f40_41xxx.o(.text)
    DMA1_Stream3_IRQHandler                  0x080044c7   Thumb Code     0  startup_stm32f40_41xxx.o(.text)
    DMA1_Stream4_IRQHandler                  0x080044c7   Thumb Code     0  startup_stm32f40_41xxx.o(.text)
    DMA1_Stream5_IRQHandler                  0x080044c7   Thumb Code     0  startup_stm32f40_41xxx.o(.text)
    DMA1_Stream6_IRQHandler                  0x080044c7   Thumb Code     0  startup_stm32f40_41xxx.o(.text)
    DMA1_Stream7_IRQHandler                  0x080044c7   Thumb Code     0  startup_stm32f40_41xxx.o(.text)
    DMA2_Stream0_IRQHandler                  0x080044c7   Thumb Code     0  startup_stm32f40_41xxx.o(.text)
    DMA2_Stream1_IRQHandler                  0x080044c7   Thumb Code     0  startup_stm32f40_41xxx.o(.text)
    DMA2_Stream2_IRQHandler                  0x080044c7   Thumb Code     0  startup_stm32f40_41xxx.o(.text)
    DMA2_Stream3_IRQHandler                  0x080044c7   Thumb Code     0  startup_stm32f40_41xxx.o(.text)
    DMA2_Stream4_IRQHandler                  0x080044c7   Thumb Code     0  startup_stm32f40_41xxx.o(.text)
    DMA2_Stream5_IRQHandler                  0x080044c7   Thumb Code     0  startup_stm32f40_41xxx.o(.text)
    DMA2_Stream6_IRQHandler                  0x080044c7   Thumb Code     0  startup_stm32f40_41xxx.o(.text)
    DMA2_Stream7_IRQHandler                  0x080044c7   Thumb Code     0  startup_stm32f40_41xxx.o(.text)
    ETH_IRQHandler                           0x080044c7   Thumb Code     0  startup_stm32f40_41xxx.o(.text)
    ETH_WKUP_IRQHandler                      0x080044c7   Thumb Code     0  startup_stm32f40_41xxx.o(.text)
    EXTI0_IRQHandler                         0x080044c7   Thumb Code     0  startup_stm32f40_41xxx.o(.text)
    EXTI15_10_IRQHandler                     0x080044c7   Thumb Code     0  startup_stm32f40_41xxx.o(.text)
    EXTI1_IRQHandler                         0x080044c7   Thumb Code     0  startup_stm32f40_41xxx.o(.text)
    EXTI2_IRQHandler                         0x080044c7   Thumb Code     0  startup_stm32f40_41xxx.o(.text)
    EXTI3_IRQHandler                         0x080044c7   Thumb Code     0  startup_stm32f40_41xxx.o(.text)
    EXTI4_IRQHandler                         0x080044c7   Thumb Code     0  startup_stm32f40_41xxx.o(.text)
    EXTI9_5_IRQHandler                       0x080044c7   Thumb Code     0  startup_stm32f40_41xxx.o(.text)
    FLASH_IRQHandler                         0x080044c7   Thumb Code     0  startup_stm32f40_41xxx.o(.text)
    FPU_IRQHandler                           0x080044c7   Thumb Code     0  startup_stm32f40_41xxx.o(.text)
    FSMC_IRQHandler                          0x080044c7   Thumb Code     0  startup_stm32f40_41xxx.o(.text)
    HASH_RNG_IRQHandler                      0x080044c7   Thumb Code     0  startup_stm32f40_41xxx.o(.text)
    I2C1_ER_IRQHandler                       0x080044c7   Thumb Code     0  startup_stm32f40_41xxx.o(.text)
    I2C1_EV_IRQHandler                       0x080044c7   Thumb Code     0  startup_stm32f40_41xxx.o(.text)
    I2C2_ER_IRQHandler                       0x080044c7   Thumb Code     0  startup_stm32f40_41xxx.o(.text)
    I2C2_EV_IRQHandler                       0x080044c7   Thumb Code     0  startup_stm32f40_41xxx.o(.text)
    I2C3_ER_IRQHandler                       0x080044c7   Thumb Code     0  startup_stm32f40_41xxx.o(.text)
    I2C3_EV_IRQHandler                       0x080044c7   Thumb Code     0  startup_stm32f40_41xxx.o(.text)
    OTG_FS_IRQHandler                        0x080044c7   Thumb Code     0  startup_stm32f40_41xxx.o(.text)
    OTG_FS_WKUP_IRQHandler                   0x080044c7   Thumb Code     0  startup_stm32f40_41xxx.o(.text)
    OTG_HS_EP1_IN_IRQHandler                 0x080044c7   Thumb Code     0  startup_stm32f40_41xxx.o(.text)
    OTG_HS_EP1_OUT_IRQHandler                0x080044c7   Thumb Code     0  startup_stm32f40_41xxx.o(.text)
    OTG_HS_IRQHandler                        0x080044c7   Thumb Code     0  startup_stm32f40_41xxx.o(.text)
    OTG_HS_WKUP_IRQHandler                   0x080044c7   Thumb Code     0  startup_stm32f40_41xxx.o(.text)
    PVD_IRQHandler                           0x080044c7   Thumb Code     0  startup_stm32f40_41xxx.o(.text)
    RCC_IRQHandler                           0x080044c7   Thumb Code     0  startup_stm32f40_41xxx.o(.text)
    RTC_Alarm_IRQHandler                     0x080044c7   Thumb Code     0  startup_stm32f40_41xxx.o(.text)
    RTC_WKUP_IRQHandler                      0x080044c7   Thumb Code     0  startup_stm32f40_41xxx.o(.text)
    SPI1_IRQHandler                          0x080044c7   Thumb Code     0  startup_stm32f40_41xxx.o(.text)
    SPI2_IRQHandler                          0x080044c7   Thumb Code     0  startup_stm32f40_41xxx.o(.text)
    SPI3_IRQHandler                          0x080044c7   Thumb Code     0  startup_stm32f40_41xxx.o(.text)
    TAMP_STAMP_IRQHandler                    0x080044c7   Thumb Code     0  startup_stm32f40_41xxx.o(.text)
    TIM1_BRK_TIM9_IRQHandler                 0x080044c7   Thumb Code     0  startup_stm32f40_41xxx.o(.text)
    TIM1_CC_IRQHandler                       0x080044c7   Thumb Code     0  startup_stm32f40_41xxx.o(.text)
    TIM1_TRG_COM_TIM11_IRQHandler            0x080044c7   Thumb Code     0  startup_stm32f40_41xxx.o(.text)
    TIM1_UP_TIM10_IRQHandler                 0x080044c7   Thumb Code     0  startup_stm32f40_41xxx.o(.text)
    TIM2_IRQHandler                          0x080044c7   Thumb Code     0  startup_stm32f40_41xxx.o(.text)
    TIM5_IRQHandler                          0x080044c7   Thumb Code     0  startup_stm32f40_41xxx.o(.text)
    TIM6_DAC_IRQHandler                      0x080044c7   Thumb Code     0  startup_stm32f40_41xxx.o(.text)
    TIM7_IRQHandler                          0x080044c7   Thumb Code     0  startup_stm32f40_41xxx.o(.text)
    TIM8_BRK_TIM12_IRQHandler                0x080044c7   Thumb Code     0  startup_stm32f40_41xxx.o(.text)
    TIM8_CC_IRQHandler                       0x080044c7   Thumb Code     0  startup_stm32f40_41xxx.o(.text)
    TIM8_TRG_COM_TIM14_IRQHandler            0x080044c7   Thumb Code     0  startup_stm32f40_41xxx.o(.text)
    TIM8_UP_TIM13_IRQHandler                 0x080044c7   Thumb Code     0  startup_stm32f40_41xxx.o(.text)
    UART4_IRQHandler                         0x080044c7   Thumb Code     0  startup_stm32f40_41xxx.o(.text)
    UART5_IRQHandler                         0x080044c7   Thumb Code     0  startup_stm32f40_41xxx.o(.text)
    USART2_IRQHandler                        0x080044c7   Thumb Code     0  startup_stm32f40_41xxx.o(.text)
    USART3_IRQHandler                        0x080044c7   Thumb Code     0  startup_stm32f40_41xxx.o(.text)
    USART6_IRQHandler                        0x080044c7   Thumb Code     0  startup_stm32f40_41xxx.o(.text)
    WWDG_IRQHandler                          0x080044c7   Thumb Code     0  startup_stm32f40_41xxx.o(.text)
    __user_initial_stackheap                 0x080044c9   Thumb Code     0  startup_stm32f40_41xxx.o(.text)
    NVIC_PriorityGroupConfig                 0x080044ed   Thumb Code    10  misc.o(.text)
    NVIC_Init                                0x080044f7   Thumb Code   106  misc.o(.text)
    NVIC_SetVectorTable                      0x08004561   Thumb Code    14  misc.o(.text)
    NVIC_SystemLPConfig                      0x0800456f   Thumb Code    34  misc.o(.text)
    SysTick_CLKSourceConfig                  0x08004591   Thumb Code    40  misc.o(.text)
    DCMI_DeInit                              0x080045cd   Thumb Code    24  stm32f4xx_dcmi.o(.text)
    DCMI_Init                                0x080045e5   Thumb Code    60  stm32f4xx_dcmi.o(.text)
    DCMI_StructInit                          0x08004621   Thumb Code    18  stm32f4xx_dcmi.o(.text)
    DCMI_CROPConfig                          0x08004633   Thumb Code    26  stm32f4xx_dcmi.o(.text)
    DCMI_CROPCmd                             0x0800464d   Thumb Code    30  stm32f4xx_dcmi.o(.text)
    DCMI_SetEmbeddedSynchroCodes             0x0800466b   Thumb Code    26  stm32f4xx_dcmi.o(.text)
    DCMI_JPEGCmd                             0x08004685   Thumb Code    30  stm32f4xx_dcmi.o(.text)
    DCMI_Cmd                                 0x080046a3   Thumb Code    30  stm32f4xx_dcmi.o(.text)
    DCMI_CaptureCmd                          0x080046c1   Thumb Code    30  stm32f4xx_dcmi.o(.text)
    DCMI_ReadData                            0x080046df   Thumb Code     6  stm32f4xx_dcmi.o(.text)
    DCMI_ITConfig                            0x080046e5   Thumb Code    30  stm32f4xx_dcmi.o(.text)
    DCMI_GetFlagStatus                       0x08004703   Thumb Code    46  stm32f4xx_dcmi.o(.text)
    DCMI_ClearFlag                           0x08004731   Thumb Code     6  stm32f4xx_dcmi.o(.text)
    DCMI_GetITStatus                         0x08004737   Thumb Code    24  stm32f4xx_dcmi.o(.text)
    DCMI_ClearITPendingBit                   0x0800474f   Thumb Code     6  stm32f4xx_dcmi.o(.text)
    GPIO_DeInit                              0x08004759   Thumb Code   268  stm32f4xx_gpio.o(.text)
    GPIO_Init                                0x08004865   Thumb Code   144  stm32f4xx_gpio.o(.text)
    GPIO_StructInit                          0x080048f5   Thumb Code    18  stm32f4xx_gpio.o(.text)
    GPIO_PinLockConfig                       0x08004907   Thumb Code    34  stm32f4xx_gpio.o(.text)
    GPIO_ReadInputDataBit                    0x08004929   Thumb Code    18  stm32f4xx_gpio.o(.text)
    GPIO_ReadInputData                       0x0800493b   Thumb Code     8  stm32f4xx_gpio.o(.text)
    GPIO_ReadOutputDataBit                   0x08004943   Thumb Code    18  stm32f4xx_gpio.o(.text)
    GPIO_ReadOutputData                      0x08004955   Thumb Code     8  stm32f4xx_gpio.o(.text)
    GPIO_SetBits                             0x0800495d   Thumb Code     4  stm32f4xx_gpio.o(.text)
    GPIO_ResetBits                           0x08004961   Thumb Code     4  stm32f4xx_gpio.o(.text)
    GPIO_WriteBit                            0x08004965   Thumb Code    10  stm32f4xx_gpio.o(.text)
    GPIO_Write                               0x0800496f   Thumb Code     4  stm32f4xx_gpio.o(.text)
    GPIO_ToggleBits                          0x08004973   Thumb Code     8  stm32f4xx_gpio.o(.text)
    GPIO_PinAFConfig                         0x0800497b   Thumb Code    70  stm32f4xx_gpio.o(.text)
    FSMC_NORSRAMDeInit                       0x080049ed   Thumb Code    54  stm32f4xx_fsmc.o(.text)
    FSMC_NORSRAMInit                         0x08004a23   Thumb Code   230  stm32f4xx_fsmc.o(.text)
    FSMC_NORSRAMStructInit                   0x08004b09   Thumb Code    48  stm32f4xx_fsmc.o(.text)
    FSMC_NORSRAMCmd                          0x08004b39   Thumb Code    46  stm32f4xx_fsmc.o(.text)
    FSMC_NANDDeInit                          0x08004b67   Thumb Code    62  stm32f4xx_fsmc.o(.text)
    FSMC_NANDInit                            0x08004ba5   Thumb Code   132  stm32f4xx_fsmc.o(.text)
    FSMC_NANDStructInit                      0x08004c29   Thumb Code    54  stm32f4xx_fsmc.o(.text)
    FSMC_NANDCmd                             0x08004c5f   Thumb Code    86  stm32f4xx_fsmc.o(.text)
    FSMC_NANDECCCmd                          0x08004cb5   Thumb Code    86  stm32f4xx_fsmc.o(.text)
    FSMC_GetECC                              0x08004d0b   Thumb Code    24  stm32f4xx_fsmc.o(.text)
    FSMC_PCCARDDeInit                        0x08004d23   Thumb Code    36  stm32f4xx_fsmc.o(.text)
    FSMC_PCCARDInit                          0x08004d47   Thumb Code   130  stm32f4xx_fsmc.o(.text)
    FSMC_PCCARDStructInit                    0x08004dc9   Thumb Code    60  stm32f4xx_fsmc.o(.text)
    FSMC_PCCARDCmd                           0x08004e05   Thumb Code    44  stm32f4xx_fsmc.o(.text)
    FSMC_ITConfig                            0x08004e31   Thumb Code   128  stm32f4xx_fsmc.o(.text)
    FSMC_GetFlagStatus                       0x08004eb1   Thumb Code    54  stm32f4xx_fsmc.o(.text)
    FSMC_ClearFlag                           0x08004ee7   Thumb Code    74  stm32f4xx_fsmc.o(.text)
    FSMC_GetITStatus                         0x08004f31   Thumb Code    62  stm32f4xx_fsmc.o(.text)
    FSMC_ClearITPendingBit                   0x08004f6f   Thumb Code    66  stm32f4xx_fsmc.o(.text)
    DMA_DeInit                               0x08004fb5   Thumb Code   324  stm32f4xx_dma.o(.text)
    DMA_Init                                 0x080050f9   Thumb Code    82  stm32f4xx_dma.o(.text)
    DMA_StructInit                           0x0800514b   Thumb Code    34  stm32f4xx_dma.o(.text)
    DMA_Cmd                                  0x0800516d   Thumb Code    22  stm32f4xx_dma.o(.text)
    DMA_PeriphIncOffsetSizeConfig            0x08005183   Thumb Code    22  stm32f4xx_dma.o(.text)
    DMA_FlowControllerConfig                 0x08005199   Thumb Code    22  stm32f4xx_dma.o(.text)
    DMA_SetCurrDataCounter                   0x080051af   Thumb Code     4  stm32f4xx_dma.o(.text)
    DMA_GetCurrDataCounter                   0x080051b3   Thumb Code     8  stm32f4xx_dma.o(.text)
    DMA_DoubleBufferModeConfig               0x080051bb   Thumb Code    24  stm32f4xx_dma.o(.text)
    DMA_DoubleBufferModeCmd                  0x080051d3   Thumb Code    22  stm32f4xx_dma.o(.text)
    DMA_MemoryTargetConfig                   0x080051e9   Thumb Code    10  stm32f4xx_dma.o(.text)
    DMA_GetCurrentMemoryTarget               0x080051f3   Thumb Code    20  stm32f4xx_dma.o(.text)
    DMA_GetCmdStatus                         0x08005207   Thumb Code    20  stm32f4xx_dma.o(.text)
    DMA_GetFIFOStatus                        0x0800521b   Thumb Code    12  stm32f4xx_dma.o(.text)
    DMA_GetFlagStatus                        0x08005227   Thumb Code    56  stm32f4xx_dma.o(.text)
    DMA_ClearFlag                            0x0800525f   Thumb Code    40  stm32f4xx_dma.o(.text)
    DMA_ITConfig                             0x08005287   Thumb Code    58  stm32f4xx_dma.o(.text)
    DMA_GetITStatus                          0x080052c1   Thumb Code    84  stm32f4xx_dma.o(.text)
    DMA_ClearITPendingBit                    0x08005315   Thumb Code    40  stm32f4xx_dma.o(.text)
    RCC_DeInit                               0x0800535d   Thumb Code    82  stm32f4xx_rcc.o(.text)
    RCC_HSEConfig                            0x080053af   Thumb Code    14  stm32f4xx_rcc.o(.text)
    RCC_GetFlagStatus                        0x080053bd   Thumb Code    60  stm32f4xx_rcc.o(.text)
    RCC_WaitForHSEStartUp                    0x080053f9   Thumb Code    56  stm32f4xx_rcc.o(.text)
    RCC_AdjustHSICalibrationValue            0x08005431   Thumb Code    20  stm32f4xx_rcc.o(.text)
    RCC_HSICmd                               0x08005445   Thumb Code     6  stm32f4xx_rcc.o(.text)
    RCC_LSEConfig                            0x0800544b   Thumb Code    46  stm32f4xx_rcc.o(.text)
    RCC_LSICmd                               0x08005479   Thumb Code     6  stm32f4xx_rcc.o(.text)
    RCC_PLLConfig                            0x0800547f   Thumb Code    32  stm32f4xx_rcc.o(.text)
    RCC_PLLCmd                               0x0800549f   Thumb Code     6  stm32f4xx_rcc.o(.text)
    RCC_PLLI2SConfig                         0x080054a5   Thumb Code    14  stm32f4xx_rcc.o(.text)
    RCC_PLLI2SCmd                            0x080054b3   Thumb Code     6  stm32f4xx_rcc.o(.text)
    RCC_PLLSAIConfig                         0x080054b9   Thumb Code    20  stm32f4xx_rcc.o(.text)
    RCC_PLLSAICmd                            0x080054cd   Thumb Code     6  stm32f4xx_rcc.o(.text)
    RCC_ClockSecuritySystemCmd               0x080054d3   Thumb Code     6  stm32f4xx_rcc.o(.text)
    RCC_MCO1Config                           0x080054d9   Thumb Code    28  stm32f4xx_rcc.o(.text)
    RCC_MCO2Config                           0x080054f5   Thumb Code    28  stm32f4xx_rcc.o(.text)
    RCC_SYSCLKConfig                         0x08005511   Thumb Code    20  stm32f4xx_rcc.o(.text)
    RCC_GetSYSCLKSource                      0x08005525   Thumb Code    12  stm32f4xx_rcc.o(.text)
    RCC_HCLKConfig                           0x08005531   Thumb Code    20  stm32f4xx_rcc.o(.text)
    RCC_PCLK1Config                          0x08005545   Thumb Code    20  stm32f4xx_rcc.o(.text)
    RCC_PCLK2Config                          0x08005559   Thumb Code    22  stm32f4xx_rcc.o(.text)
    RCC_GetClocksFreq                        0x0800556f   Thumb Code   222  stm32f4xx_rcc.o(.text)
    RCC_RTCCLKConfig                         0x0800564d   Thumb Code    54  stm32f4xx_rcc.o(.text)
    RCC_RTCCLKCmd                            0x08005683   Thumb Code     8  stm32f4xx_rcc.o(.text)
    RCC_BackupResetCmd                       0x0800568b   Thumb Code     8  stm32f4xx_rcc.o(.text)
    RCC_I2SCLKConfig                         0x08005693   Thumb Code     6  stm32f4xx_rcc.o(.text)
    RCC_SAIPLLI2SClkDivConfig                0x08005699   Thumb Code    26  stm32f4xx_rcc.o(.text)
    RCC_SAIPLLSAIClkDivConfig                0x080056b3   Thumb Code    28  stm32f4xx_rcc.o(.text)
    RCC_SAIBlockACLKConfig                   0x080056cf   Thumb Code    20  stm32f4xx_rcc.o(.text)
    RCC_SAIBlockBCLKConfig                   0x080056e3   Thumb Code    20  stm32f4xx_rcc.o(.text)
    RCC_LTDCCLKDivConfig                     0x080056f7   Thumb Code    20  stm32f4xx_rcc.o(.text)
    RCC_TIMCLKPresConfig                     0x0800570b   Thumb Code     6  stm32f4xx_rcc.o(.text)
    RCC_AHB1PeriphClockCmd                   0x08005711   Thumb Code    34  stm32f4xx_rcc.o(.text)
    RCC_AHB2PeriphClockCmd                   0x08005733   Thumb Code    78  stm32f4xx_rcc.o(.text)
    RCC_AHB3PeriphClockCmd                   0x08005781   Thumb Code    34  stm32f4xx_rcc.o(.text)
    RCC_APB1PeriphClockCmd                   0x080057a3   Thumb Code    34  stm32f4xx_rcc.o(.text)
    RCC_APB2PeriphClockCmd                   0x080057c5   Thumb Code    34  stm32f4xx_rcc.o(.text)
    RCC_AHB1PeriphResetCmd                   0x080057e7   Thumb Code    34  stm32f4xx_rcc.o(.text)
    RCC_AHB2PeriphResetCmd                   0x08005809   Thumb Code    34  stm32f4xx_rcc.o(.text)
    RCC_AHB3PeriphResetCmd                   0x0800582b   Thumb Code    34  stm32f4xx_rcc.o(.text)
    RCC_APB1PeriphResetCmd                   0x0800584d   Thumb Code    34  stm32f4xx_rcc.o(.text)
    RCC_APB2PeriphResetCmd                   0x0800586f   Thumb Code    34  stm32f4xx_rcc.o(.text)
    RCC_AHB1PeriphClockLPModeCmd             0x08005891   Thumb Code    34  stm32f4xx_rcc.o(.text)
    RCC_AHB2PeriphClockLPModeCmd             0x080058b3   Thumb Code    34  stm32f4xx_rcc.o(.text)
    RCC_AHB3PeriphClockLPModeCmd             0x080058d5   Thumb Code    34  stm32f4xx_rcc.o(.text)
    RCC_APB1PeriphClockLPModeCmd             0x080058f7   Thumb Code    34  stm32f4xx_rcc.o(.text)
    RCC_APB2PeriphClockLPModeCmd             0x08005919   Thumb Code    34  stm32f4xx_rcc.o(.text)
    RCC_LSEModeConfig                        0x0800593b   Thumb Code    40  stm32f4xx_rcc.o(.text)
    RCC_ITConfig                             0x08005963   Thumb Code    34  stm32f4xx_rcc.o(.text)
    RCC_ClearFlag                            0x08005985   Thumb Code    18  stm32f4xx_rcc.o(.text)
    RCC_GetITStatus                          0x08005997   Thumb Code    22  stm32f4xx_rcc.o(.text)
    RCC_ClearITPendingBit                    0x080059ad   Thumb Code     8  stm32f4xx_rcc.o(.text)
    USART_DeInit                             0x080059b9   Thumb Code   206  stm32f4xx_usart.o(.text)
    USART_Init                               0x08005a87   Thumb Code   204  stm32f4xx_usart.o(.text)
    USART_StructInit                         0x08005b53   Thumb Code    24  stm32f4xx_usart.o(.text)
    USART_ClockInit                          0x08005b6b   Thumb Code    32  stm32f4xx_usart.o(.text)
    USART_ClockStructInit                    0x08005b8b   Thumb Code    12  stm32f4xx_usart.o(.text)
    USART_Cmd                                0x08005b97   Thumb Code    24  stm32f4xx_usart.o(.text)
    USART_SetPrescaler                       0x08005baf   Thumb Code    16  stm32f4xx_usart.o(.text)
    USART_OverSampling8Cmd                   0x08005bbf   Thumb Code    22  stm32f4xx_usart.o(.text)
    USART_OneBitMethodCmd                    0x08005bd5   Thumb Code    24  stm32f4xx_usart.o(.text)
    USART_SendData                           0x08005bed   Thumb Code     8  stm32f4xx_usart.o(.text)
    USART_ReceiveData                        0x08005bf5   Thumb Code    10  stm32f4xx_usart.o(.text)
    USART_SetAddress                         0x08005bff   Thumb Code    18  stm32f4xx_usart.o(.text)
    USART_ReceiverWakeUpCmd                  0x08005c11   Thumb Code    24  stm32f4xx_usart.o(.text)
    USART_WakeUpConfig                       0x08005c29   Thumb Code    18  stm32f4xx_usart.o(.text)
    USART_LINBreakDetectLengthConfig         0x08005c3b   Thumb Code    18  stm32f4xx_usart.o(.text)
    USART_LINCmd                             0x08005c4d   Thumb Code    24  stm32f4xx_usart.o(.text)
    USART_SendBreak                          0x08005c65   Thumb Code    10  stm32f4xx_usart.o(.text)
    USART_HalfDuplexCmd                      0x08005c6f   Thumb Code    24  stm32f4xx_usart.o(.text)
    USART_SetGuardTime                       0x08005c87   Thumb Code    16  stm32f4xx_usart.o(.text)
    USART_SmartCardCmd                       0x08005c97   Thumb Code    24  stm32f4xx_usart.o(.text)
    USART_SmartCardNACKCmd                   0x08005caf   Thumb Code    24  stm32f4xx_usart.o(.text)
    USART_IrDAConfig                         0x08005cc7   Thumb Code    18  stm32f4xx_usart.o(.text)
    USART_IrDACmd                            0x08005cd9   Thumb Code    24  stm32f4xx_usart.o(.text)
    USART_DMACmd                             0x08005cf1   Thumb Code    18  stm32f4xx_usart.o(.text)
    USART_ITConfig                           0x08005d03   Thumb Code    74  stm32f4xx_usart.o(.text)
    USART_GetFlagStatus                      0x08005d4d   Thumb Code    26  stm32f4xx_usart.o(.text)
    USART_ClearFlag                          0x08005d67   Thumb Code    18  stm32f4xx_usart.o(.text)
    USART_GetITStatus                        0x08005d79   Thumb Code   118  stm32f4xx_usart.o(.text)
    USART_ClearITPendingBit                  0x08005def   Thumb Code    30  stm32f4xx_usart.o(.text)
    TIM_DeInit                               0x08005e0d   Thumb Code   346  stm32f4xx_tim.o(.text)
    TIM_TimeBaseInit                         0x08005f67   Thumb Code   104  stm32f4xx_tim.o(.text)
    TIM_TimeBaseStructInit                   0x08005fcf   Thumb Code    18  stm32f4xx_tim.o(.text)
    TIM_PrescalerConfig                      0x08005fe1   Thumb Code     6  stm32f4xx_tim.o(.text)
    TIM_CounterModeConfig                    0x08005fe7   Thumb Code    18  stm32f4xx_tim.o(.text)
    TIM_SetCounter                           0x08005ff9   Thumb Code     4  stm32f4xx_tim.o(.text)
    TIM_SetAutoreload                        0x08005ffd   Thumb Code     4  stm32f4xx_tim.o(.text)
    TIM_GetCounter                           0x08006001   Thumb Code     6  stm32f4xx_tim.o(.text)
    TIM_GetPrescaler                         0x08006007   Thumb Code     6  stm32f4xx_tim.o(.text)
    TIM_UpdateDisableConfig                  0x0800600d   Thumb Code    24  stm32f4xx_tim.o(.text)
    TIM_UpdateRequestConfig                  0x08006025   Thumb Code    24  stm32f4xx_tim.o(.text)
    TIM_ARRPreloadConfig                     0x0800603d   Thumb Code    24  stm32f4xx_tim.o(.text)
    TIM_SelectOnePulseMode                   0x08006055   Thumb Code    18  stm32f4xx_tim.o(.text)
    TIM_SetClockDivision                     0x08006067   Thumb Code    18  stm32f4xx_tim.o(.text)
    TIM_Cmd                                  0x08006079   Thumb Code    24  stm32f4xx_tim.o(.text)
    TIM_OC1Init                              0x08006091   Thumb Code   114  stm32f4xx_tim.o(.text)
    TIM_OC2Init                              0x08006103   Thumb Code   154  stm32f4xx_tim.o(.text)
    TIM_OC3Init                              0x0800619d   Thumb Code   204  stm32f4xx_tim.o(.text)
    TIM_OC4Init                              0x08006269   Thumb Code   112  stm32f4xx_tim.o(.text)
    TIM_OCStructInit                         0x080062d9   Thumb Code    20  stm32f4xx_tim.o(.text)
    TIM_SelectOCxM                           0x080062ed   Thumb Code    86  stm32f4xx_tim.o(.text)
    TIM_SetCompare1                          0x08006343   Thumb Code     4  stm32f4xx_tim.o(.text)
    TIM_SetCompare2                          0x08006347   Thumb Code     4  stm32f4xx_tim.o(.text)
    TIM_SetCompare3                          0x0800634b   Thumb Code     4  stm32f4xx_tim.o(.text)
    TIM_SetCompare4                          0x0800634f   Thumb Code     4  stm32f4xx_tim.o(.text)
    TIM_ForcedOC1Config                      0x08006353   Thumb Code    18  stm32f4xx_tim.o(.text)
    TIM_ForcedOC2Config                      0x08006365   Thumb Code    26  stm32f4xx_tim.o(.text)
    TIM_ForcedOC3Config                      0x0800637f   Thumb Code    18  stm32f4xx_tim.o(.text)
    TIM_ForcedOC4Config                      0x08006391   Thumb Code    26  stm32f4xx_tim.o(.text)
    TIM_OC1PreloadConfig                     0x080063ab   Thumb Code    18  stm32f4xx_tim.o(.text)
    TIM_OC2PreloadConfig                     0x080063bd   Thumb Code    26  stm32f4xx_tim.o(.text)
    TIM_OC3PreloadConfig                     0x080063d7   Thumb Code    18  stm32f4xx_tim.o(.text)
    TIM_OC4PreloadConfig                     0x080063e9   Thumb Code    26  stm32f4xx_tim.o(.text)
    TIM_OC1FastConfig                        0x08006403   Thumb Code    18  stm32f4xx_tim.o(.text)
    TIM_OC2FastConfig                        0x08006415   Thumb Code    26  stm32f4xx_tim.o(.text)
    TIM_OC3FastConfig                        0x0800642f   Thumb Code    18  stm32f4xx_tim.o(.text)
    TIM_OC4FastConfig                        0x08006441   Thumb Code    26  stm32f4xx_tim.o(.text)
    TIM_ClearOC1Ref                          0x0800645b   Thumb Code    18  stm32f4xx_tim.o(.text)
    TIM_ClearOC2Ref                          0x0800646d   Thumb Code    24  stm32f4xx_tim.o(.text)
    TIM_ClearOC3Ref                          0x08006485   Thumb Code    18  stm32f4xx_tim.o(.text)
    TIM_ClearOC4Ref                          0x08006497   Thumb Code    24  stm32f4xx_tim.o(.text)
    TIM_OC1PolarityConfig                    0x080064af   Thumb Code    18  stm32f4xx_tim.o(.text)
    TIM_OC1NPolarityConfig                   0x080064c1   Thumb Code    18  stm32f4xx_tim.o(.text)
    TIM_OC2PolarityConfig                    0x080064d3   Thumb Code    26  stm32f4xx_tim.o(.text)
    TIM_OC2NPolarityConfig                   0x080064ed   Thumb Code    26  stm32f4xx_tim.o(.text)
    TIM_OC3PolarityConfig                    0x08006507   Thumb Code    26  stm32f4xx_tim.o(.text)
    TIM_OC3NPolarityConfig                   0x08006521   Thumb Code    26  stm32f4xx_tim.o(.text)
    TIM_OC4PolarityConfig                    0x0800653b   Thumb Code    26  stm32f4xx_tim.o(.text)
    TIM_CCxCmd                               0x08006555   Thumb Code    30  stm32f4xx_tim.o(.text)
    TIM_CCxNCmd                              0x08006573   Thumb Code    30  stm32f4xx_tim.o(.text)
    TIM_SetIC4Prescaler                      0x08006591   Thumb Code    26  stm32f4xx_tim.o(.text)
    TIM_SetIC3Prescaler                      0x080065fb   Thumb Code    18  stm32f4xx_tim.o(.text)
    TIM_SetIC2Prescaler                      0x08006655   Thumb Code    26  stm32f4xx_tim.o(.text)
    TIM_SetIC1Prescaler                      0x080066c9   Thumb Code    18  stm32f4xx_tim.o(.text)
    TIM_ICInit                               0x08006715   Thumb Code   110  stm32f4xx_tim.o(.text)
    TIM_ICStructInit                         0x08006783   Thumb Code    18  stm32f4xx_tim.o(.text)
    TIM_PWMIConfig                           0x08006795   Thumb Code   124  stm32f4xx_tim.o(.text)
    TIM_GetCapture1                          0x08006811   Thumb Code     6  stm32f4xx_tim.o(.text)
    TIM_GetCapture2                          0x08006817   Thumb Code     6  stm32f4xx_tim.o(.text)
    TIM_GetCapture3                          0x0800681d   Thumb Code     6  stm32f4xx_tim.o(.text)
    TIM_GetCapture4                          0x08006823   Thumb Code     6  stm32f4xx_tim.o(.text)
    TIM_BDTRConfig                           0x08006829   Thumb Code    32  stm32f4xx_tim.o(.text)
    TIM_BDTRStructInit                       0x08006849   Thumb Code    18  stm32f4xx_tim.o(.text)
    TIM_CtrlPWMOutputs                       0x0800685b   Thumb Code    30  stm32f4xx_tim.o(.text)
    TIM_SelectCOM                            0x08006879   Thumb Code    24  stm32f4xx_tim.o(.text)
    TIM_CCPreloadControl                     0x08006891   Thumb Code    24  stm32f4xx_tim.o(.text)
    TIM_ITConfig                             0x080068a9   Thumb Code    18  stm32f4xx_tim.o(.text)
    TIM_GenerateEvent                        0x080068bb   Thumb Code     4  stm32f4xx_tim.o(.text)
    TIM_GetFlagStatus                        0x080068bf   Thumb Code    18  stm32f4xx_tim.o(.text)
    TIM_ClearFlag                            0x080068d1   Thumb Code     6  stm32f4xx_tim.o(.text)
    TIM_GetITStatus                          0x080068d7   Thumb Code    34  stm32f4xx_tim.o(.text)
    TIM_ClearITPendingBit                    0x080068f9   Thumb Code     6  stm32f4xx_tim.o(.text)
    TIM_DMAConfig                            0x080068ff   Thumb Code    10  stm32f4xx_tim.o(.text)
    TIM_DMACmd                               0x08006909   Thumb Code    18  stm32f4xx_tim.o(.text)
    TIM_SelectCCDMA                          0x0800691b   Thumb Code    24  stm32f4xx_tim.o(.text)
    TIM_InternalClockConfig                  0x08006933   Thumb Code    12  stm32f4xx_tim.o(.text)
    TIM_SelectInputTrigger                   0x0800693f   Thumb Code    18  stm32f4xx_tim.o(.text)
    TIM_ITRxExternalClockConfig              0x08006951   Thumb Code    24  stm32f4xx_tim.o(.text)
    TIM_TIxExternalClockConfig               0x08006969   Thumb Code    62  stm32f4xx_tim.o(.text)
    TIM_ETRConfig                            0x080069a7   Thumb Code    28  stm32f4xx_tim.o(.text)
    TIM_ETRClockMode1Config                  0x080069c3   Thumb Code    54  stm32f4xx_tim.o(.text)
    TIM_ETRClockMode2Config                  0x080069f9   Thumb Code    32  stm32f4xx_tim.o(.text)
    TIM_SelectOutputTrigger                  0x08006a19   Thumb Code    18  stm32f4xx_tim.o(.text)
    TIM_SelectSlaveMode                      0x08006a2b   Thumb Code    18  stm32f4xx_tim.o(.text)
    TIM_SelectMasterSlaveMode                0x08006a3d   Thumb Code    18  stm32f4xx_tim.o(.text)
    TIM_EncoderInterfaceConfig               0x08006a4f   Thumb Code    66  stm32f4xx_tim.o(.text)
    TIM_SelectHallSensor                     0x08006a91   Thumb Code    24  stm32f4xx_tim.o(.text)
    TIM_RemapConfig                          0x08006aa9   Thumb Code     6  stm32f4xx_tim.o(.text)
    SPI_I2S_DeInit                           0x08006ab1   Thumb Code   152  stm32f4xx_spi.o(.text)
    SPI_Init                                 0x08006b49   Thumb Code    60  stm32f4xx_spi.o(.text)
    I2S_Init                                 0x08006b85   Thumb Code   396  stm32f4xx_spi.o(.text)
    SPI_StructInit                           0x08006d11   Thumb Code    24  stm32f4xx_spi.o(.text)
    I2S_StructInit                           0x08006d29   Thumb Code    20  stm32f4xx_spi.o(.text)
    SPI_Cmd                                  0x08006d3d   Thumb Code    24  stm32f4xx_spi.o(.text)
    I2S_Cmd                                  0x08006d55   Thumb Code    24  stm32f4xx_spi.o(.text)
    SPI_DataSizeConfig                       0x08006d6d   Thumb Code    18  stm32f4xx_spi.o(.text)
    SPI_BiDirectionalLineConfig              0x08006d7f   Thumb Code    28  stm32f4xx_spi.o(.text)
    SPI_NSSInternalSoftwareConfig            0x08006d9b   Thumb Code    30  stm32f4xx_spi.o(.text)
    SPI_SSOutputCmd                          0x08006db9   Thumb Code    24  stm32f4xx_spi.o(.text)
    SPI_TIModeCmd                            0x08006dd1   Thumb Code    24  stm32f4xx_spi.o(.text)
    I2S_FullDuplexConfig                     0x08006de9   Thumb Code    80  stm32f4xx_spi.o(.text)
    SPI_I2S_ReceiveData                      0x08006e39   Thumb Code     6  stm32f4xx_spi.o(.text)
    SPI_I2S_SendData                         0x08006e3f   Thumb Code     4  stm32f4xx_spi.o(.text)
    SPI_CalculateCRC                         0x08006e43   Thumb Code    24  stm32f4xx_spi.o(.text)
    SPI_TransmitCRC                          0x08006e5b   Thumb Code    10  stm32f4xx_spi.o(.text)
    SPI_GetCRC                               0x08006e65   Thumb Code    16  stm32f4xx_spi.o(.text)
    SPI_GetCRCPolynomial                     0x08006e75   Thumb Code     6  stm32f4xx_spi.o(.text)
    SPI_I2S_DMACmd                           0x08006e7b   Thumb Code    18  stm32f4xx_spi.o(.text)
    SPI_I2S_ITConfig                         0x08006e8d   Thumb Code    68  stm32f4xx_spi.o(.text)
    SPI_I2S_GetFlagStatus                    0x08006ed1   Thumb Code    18  stm32f4xx_spi.o(.text)
    SPI_I2S_ClearFlag                        0x08006ee3   Thumb Code     6  stm32f4xx_spi.o(.text)
    SPI_I2S_GetITStatus                      0x08006ee9   Thumb Code    52  stm32f4xx_spi.o(.text)
    SPI_I2S_ClearITPendingBit                0x08006f1d   Thumb Code    20  stm32f4xx_spi.o(.text)
    SDIO_DeInit                              0x08006f31   Thumb Code    22  stm32f4xx_sdio.o(.text)
    SDIO_Init                                0x08006f47   Thumb Code    42  stm32f4xx_sdio.o(.text)
    SDIO_StructInit                          0x08006f71   Thumb Code    16  stm32f4xx_sdio.o(.text)
    SDIO_ClockCmd                            0x08006f81   Thumb Code     6  stm32f4xx_sdio.o(.text)
    SDIO_SetPowerState                       0x08006f87   Thumb Code     8  stm32f4xx_sdio.o(.text)
    SDIO_GetPowerState                       0x08006f8f   Thumb Code    12  stm32f4xx_sdio.o(.text)
    SDIO_SendCommand                         0x08006f9b   Thumb Code    42  stm32f4xx_sdio.o(.text)
    SDIO_CmdStructInit                       0x08006fc5   Thumb Code    14  stm32f4xx_sdio.o(.text)
    SDIO_GetCommandResponse                  0x08006fd3   Thumb Code    10  stm32f4xx_sdio.o(.text)
    SDIO_GetResponse                         0x08006fdd   Thumb Code    22  stm32f4xx_sdio.o(.text)
    SDIO_DataConfig                          0x08006ff3   Thumb Code    48  stm32f4xx_sdio.o(.text)
    SDIO_DataStructInit                      0x08007023   Thumb Code    20  stm32f4xx_sdio.o(.text)
    SDIO_GetDataCounter                      0x08007037   Thumb Code     8  stm32f4xx_sdio.o(.text)
    SDIO_ReadData                            0x0800703f   Thumb Code     8  stm32f4xx_sdio.o(.text)
    SDIO_WriteData                           0x08007047   Thumb Code     8  stm32f4xx_sdio.o(.text)
    SDIO_GetFIFOCount                        0x0800704f   Thumb Code     8  stm32f4xx_sdio.o(.text)
    SDIO_StartSDIOReadWait                   0x08007057   Thumb Code     6  stm32f4xx_sdio.o(.text)
    SDIO_StopSDIOReadWait                    0x0800705d   Thumb Code     8  stm32f4xx_sdio.o(.text)
    SDIO_SetSDIOReadWaitMode                 0x08007065   Thumb Code     8  stm32f4xx_sdio.o(.text)
    SDIO_SetSDIOOperation                    0x0800706d   Thumb Code     8  stm32f4xx_sdio.o(.text)
    SDIO_SendSDIOSuspendCmd                  0x08007075   Thumb Code     6  stm32f4xx_sdio.o(.text)
    SDIO_CommandCompletionCmd                0x0800707b   Thumb Code     8  stm32f4xx_sdio.o(.text)
    SDIO_CEATAITCmd                          0x08007083   Thumb Code    12  stm32f4xx_sdio.o(.text)
    SDIO_SendCEATACmd                        0x0800708f   Thumb Code     8  stm32f4xx_sdio.o(.text)
    SDIO_DMACmd                              0x08007097   Thumb Code     8  stm32f4xx_sdio.o(.text)
    SDIO_ITConfig                            0x0800709f   Thumb Code    34  stm32f4xx_sdio.o(.text)
    SDIO_GetFlagStatus                       0x080070c1   Thumb Code    22  stm32f4xx_sdio.o(.text)
    SDIO_ClearFlag                           0x080070d7   Thumb Code     8  stm32f4xx_sdio.o(.text)
    SDIO_GetITStatus                         0x080070df   Thumb Code    22  stm32f4xx_sdio.o(.text)
    SDIO_ClearITPendingBit                   0x080070f5   Thumb Code     8  stm32f4xx_sdio.o(.text)
    usmart_sys_cmd_exe                       0x0800710d   Thumb Code  1554  usmart.o(.text)
    usmart_reset_runtime                     0x0800771f   Thumb Code    38  usmart.o(.text)
    usmart_get_runtime                       0x08007745   Thumb Code    60  usmart.o(.text)
    TIM4_IRQHandler                          0x08007781   Thumb Code    46  usmart.o(.text)
    Timer4_Init                              0x080077af   Thumb Code    86  usmart.o(.text)
    usmart_init                              0x08007805   Thumb Code    36  usmart.o(.text)
    usmart_cmd_rec                           0x08007829   Thumb Code   170  usmart.o(.text)
    usmart_exe                               0x080078d3   Thumb Code   868  usmart.o(.text)
    usmart_scan                              0x08007c37   Thumb Code   120  usmart.o(.text)
    read_addr                                0x08007caf   Thumb Code     6  usmart.o(.text)
    write_addr                               0x08007cb5   Thumb Code     4  usmart.o(.text)
    usmart_strcmp                            0x08007d41   Thumb Code    34  usmart_str.o(.text)
    usmart_strcopy                           0x08007d63   Thumb Code    22  usmart_str.o(.text)
    usmart_strlen                            0x08007d79   Thumb Code    24  usmart_str.o(.text)
    usmart_pow                               0x08007d91   Thumb Code    22  usmart_str.o(.text)
    usmart_str2num                           0x08007da7   Thumb Code   202  usmart_str.o(.text)
    usmart_get_cmdname                       0x08007e71   Thumb Code    54  usmart_str.o(.text)
    usmart_search_nextc                      0x08007ea7   Thumb Code    22  usmart_str.o(.text)
    usmart_get_fname                         0x08007ebd   Thumb Code   440  usmart_str.o(.text)
    usmart_get_aparm                         0x08008075   Thumb Code   200  usmart_str.o(.text)
    usmart_get_parmpos                       0x0800813d   Thumb Code    26  usmart_str.o(.text)
    usmart_get_fparam                        0x08008157   Thumb Code   262  usmart_str.o(.text)
    disk_initialize                          0x08008269   Thumb Code    52  diskio.o(.text)
    disk_status                              0x0800829d   Thumb Code     6  diskio.o(.text)
    disk_read                                0x080082a3   Thumb Code   122  diskio.o(.text)
    disk_write                               0x0800831d   Thumb Code   122  diskio.o(.text)
    disk_ioctl                               0x08008397   Thumb Code   170  diskio.o(.text)
    get_fattime                              0x08008441   Thumb Code     4  diskio.o(.text)
    ff_memalloc                              0x08008445   Thumb Code    14  diskio.o(.text)
    ff_memfree                               0x08008453   Thumb Code    14  diskio.o(.text)
    clust2sect                               0x08008617   Thumb Code    26  ff.o(.text)
    get_fat                                  0x08008631   Thumb Code   232  ff.o(.text)
    put_fat                                  0x08008719   Thumb Code   310  ff.o(.text)
    dir_sdi                                  0x080089c3   Thumb Code   158  ff.o(.text)
    f_mount                                  0x08009a35   Thumb Code    86  ff.o(.text)
    f_open                                   0x08009a8b   Thumb Code   384  ff.o(.text)
    f_read                                   0x08009c0b   Thumb Code   448  ff.o(.text)
    f_write                                  0x08009dcb   Thumb Code   490  ff.o(.text)
    f_sync                                   0x08009fb5   Thumb Code   176  ff.o(.text)
    f_close                                  0x0800a065   Thumb Code    36  ff.o(.text)
    f_lseek                                  0x0800a089   Thumb Code   654  ff.o(.text)
    f_opendir                                0x0800a317   Thumb Code   136  ff.o(.text)
    f_closedir                               0x0800a39f   Thumb Code    22  ff.o(.text)
    f_readdir                                0x0800a3b5   Thumb Code   114  ff.o(.text)
    f_stat                                   0x0800a427   Thumb Code    84  ff.o(.text)
    f_getfree                                0x0800a47b   Thumb Code   258  ff.o(.text)
    f_truncate                               0x0800a57d   Thumb Code   184  ff.o(.text)
    f_unlink                                 0x0800a635   Thumb Code   194  ff.o(.text)
    f_mkdir                                  0x0800a6f7   Thumb Code   380  ff.o(.text)
    f_chmod                                  0x0800a873   Thumb Code   112  ff.o(.text)
    f_utime                                  0x0800a8e3   Thumb Code   110  ff.o(.text)
    f_rename                                 0x0800a951   Thumb Code   314  ff.o(.text)
    f_getlabel                               0x0800aa8b   Thumb Code   190  ff.o(.text)
    f_setlabel                               0x0800ab49   Thumb Code   470  ff.o(.text)
    f_mkfs                                   0x0800ad1f   Thumb Code  1570  ff.o(.text)
    f_gets                                   0x0800b341   Thumb Code    82  ff.o(.text)
    f_putc                                   0x0800b3d7   Thumb Code    64  ff.o(.text)
    f_puts                                   0x0800b417   Thumb Code    74  ff.o(.text)
    f_printf                                 0x0800b461   Thumb Code   674  ff.o(.text)
    ff_convert                               0x0800b705   Thumb Code   116  cc936.o(.text)
    ff_wtoupper                              0x0800b779   Thumb Code    46  cc936.o(.text)
    exfuns_init                              0x0800b7b9   Thumb Code   114  exfuns.o(.text)
    char_upper                               0x0800b82b   Thumb Code    26  exfuns.o(.text)
    f_typetell                               0x0800b845   Thumb Code   172  exfuns.o(.text)
    exf_getfree                              0x0800b8f1   Thumb Code    74  exfuns.o(.text)
    mymemcpy                                 0x0800b951   Thumb Code    26  malloc.o(.text)
    mymemset                                 0x0800b96b   Thumb Code    20  malloc.o(.text)
    my_mem_init                              0x0800b97f   Thumb Code    54  malloc.o(.text)
    my_mem_perused                           0x0800b9b5   Thumb Code    54  malloc.o(.text)
    my_mem_malloc                            0x0800b9eb   Thumb Code   154  malloc.o(.text)
    my_mem_free                              0x0800ba85   Thumb Code    94  malloc.o(.text)
    myfree                                   0x0800bae3   Thumb Code    32  malloc.o(.text)
    mymalloc                                 0x0800bb03   Thumb Code    36  malloc.o(.text)
    myrealloc                                0x0800bb27   Thumb Code    68  malloc.o(.text)
    __use_no_semihosting                     0x0800bb7d   Thumb Code     2  use_no_semi_2.o(.text)
    __aeabi_ldivmod                          0x0800bb7f   Thumb Code     0  llsdiv.o(.text)
    _ll_sdiv                                 0x0800bb7f   Thumb Code    72  llsdiv.o(.text)
    __2printf                                0x0800bbc9   Thumb Code    20  noretval__2printf.o(.text)
    _printf_pre_padding                      0x0800bbe1   Thumb Code    44  _printf_pad.o(.text)
    _printf_post_padding                     0x0800bc0d   Thumb Code    34  _printf_pad.o(.text)
    _printf_str                              0x0800bc2f   Thumb Code    82  _printf_str.o(.text)
    _printf_int_dec                          0x0800bc81   Thumb Code   104  _printf_dec.o(.text)
    _printf_int_hex                          0x0800bcf9   Thumb Code    84  _printf_hex_int.o(.text)
    _printf_longlong_hex                     0x0800bcf9   Thumb Code     0  _printf_hex_int.o(.text)
    __printf                                 0x0800bd51   Thumb Code   388  __printf_flags_ss_wp.o(.text)
    strcpy                                   0x0800bed9   Thumb Code    72  strcpy.o(.text)
    __aeabi_memcpy                           0x0800bf21   Thumb Code     0  rt_memcpy_v6.o(.text)
    __rt_memcpy                              0x0800bf21   Thumb Code   138  rt_memcpy_v6.o(.text)
    _memcpy_lastbytes                        0x0800bf87   Thumb Code     0  rt_memcpy_v6.o(.text)
    strcmp                                   0x0800bfad   Thumb Code   128  strcmpv7m.o(.text)
    __use_two_region_memory                  0x0800c02d   Thumb Code     2  heapauxi.o(.text)
    __rt_heap_escrow$2region                 0x0800c02f   Thumb Code     2  heapauxi.o(.text)
    __rt_heap_expand$2region                 0x0800c031   Thumb Code     2  heapauxi.o(.text)
    __I$use$semihosting                      0x0800c033   Thumb Code     0  use_no_semi.o(.text)
    __use_no_semihosting_swi                 0x0800c033   Thumb Code     2  use_no_semi.o(.text)
    __aeabi_uldivmod                         0x0800c035   Thumb Code     0  lludivv7m.o(.text)
    _ll_udiv                                 0x0800c035   Thumb Code   238  lludivv7m.o(.text)
    _printf_int_common                       0x0800c123   Thumb Code   178  _printf_intcommon.o(.text)
    _printf_cs_common                        0x0800c1d5   Thumb Code    20  _printf_char.o(.text)
    _printf_char                             0x0800c1e9   Thumb Code    16  _printf_char.o(.text)
    _printf_string                           0x0800c1f9   Thumb Code     8  _printf_char.o(.text)
    _printf_char_file                        0x0800c201   Thumb Code    32  _printf_char_file.o(.text)
    __aeabi_memcpy4                          0x0800c225   Thumb Code     0  rt_memcpy_w.o(.text)
    __aeabi_memcpy8                          0x0800c225   Thumb Code     0  rt_memcpy_w.o(.text)
    __rt_memcpy_w                            0x0800c225   Thumb Code   100  rt_memcpy_w.o(.text)
    _memcpy_lastbytes_aligned                0x0800c26d   Thumb Code     0  rt_memcpy_w.o(.text)
    _printf_char_common                      0x0800c293   Thumb Code    32  _printf_char_common.o(.text)
    ferror                                   0x0800c2b9   Thumb Code     8  ferror.o(.text)
    __user_setup_stackheap                   0x0800c2c1   Thumb Code    74  sys_stackheap_outer.o(.text)
    exit                                     0x0800c30b   Thumb Code    18  exit.o(.text)
    __user_libspace                          0x0800c31d   Thumb Code     8  libspace.o(.text)
    __user_perproc_libspace                  0x0800c31d   Thumb Code     0  libspace.o(.text)
    __user_perthread_libspace                0x0800c31d   Thumb Code     0  libspace.o(.text)
    _is_digit                                0x0800c325   Thumb Code    14  __printf_wp.o(i._is_digit)
    _fp_init                                 0x0800c333   Thumb Code    10  fpinit.o(x$fpl$fpinit)
    __fplib_config_fpu_vfp                   0x0800c33b   Thumb Code     0  fpinit.o(x$fpl$fpinit)
    __fplib_config_pureend_doubles           0x0800c33b   Thumb Code     0  fpinit.o(x$fpl$fpinit)
    ov2640_sxga_init_reg_tbl                 0x0800c33c   Data         356  ov2640.o(.constdata)
    ov2640_svga_init_reg_tbl                 0x0800c4a0   Data         354  ov2640.o(.constdata)
    ov2640_jpeg_reg_tbl                      0x0800c602   Data          14  ov2640.o(.constdata)
    ov2640_rgb565_reg_tbl                    0x0800c610   Data          28  ov2640.o(.constdata)
    ov2640_yuv422_reg_tbl                    0x0800c62c   Data          16  ov2640.o(.constdata)
    char_1206                                0x0800c664   Data        1140  lcd.o(.constdata)
    char_1608                                0x0800cad8   Data        1520  lcd.o(.constdata)
    char_2412                                0x0800d0c8   Data        4560  lcd.o(.constdata)
    FSMC_DefaultTimingStruct                 0x0800e298   Data          28  stm32f4xx_fsmc.o(.constdata)
    FILE_TYPE_TBL                            0x08038fb8   Data         112  exfuns.o(.constdata)
    memtblsize                               0x08039028   Data          12  malloc.o(.constdata)
    memblksize                               0x08039034   Data          12  malloc.o(.constdata)
    memsize                                  0x08039040   Data          12  malloc.o(.constdata)
    Region$$Table$$Base                      0x08039408   Number         0  anon$$obj.o(Region$$Table)
    Region$$Table$$Limit                     0x08039428   Number         0  anon$$obj.o(Region$$Table)
    mem3base                                 0x10000000   Data       61440  malloc.o(.ARM.__AT_0x10000000)
    mem3mapbase                              0x1000f000   Data        3840  malloc.o(.ARM.__AT_0x1000F000)
    res                                      0x20000000   Data           1  main.o(.data)
    bww                                      0x20000004   Data           4  main.o(.data)
    SystemCoreClock                          0x20000008   Data           4  system_stm32f4xx.o(.data)
    AHBPrescTable                            0x2000000c   Data          16  system_stm32f4xx.o(.data)
    BRUSH_COLOR                              0x2000001e   Data           2  lcd.o(.data)
    BACK_COLOR                               0x20000020   Data           2  lcd.o(.data)
    lcd_id                                   0x20000022   Data           2  lcd.o(.data)
    dir_flag                                 0x20000024   Data           1  lcd.o(.data)
    lcd_width                                0x20000026   Data           2  lcd.o(.data)
    lcd_height                               0x20000028   Data           2  lcd.o(.data)
    write_gramcmd                            0x2000002a   Data           2  lcd.o(.data)
    setxcmd                                  0x2000002c   Data           2  lcd.o(.data)
    setycmd                                  0x2000002e   Data           2  lcd.o(.data)
    W25QXX_TYPE                              0x20000030   Data           2  w25qxx.o(.data)
    TransferError                            0x2000003e   Data           1  sdio_sdcard.o(.data)
    TransferEnd                              0x2000003f   Data           1  sdio_sdcard.o(.data)
    tempbuff                                 0x20000040   Data           4  sdio_sdcard.o(.data)
    __stdout                                 0x20000048   Data           4  usart.o(.data)
    USART_RX_STA                             0x2000004c   Data           2  usart.o(.data)
    sys_cmd_tab                              0x20000060   Data          28  usmart.o(.data)
    usmart_nametab                           0x2000007c   Data         168  usmart_config.o(.data)
    usmart_dev                               0x20000124   Data         244  usmart_config.o(.data)
    FLASH_SECTOR_COUNT                       0x20000218   Data           2  diskio.o(.data)
    file                                     0x2000021c   Data           4  exfuns.o(.data)
    ftemp                                    0x20000220   Data           4  exfuns.o(.data)
    br                                       0x20000224   Data           4  exfuns.o(.data)
    bw                                       0x20000228   Data           4  exfuns.o(.data)
    fatbuf                                   0x2000022c   Data           4  exfuns.o(.data)
    mallco_dev                               0x20000230   Data          36  malloc.o(.data)
    fil                                      0x20000254   Data         552  main.o(.bss)
    buf                                      0x2000047c   Data         100  main.o(.bss)
    DCMI_InitStructure                       0x200004e0   Data          14  dcmi.o(.bss)
    W25QXX_BUFFER                            0x200004ee   Data        4096  w25qxx.o(.bss)
    SDIO_InitStructure                       0x200014f0   Data          24  sdio_sdcard.o(.bss)
    SDIO_CmdInitStructure                    0x20001508   Data          20  sdio_sdcard.o(.bss)
    SDIO_DataInitStructure                   0x2000151c   Data          24  sdio_sdcard.o(.bss)
    SDCardInfo                               0x20001558   Data          88  sdio_sdcard.o(.bss)
    SDIO_DATA_BUFFER                         0x200015b0   Data         512  sdio_sdcard.o(.bss)
    USART_RX_BUF                             0x200017b0   Data         200  usart.o(.bss)
    fs                                       0x20001884   Data          12  exfuns.o(.bss)
    fileinfo                                 0x20001890   Data          32  exfuns.o(.bss)
    dir                                      0x200018b0   Data          36  exfuns.o(.bss)
    mem1base                                 0x200018e0   Data       102400  malloc.o(.bss)
    mem1mapbase                              0x2001a8e0   Data        6400  malloc.o(.bss)
    __libspace_start                         0x2001c1e0   Data          96  libspace.o(.bss)
    __temporary_stack_top$libspace           0x2001c240   Data           0  libspace.o(.bss)
    mem2base                                 0x68000000   Data       983040  malloc.o(.ARM.__AT_0x68000000)
    mem2mapbase                              0x680f0000   Data       61440  malloc.o(.ARM.__AT_0x680F0000)



==============================================================================

Memory Map of the image

  Image Entry point : 0x08000189

  Load Region LR_IROM1 (Base: 0x08000000, Size: 0x0003967c, Max: 0x00100000, ABSOLUTE, COMPRESSED[0x0003951c])

    Execution Region ER_IROM1 (Exec base: 0x08000000, Load base: 0x08000000, Size: 0x00039428, Max: 0x00100000, ABSOLUTE)

    Exec Addr    Load Addr    Size         Type   Attr      Idx    E Section Name        Object

    0x08000000   0x08000000   0x00000188   Data   RO          649    RESET               startup_stm32f40_41xxx.o
    0x08000188   0x08000188   0x00000008   Code   RO         1199  * !!!main             c_w.l(__main.o)
    0x08000190   0x08000190   0x00000034   Code   RO         1387    !!!scatter          c_w.l(__scatter.o)
    0x080001c4   0x080001c4   0x0000005a   Code   RO         1385    !!dczerorl2         c_w.l(__dczerorl2.o)
    0x0800021e   0x0800021e   0x00000002   PAD
    0x08000220   0x08000220   0x0000001c   Code   RO         1389    !!handler_zi        c_w.l(__scatter_zi.o)
    0x0800023c   0x0800023c   0x00000000   Code   RO         1190    .ARM.Collect$$_printf_percent$$00000000  c_w.l(_printf_percent.o)
    0x0800023c   0x0800023c   0x00000006   Code   RO         1188    .ARM.Collect$$_printf_percent$$00000009  c_w.l(_printf_d.o)
    0x08000242   0x08000242   0x00000006   Code   RO         1189    .ARM.Collect$$_printf_percent$$0000000A  c_w.l(_printf_u.o)
    0x08000248   0x08000248   0x00000006   Code   RO         1187    .ARM.Collect$$_printf_percent$$0000000C  c_w.l(_printf_x.o)
    0x0800024e   0x0800024e   0x00000006   Code   RO         1185    .ARM.Collect$$_printf_percent$$00000013  c_w.l(_printf_c.o)
    0x08000254   0x08000254   0x00000006   Code   RO         1186    .ARM.Collect$$_printf_percent$$00000014  c_w.l(_printf_s.o)
    0x0800025a   0x0800025a   0x00000004   Code   RO         1212    .ARM.Collect$$_printf_percent$$00000017  c_w.l(_printf_percent_end.o)
    0x0800025e   0x0800025e   0x00000002   Code   RO         1253    .ARM.Collect$$libinit$$00000000  c_w.l(libinit.o)
    0x08000260   0x08000260   0x00000004   Code   RO         1263    .ARM.Collect$$libinit$$00000001  c_w.l(libinit2.o)
    0x08000264   0x08000264   0x00000000   Code   RO         1266    .ARM.Collect$$libinit$$00000004  c_w.l(libinit2.o)
    0x08000264   0x08000264   0x00000000   Code   RO         1269    .ARM.Collect$$libinit$$0000000A  c_w.l(libinit2.o)
    0x08000264   0x08000264   0x00000000   Code   RO         1271    .ARM.Collect$$libinit$$0000000C  c_w.l(libinit2.o)
    0x08000264   0x08000264   0x00000000   Code   RO         1273    .ARM.Collect$$libinit$$0000000E  c_w.l(libinit2.o)
    0x08000264   0x08000264   0x00000000   Code   RO         1276    .ARM.Collect$$libinit$$00000011  c_w.l(libinit2.o)
    0x08000264   0x08000264   0x00000000   Code   RO         1278    .ARM.Collect$$libinit$$00000013  c_w.l(libinit2.o)
    0x08000264   0x08000264   0x00000000   Code   RO         1280    .ARM.Collect$$libinit$$00000015  c_w.l(libinit2.o)
    0x08000264   0x08000264   0x00000000   Code   RO         1282    .ARM.Collect$$libinit$$00000017  c_w.l(libinit2.o)
    0x08000264   0x08000264   0x00000000   Code   RO         1284    .ARM.Collect$$libinit$$00000019  c_w.l(libinit2.o)
    0x08000264   0x08000264   0x00000000   Code   RO         1286    .ARM.Collect$$libinit$$0000001B  c_w.l(libinit2.o)
    0x08000264   0x08000264   0x00000000   Code   RO         1288    .ARM.Collect$$libinit$$0000001D  c_w.l(libinit2.o)
    0x08000264   0x08000264   0x00000000   Code   RO         1290    .ARM.Collect$$libinit$$0000001F  c_w.l(libinit2.o)
    0x08000264   0x08000264   0x00000000   Code   RO         1292    .ARM.Collect$$libinit$$00000021  c_w.l(libinit2.o)
    0x08000264   0x08000264   0x00000000   Code   RO         1294    .ARM.Collect$$libinit$$00000023  c_w.l(libinit2.o)
    0x08000264   0x08000264   0x00000000   Code   RO         1296    .ARM.Collect$$libinit$$00000025  c_w.l(libinit2.o)
    0x08000264   0x08000264   0x00000000   Code   RO         1300    .ARM.Collect$$libinit$$0000002C  c_w.l(libinit2.o)
    0x08000264   0x08000264   0x00000000   Code   RO         1302    .ARM.Collect$$libinit$$0000002E  c_w.l(libinit2.o)
    0x08000264   0x08000264   0x00000000   Code   RO         1304    .ARM.Collect$$libinit$$00000030  c_w.l(libinit2.o)
    0x08000264   0x08000264   0x00000000   Code   RO         1306    .ARM.Collect$$libinit$$00000032  c_w.l(libinit2.o)
    0x08000264   0x08000264   0x00000002   Code   RO         1307    .ARM.Collect$$libinit$$00000033  c_w.l(libinit2.o)
    0x08000266   0x08000266   0x00000002   Code   RO         1335    .ARM.Collect$$libshutdown$$00000000  c_w.l(libshutdown.o)
    0x08000268   0x08000268   0x00000000   Code   RO         1349    .ARM.Collect$$libshutdown$$00000002  c_w.l(libshutdown2.o)
    0x08000268   0x08000268   0x00000000   Code   RO         1351    .ARM.Collect$$libshutdown$$00000004  c_w.l(libshutdown2.o)
    0x08000268   0x08000268   0x00000000   Code   RO         1353    .ARM.Collect$$libshutdown$$00000006  c_w.l(libshutdown2.o)
    0x08000268   0x08000268   0x00000000   Code   RO         1356    .ARM.Collect$$libshutdown$$00000009  c_w.l(libshutdown2.o)
    0x08000268   0x08000268   0x00000000   Code   RO         1359    .ARM.Collect$$libshutdown$$0000000C  c_w.l(libshutdown2.o)
    0x08000268   0x08000268   0x00000000   Code   RO         1361    .ARM.Collect$$libshutdown$$0000000E  c_w.l(libshutdown2.o)
    0x08000268   0x08000268   0x00000000   Code   RO         1364    .ARM.Collect$$libshutdown$$00000011  c_w.l(libshutdown2.o)
    0x08000268   0x08000268   0x00000002   Code   RO         1365    .ARM.Collect$$libshutdown$$00000012  c_w.l(libshutdown2.o)
    0x0800026a   0x0800026a   0x00000000   Code   RO         1203    .ARM.Collect$$rtentry$$00000000  c_w.l(__rtentry.o)
    0x0800026a   0x0800026a   0x00000000   Code   RO         1216    .ARM.Collect$$rtentry$$00000002  c_w.l(__rtentry2.o)
    0x0800026a   0x0800026a   0x00000006   Code   RO         1228    .ARM.Collect$$rtentry$$00000004  c_w.l(__rtentry4.o)
    0x08000270   0x08000270   0x00000000   Code   RO         1218    .ARM.Collect$$rtentry$$00000009  c_w.l(__rtentry2.o)
    0x08000270   0x08000270   0x00000004   Code   RO         1219    .ARM.Collect$$rtentry$$0000000A  c_w.l(__rtentry2.o)
    0x08000274   0x08000274   0x00000000   Code   RO         1221    .ARM.Collect$$rtentry$$0000000C  c_w.l(__rtentry2.o)
    0x08000274   0x08000274   0x00000008   Code   RO         1222    .ARM.Collect$$rtentry$$0000000D  c_w.l(__rtentry2.o)
    0x0800027c   0x0800027c   0x00000002   Code   RO         1257    .ARM.Collect$$rtexit$$00000000  c_w.l(rtexit.o)
    0x0800027e   0x0800027e   0x00000000   Code   RO         1309    .ARM.Collect$$rtexit$$00000002  c_w.l(rtexit2.o)
    0x0800027e   0x0800027e   0x00000004   Code   RO         1310    .ARM.Collect$$rtexit$$00000003  c_w.l(rtexit2.o)
    0x08000282   0x08000282   0x00000006   Code   RO         1311    .ARM.Collect$$rtexit$$00000004  c_w.l(rtexit2.o)
    0x08000288   0x08000288   0x00000010   Code   RO          600    .emb_text           sys.o
    0x08000298   0x08000298   0x0000014c   Code   RO            3    .text               main.o
    0x080003e4   0x080003e4   0x0000001a   Code   RO          193    .text               stm32f4xx_it.o
    0x080003fe   0x080003fe   0x00000002   PAD
    0x08000400   0x08000400   0x00000210   Code   RO          242    .text               system_stm32f4xx.o
    0x08000610   0x08000610   0x00000040   Code   RO          268    .text               led.o
    0x08000650   0x08000650   0x00000104   Code   RO          288    .text               key.o
    0x08000754   0x08000754   0x00000270   Code   RO          309    .text               dcmi.o
    0x080009c4   0x080009c4   0x000005f8   Code   RO          345    .text               ov2640.o
    0x08000fbc   0x08000fbc   0x00000274   Code   RO          374    .text               sccb.o
    0x08001230   0x08001230   0x00000070   Code   RO          417    .text               timer.o
    0x080012a0   0x080012a0   0x00000de0   Code   RO          441    .text               lcd.o
    0x08002080   0x08002080   0x00000364   Code   RO          494    .text               w25qxx.o
    0x080023e4   0x080023e4   0x00000118   Code   RO          524    .text               spi.o
    0x080024fc   0x080024fc   0x00001d5c   Code   RO          544    .text               sdio_sdcard.o
    0x08004258   0x08004258   0x00000104   Code   RO          578    .text               delay.o
    0x0800435c   0x0800435c   0x00000150   Code   RO          618    .text               usart.o
    0x080044ac   0x080044ac   0x00000040   Code   RO          650    .text               startup_stm32f40_41xxx.o
    0x080044ec   0x080044ec   0x000000e0   Code   RO          656    .text               misc.o
    0x080045cc   0x080045cc   0x0000018c   Code   RO          676    .text               stm32f4xx_dcmi.o
    0x08004758   0x08004758   0x00000294   Code   RO          696    .text               stm32f4xx_gpio.o
    0x080049ec   0x080049ec   0x000005c8   Code   RO          716    .text               stm32f4xx_fsmc.o
    0x08004fb4   0x08004fb4   0x000003a8   Code   RO          739    .text               stm32f4xx_dma.o
    0x0800535c   0x0800535c   0x0000065c   Code   RO          759    .text               stm32f4xx_rcc.o
    0x080059b8   0x080059b8   0x00000454   Code   RO          801    .text               stm32f4xx_usart.o
    0x08005e0c   0x08005e0c   0x00000ca2   Code   RO          821    .text               stm32f4xx_tim.o
    0x08006aae   0x08006aae   0x00000002   PAD
    0x08006ab0   0x08006ab0   0x00000480   Code   RO          861    .text               stm32f4xx_spi.o
    0x08006f30   0x08006f30   0x000001dc   Code   RO          881    .text               stm32f4xx_sdio.o
    0x0800710c   0x0800710c   0x00000c34   Code   RO          901    .text               usmart.o
    0x08007d40   0x08007d40   0x00000528   Code   RO          946    .text               usmart_str.o
    0x08008268   0x08008268   0x00000200   Code   RO          966    .text               diskio.o
    0x08008468   0x08008468   0x0000329a   Code   RO          990    .text               ff.o
    0x0800b702   0x0800b702   0x00000002   PAD
    0x0800b704   0x0800b704   0x000000b4   Code   RO         1012    .text               cc936.o
    0x0800b7b8   0x0800b7b8   0x00000198   Code   RO         1037    .text               exfuns.o
    0x0800b950   0x0800b950   0x0000022c   Code   RO         1096    .text               malloc.o
    0x0800bb7c   0x0800bb7c   0x00000002   Code   RO         1128    .text               c_w.l(use_no_semi_2.o)
    0x0800bb7e   0x0800bb7e   0x00000048   Code   RO         1130    .text               c_w.l(llsdiv.o)
    0x0800bbc6   0x0800bbc6   0x00000002   PAD
    0x0800bbc8   0x0800bbc8   0x00000018   Code   RO         1134    .text               c_w.l(noretval__2printf.o)
    0x0800bbe0   0x0800bbe0   0x0000004e   Code   RO         1138    .text               c_w.l(_printf_pad.o)
    0x0800bc2e   0x0800bc2e   0x00000052   Code   RO         1140    .text               c_w.l(_printf_str.o)
    0x0800bc80   0x0800bc80   0x00000078   Code   RO         1142    .text               c_w.l(_printf_dec.o)
    0x0800bcf8   0x0800bcf8   0x00000058   Code   RO         1147    .text               c_w.l(_printf_hex_int.o)
    0x0800bd50   0x0800bd50   0x00000188   Code   RO         1182    .text               c_w.l(__printf_flags_ss_wp.o)
    0x0800bed8   0x0800bed8   0x00000048   Code   RO         1191    .text               c_w.l(strcpy.o)
    0x0800bf20   0x0800bf20   0x0000008a   Code   RO         1193    .text               c_w.l(rt_memcpy_v6.o)
    0x0800bfaa   0x0800bfaa   0x00000002   PAD
    0x0800bfac   0x0800bfac   0x00000080   Code   RO         1195    .text               c_w.l(strcmpv7m.o)
    0x0800c02c   0x0800c02c   0x00000006   Code   RO         1197    .text               c_w.l(heapauxi.o)
    0x0800c032   0x0800c032   0x00000002   Code   RO         1201    .text               c_w.l(use_no_semi.o)
    0x0800c034   0x0800c034   0x000000ee   Code   RO         1204    .text               c_w.l(lludivv7m.o)
    0x0800c122   0x0800c122   0x000000b2   Code   RO         1206    .text               c_w.l(_printf_intcommon.o)
    0x0800c1d4   0x0800c1d4   0x0000002c   Code   RO         1208    .text               c_w.l(_printf_char.o)
    0x0800c200   0x0800c200   0x00000024   Code   RO         1210    .text               c_w.l(_printf_char_file.o)
    0x0800c224   0x0800c224   0x00000064   Code   RO         1213    .text               c_w.l(rt_memcpy_w.o)
    0x0800c288   0x0800c288   0x00000030   Code   RO         1234    .text               c_w.l(_printf_char_common.o)
    0x0800c2b8   0x0800c2b8   0x00000008   Code   RO         1236    .text               c_w.l(ferror.o)
    0x0800c2c0   0x0800c2c0   0x0000004a   Code   RO         1240    .text               c_w.l(sys_stackheap_outer.o)
    0x0800c30a   0x0800c30a   0x00000012   Code   RO         1246    .text               c_w.l(exit.o)
    0x0800c31c   0x0800c31c   0x00000008   Code   RO         1254    .text               c_w.l(libspace.o)
    0x0800c324   0x0800c324   0x0000000e   Code   RO         1175    i._is_digit         c_w.l(__printf_wp.o)
    0x0800c332   0x0800c332   0x0000000a   Code   RO         1323    x$fpl$fpinit        fz_wm.l(fpinit.o)
    0x0800c33c   0x0800c33c   0x00000328   Data   RO          346    .constdata          ov2640.o
    0x0800c664   0x0800c664   0x00001c34   Data   RO          442    .constdata          lcd.o
    0x0800e298   0x0800e298   0x0000001c   Data   RO          717    .constdata          stm32f4xx_fsmc.o
    0x0800e2b4   0x0800e2b4   0x0000003a   Data   RO          992    .constdata          ff.o
    0x0800e2ee   0x0800e2ee   0x0002acc8   Data   RO         1013    .constdata          cc936.o
    0x08038fb6   0x08038fb6   0x00000002   PAD
    0x08038fb8   0x08038fb8   0x00000070   Data   RO         1039    .constdata          exfuns.o
    0x08039028   0x08039028   0x00000024   Data   RO         1102    .constdata          malloc.o
    0x0803904c   0x0803904c   0x00000028   Data   RO         1148    .constdata          c_w.l(_printf_hex_int.o)
    0x08039074   0x08039074   0x00000011   Data   RO         1183    .constdata          c_w.l(__printf_flags_ss_wp.o)
    0x08039085   0x08039085   0x00000003   PAD
    0x08039088   0x08039088   0x00000028   Data   RO          902    .conststring        usmart.o
    0x080390b0   0x080390b0   0x00000311   Data   RO          925    .conststring        usmart_config.o
    0x080393c1   0x080393c1   0x00000003   PAD
    0x080393c4   0x080393c4   0x00000044   Data   RO         1040    .conststring        exfuns.o
    0x08039408   0x08039408   0x00000020   Data   RO         1383    Region$$Table       anon$$obj.o


    Execution Region RW_IRAM1 (Exec base: 0x20000000, Load base: 0x08039428, Size: 0x0001c840, Max: 0x00020000, ABSOLUTE, COMPRESSED[0x000000f4])

    Exec Addr    Load Addr    Size         Type   Attr      Idx    E Section Name        Object

    0x20000000   COMPRESSED   0x00000008   Data   RW            5    .data               main.o
    0x20000008   COMPRESSED   0x00000014   Data   RW          243    .data               system_stm32f4xx.o
    0x2000001c   COMPRESSED   0x00000001   Data   RW          289    .data               key.o
    0x2000001d   COMPRESSED   0x00000001   PAD
    0x2000001e   COMPRESSED   0x00000012   Data   RW          443    .data               lcd.o
    0x20000030   COMPRESSED   0x00000002   Data   RW          496    .data               w25qxx.o
    0x20000032   COMPRESSED   0x00000002   PAD
    0x20000034   COMPRESSED   0x00000010   Data   RW          546    .data               sdio_sdcard.o
    0x20000044   COMPRESSED   0x00000004   Data   RW          579    .data               delay.o
    0x20000048   COMPRESSED   0x00000006   Data   RW          620    .data               usart.o
    0x2000004e   COMPRESSED   0x00000010   Data   RW          760    .data               stm32f4xx_rcc.o
    0x2000005e   COMPRESSED   0x00000002   PAD
    0x20000060   COMPRESSED   0x0000001c   Data   RW          903    .data               usmart.o
    0x2000007c   COMPRESSED   0x0000019c   Data   RW          926    .data               usmart_config.o
    0x20000218   COMPRESSED   0x00000002   Data   RW          967    .data               diskio.o
    0x2000021a   COMPRESSED   0x00000002   Data   RW          993    .data               ff.o
    0x2000021c   COMPRESSED   0x00000014   Data   RW         1041    .data               exfuns.o
    0x20000230   COMPRESSED   0x00000024   Data   RW         1103    .data               malloc.o
    0x20000254        -       0x0000028c   Zero   RW            4    .bss                main.o
    0x200004e0        -       0x0000000e   Zero   RW          310    .bss                dcmi.o
    0x200004ee        -       0x00001000   Zero   RW          495    .bss                w25qxx.o
    0x200014ee   COMPRESSED   0x00000002   PAD
    0x200014f0        -       0x000002c0   Zero   RW          545    .bss                sdio_sdcard.o
    0x200017b0        -       0x000000c8   Zero   RW          619    .bss                usart.o
    0x20001878        -       0x0000000c   Zero   RW          991    .bss                ff.o
    0x20001884        -       0x00000050   Zero   RW         1038    .bss                exfuns.o
    0x200018d4   COMPRESSED   0x0000000c   PAD
    0x200018e0        -       0x0001a900   Zero   RW         1101    .bss                malloc.o
    0x2001c1e0        -       0x00000060   Zero   RW         1255    .bss                c_w.l(libspace.o)
    0x2001c240        -       0x00000200   Zero   RW          648    HEAP                startup_stm32f40_41xxx.o
    0x2001c440        -       0x00000400   Zero   RW          647    STACK               startup_stm32f40_41xxx.o



  Load Region LR$$.ARM.__AT_0x10000000 (Base: 0x10000000, Size: 0x00000000, Max: 0x0000f000, ABSOLUTE)

    Execution Region ER$$.ARM.__AT_0x10000000 (Exec base: 0x10000000, Load base: 0x10000000, Size: 0x0000f000, Max: 0x0000f000, ABSOLUTE, UNINIT)

    Exec Addr    Load Addr    Size         Type   Attr      Idx    E Section Name        Object

    0x10000000        -       0x0000f000   Zero   RW         1097    .ARM.__AT_0x10000000  malloc.o



  Load Region LR$$.ARM.__AT_0x1000F000 (Base: 0x1000f000, Size: 0x00000000, Max: 0x00000f00, ABSOLUTE)

    Execution Region ER$$.ARM.__AT_0x1000F000 (Exec base: 0x1000f000, Load base: 0x1000f000, Size: 0x00000f00, Max: 0x00000f00, ABSOLUTE, UNINIT)

    Exec Addr    Load Addr    Size         Type   Attr      Idx    E Section Name        Object

    0x1000f000        -       0x00000f00   Zero   RW         1098    .ARM.__AT_0x1000F000  malloc.o



  Load Region LR$$.ARM.__AT_0x68000000 (Base: 0x68000000, Size: 0x00000000, Max: 0x000f0000, ABSOLUTE)

    Execution Region ER$$.ARM.__AT_0x68000000 (Exec base: 0x68000000, Load base: 0x68000000, Size: 0x000f0000, Max: 0x000f0000, ABSOLUTE, UNINIT)

    Exec Addr    Load Addr    Size         Type   Attr      Idx    E Section Name        Object

    0x68000000        -       0x000f0000   Zero   RW         1099    .ARM.__AT_0x68000000  malloc.o



  Load Region LR$$.ARM.__AT_0x680F0000 (Base: 0x680f0000, Size: 0x00000000, Max: 0x0000f000, ABSOLUTE)

    Execution Region ER$$.ARM.__AT_0x680F0000 (Exec base: 0x680f0000, Load base: 0x680f0000, Size: 0x0000f000, Max: 0x0000f000, ABSOLUTE, UNINIT)

    Exec Addr    Load Addr    Size         Type   Attr      Idx    E Section Name        Object

    0x680f0000        -       0x0000f000   Zero   RW         1100    .ARM.__AT_0x680F0000  malloc.o


==============================================================================

Image component sizes


      Code (inc. data)   RO Data    RW Data    ZI Data      Debug   Object Name

       180         18     175304          0          0       2305   cc936.o
       624         28          0          0         14       2504   dcmi.o
       260          8          0          4          0       1509   delay.o
       512          8          0          2          0       4466   diskio.o
       408         22        180         20         80       2852   exfuns.o
     12954        136         58          2         12      38414   ff.o
       260         12          0          1          0        892   key.o
      3552        146       7220         18          0      10772   lcd.o
        64          4          0          0          0        539   led.o
       332         78          0          8        652     328045   main.o
       556         18         36         36    1218560       5049   malloc.o
       224         20          0          0          0       1845   misc.o
      1528         72        808          0          0       6185   ov2640.o
       628         12          0          0          0       2087   sccb.o
      7516        282          0         16        704      25333   sdio_sdcard.o
       280          8          0          0          0       1093   spi.o
        64         26        392          0       1536        844   startup_stm32f40_41xxx.o
       396          4          0          0          0       3506   stm32f4xx_dcmi.o
       936         32          0          0          0       6421   stm32f4xx_dma.o
      1480         18         28          0          0       5690   stm32f4xx_fsmc.o
       660         44          0          0          0       4185   stm32f4xx_gpio.o
        26          0          0          0          0       1238   stm32f4xx_it.o
      1628         52          0         16          0      13076   stm32f4xx_rcc.o
       476         16          0          0          0       7448   stm32f4xx_sdio.o
      1152         36          0          0          0       6937   stm32f4xx_spi.o
      3234         60          0          0          0      23044   stm32f4xx_tim.o
      1108         34          0          0          0       7912   stm32f4xx_usart.o
        16          0          0          0          0        496   sys.o
       528         46          0         20          0       1819   system_stm32f4xx.o
       112          4          0          0          0        828   timer.o
       336         22          0          6        200       3366   usart.o
      3124       1286         40         28          0       4462   usmart.o
         0          0        785        412          0       1592   usmart_config.o
      1320         12          0          0          0       5369   usmart_str.o
       868         28          0          2       4096       4521   w25qxx.o

    ----------------------------------------------------------------------
     47348       2592     184888        596    1225868     536644   Object Totals
         0          0         32          0          0          0   (incl. Generated)
         6          0          5          5         14          0   (incl. Padding)

    ----------------------------------------------------------------------

      Code (inc. data)   RO Data    RW Data    ZI Data      Debug   Library Member Name

        90          0          0          0          0          0   __dczerorl2.o
         8          0          0          0          0         68   __main.o
       392          4         17          0          0         92   __printf_flags_ss_wp.o
        14          0          0          0          0         68   __printf_wp.o
         0          0          0          0          0          0   __rtentry.o
        12          0          0          0          0          0   __rtentry2.o
         6          0          0          0          0          0   __rtentry4.o
        52          8          0          0          0          0   __scatter.o
        28          0          0          0          0          0   __scatter_zi.o
         6          0          0          0          0          0   _printf_c.o
        44          0          0          0          0        108   _printf_char.o
        48          6          0          0          0         96   _printf_char_common.o
        36          4          0          0          0         80   _printf_char_file.o
         6          0          0          0          0          0   _printf_d.o
       120         16          0          0          0         92   _printf_dec.o
        88          4         40          0          0         88   _printf_hex_int.o
       178          0          0          0          0         88   _printf_intcommon.o
        78          0          0          0          0        108   _printf_pad.o
         0          0          0          0          0          0   _printf_percent.o
         4          0          0          0          0          0   _printf_percent_end.o
         6          0          0          0          0          0   _printf_s.o
        82          0          0          0          0         80   _printf_str.o
         6          0          0          0          0          0   _printf_u.o
         6          0          0          0          0          0   _printf_x.o
        18          0          0          0          0         80   exit.o
         8          0          0          0          0         68   ferror.o
         6          0          0          0          0        152   heapauxi.o
         2          0          0          0          0          0   libinit.o
         6          0          0          0          0          0   libinit2.o
         2          0          0          0          0          0   libshutdown.o
         2          0          0          0          0          0   libshutdown2.o
         8          4          0          0         96         68   libspace.o
        72          0          0          0          0         76   llsdiv.o
       238          0          0          0          0        100   lludivv7m.o
        24          4          0          0          0         84   noretval__2printf.o
       138          0          0          0          0         68   rt_memcpy_v6.o
       100          0          0          0          0         80   rt_memcpy_w.o
         2          0          0          0          0          0   rtexit.o
        10          0          0          0          0          0   rtexit2.o
       128          0          0          0          0         68   strcmpv7m.o
        72          0          0          0          0         80   strcpy.o
        74          0          0          0          0         80   sys_stackheap_outer.o
         2          0          0          0          0         68   use_no_semi.o
         2          0          0          0          0         68   use_no_semi_2.o
        10          0          0          0          0        116   fpinit.o

    ----------------------------------------------------------------------
      2240         50         60          0         96       2224   Library Totals
         6          0          3          0          0          0   (incl. Padding)

    ----------------------------------------------------------------------

      Code (inc. data)   RO Data    RW Data    ZI Data      Debug   Library Name

      2224         50         57          0         96       2108   c_w.l
        10          0          0          0          0        116   fz_wm.l

    ----------------------------------------------------------------------
      2240         50         60          0         96       2224   Library Totals

    ----------------------------------------------------------------------

==============================================================================


      Code (inc. data)   RO Data    RW Data    ZI Data      Debug   

     49588       2642     184948        596    1225964     530476   Grand Totals
     49588       2642     184948        244    1225964     530476   ELF Image Totals (compressed)
     49588       2642     184948        244          0          0   ROM Totals

==============================================================================

    Total RO  Size (Code + RO Data)               234536 ( 229.04kB)
    Total RW  Size (RW Data + ZI Data)           1226560 (1197.81kB)
    Total ROM Size (Code + RO Data + RW Data)     234780 ( 229.28kB)

==============================================================================

