<html>
<body>
<pre>
<h1>礦ision Build Log</h1>
<h2>Tool Versions:</h2>
IDE-Version: μVision V5.34.0.0
Copyright (C) 2021 ARM Ltd and ARM Germany GmbH. All rights reserved.
License Information: 1 wang'ch, 1, LIC=X96CK-Z0HPL-KPHZY-IWJXD-AWNZT-J323S
 
Tool Versions:
Toolchain:       MDK-ARM Plus  Version: 5.34.0.0
Toolchain Path:  D:\Application\Keil_v5_ARM\ARM\ARMCC\Bin
C Compiler:      Armcc.exe V5.06 update 7 (build 960)
Assembler:       Armasm.exe V5.06 update 7 (build 960)
Linker/Locator:  ArmLink.exe V5.06 update 7 (build 960)
Library Manager: ArmAr.exe V5.06 update 7 (build 960)
Hex Converter:   FromElf.exe V5.06 update 7 (build 960)
CPU DLL:         SARMCM3.DLL V5.34.0.0
Dialog DLL:      DCM.DLL V1.17.3.0
Target DLL:      CMSIS_AGDI.dll V1.32.13.0
Dialog DLL:      TCM.DLL V1.48.0.0
 
<h2>Project:</h2>
C:\Users\wang'ch\Desktop\Flash\实验35 摄像头实验\USER\OV2640.uvprojx
Project File Date:  01/18/2023

<h2>Output:</h2>
*** Using Compiler 'V5.06 update 7 (build 960)', folder: 'D:\Application\Keil_v5_ARM\ARM\ARMCC\Bin'
Build target 'OV2640'
compiling main.c...
..\HARDWARE\RingBuff\RingBuff.h(41): warning:  #1-D: last line of file ends without a newline
  #endif
main.c(51): warning:  #177-D: variable "i"  was declared but never referenced
  		int i;
main.c(53): warning:  #177-D: variable "TEMP"  was declared but never referenced
  		uint16_t TEMP=0;
main.c(109): warning:  #177-D: variable "total"  was declared but never referenced
   	u32 total,free;
main.c(109): warning:  #177-D: variable "free"  was declared but never referenced
   	u32 total,free;
main.c(110): warning:  #177-D: variable "t"  was declared but never referenced
  	u8 t=0;	
main.c(111): warning:  #550-D: variable "res"  was set but never used
  	u8 res=0;	
main.c: 7 warnings, 0 errors
linking...
Program Size: Code=47412 RO-data=183460 RW-data=484 ZI-data=1221148  
FromELF: creating hex file...
"..\OBJ\OV2640.axf" - 0 Error(s), 7 Warning(s).

<h2>Software Packages used:</h2>

Package Vendor: Keil
                http://www.keil.com/pack/Keil.STM32F4xx_DFP.2.16.0.pack
                Keil.STM32F4xx_DFP.2.16.0
                STMicroelectronics STM32F4 Series Device Support, Drivers and Examples

<h2>Collection of Component include folders:</h2>
  D:\Application\Keil_v5_ARM\ARM\PACK\Keil\STM32F4xx_DFP\2.16.0\Drivers\CMSIS\Device\ST\STM32F4xx\Include

<h2>Collection of Component Files used:</h2>
Build Time Elapsed:  00:00:01
</pre>
</body>
</html>
