Component: ARM Compiler 5.06 update 7 (build 960) Tool: armlink [4d3601]

==============================================================================

Section Cross References

    main.o(.text) refers to ff.o(.text) for f_open
    main.o(.text) refers to lcd.o(.text) for LCD_Draw_Picture
    main.o(.text) refers to misc.o(.text) for NVIC_PriorityGroupConfig
    main.o(.text) refers to delay.o(.text) for delay_init
    main.o(.text) refers to usart.o(.text) for uart_init
    main.o(.text) refers to usart2.o(.text) for usart2_init
    main.o(.text) refers to led.o(.text) for LED_Init
    main.o(.text) refers to malloc.o(.text) for my_mem_init
    main.o(.text) refers to ringbuff.o(.text) for RingBuff_Init
    main.o(.text) refers to exti.o(.text) for EXTIX_Init
    main.o(.text) refers to timer.o(.text) for TIM3_Int_Init
    main.o(.text) refers to sdio_sdcard.o(.text) for SD_Init
    main.o(.text) refers to exfuns.o(.text) for exfuns_init
    main.o(.text) refers to main.o(.bss) for fil
    main.o(.text) refers to main.o(.data) for framebuffer
    main.o(.text) refers to lcd.o(.data) for BRUSH_COLOR
    main.o(.text) refers to exfuns.o(.data) for fatbuf
    main.o(.text) refers to exfuns.o(.bss) for fs
    system_stm32f4xx.o(.text) refers to system_stm32f4xx.o(.data) for SystemCoreClock
    led.o(.text) refers to stm32f4xx_rcc.o(.text) for RCC_AHB1PeriphClockCmd
    led.o(.text) refers to stm32f4xx_gpio.o(.text) for GPIO_Init
    key.o(.text) refers to stm32f4xx_rcc.o(.text) for RCC_AHB1PeriphClockCmd
    key.o(.text) refers to stm32f4xx_gpio.o(.text) for GPIO_Init
    key.o(.text) refers to delay.o(.text) for delay_ms
    key.o(.text) refers to key.o(.data) for key_up
    usart2.o(.text) refers to stm32f4xx_rcc.o(.text) for RCC_AHB1PeriphClockCmd
    usart2.o(.text) refers to stm32f4xx_gpio.o(.text) for GPIO_Init
    usart2.o(.text) refers to stm32f4xx_usart.o(.text) for USART_Init
    usart2.o(.text) refers to misc.o(.text) for NVIC_Init
    usart2.o(.text) refers to ringbuff.o(.text) for Write_RingBuff
    usart2.o(.text) refers to usart2.o(.data) for rcnt
    timer.o(.text) refers to stm32f4xx_rcc.o(.text) for RCC_APB1PeriphClockCmd
    timer.o(.text) refers to stm32f4xx_tim.o(.text) for TIM_TimeBaseInit
    timer.o(.text) refers to misc.o(.text) for NVIC_Init
    lcd.o(.text) refers to delay.o(.text) for delay_us
    lcd.o(.text) refers to lcd.o(.data) for write_gramcmd
    lcd.o(.text) refers to stm32f4xx_rcc.o(.text) for RCC_AHB1PeriphClockCmd
    lcd.o(.text) refers to stm32f4xx_gpio.o(.text) for GPIO_Init
    lcd.o(.text) refers to stm32f4xx_fsmc.o(.text) for FSMC_NORSRAMInit
    lcd.o(.text) refers to lcd.o(.constdata) for char_1206
    stmflash.o(.text) refers to stm32f4xx_flash.o(.text) for FLASH_Unlock
    w25qxx.o(.text) refers to _printf_percent.o(.ARM.Collect$$_printf_percent$$00000000) for _printf_percent
    w25qxx.o(.text) refers to _printf_x.o(.ARM.Collect$$_printf_percent$$0000000C) for _printf_x
    w25qxx.o(.text) refers to _printf_hex_int.o(.text) for _printf_longlong_hex
    w25qxx.o(.text) refers to spi.o(.text) for SPI1_ReadWriteByte
    w25qxx.o(.text) refers to stm32f4xx_rcc.o(.text) for RCC_AHB1PeriphClockCmd
    w25qxx.o(.text) refers to stm32f4xx_gpio.o(.text) for GPIO_Init
    w25qxx.o(.text) refers to noretval__2printf.o(.text) for __2printf
    w25qxx.o(.text) refers to delay.o(.text) for delay_us
    w25qxx.o(.text) refers to w25qxx.o(.data) for W25QXX_TYPE
    w25qxx.o(.text) refers to w25qxx.o(.bss) for W25QXX_BUFFER
    spi.o(.text) refers to stm32f4xx_spi.o(.text) for SPI_I2S_GetFlagStatus
    spi.o(.text) refers to stm32f4xx_rcc.o(.text) for RCC_AHB1PeriphClockCmd
    spi.o(.text) refers to stm32f4xx_gpio.o(.text) for GPIO_Init
    sdio_sdcard.o(.text) refers to stm32f4xx_sdio.o(.text) for SDIO_GetFlagStatus
    sdio_sdcard.o(.text) refers to sdio_sdcard.o(.data) for DeviceMode
    sdio_sdcard.o(.text) refers to sdio_sdcard.o(.bss) for SDIO_CmdInitStructure
    sdio_sdcard.o(.text) refers to stm32f4xx_rcc.o(.text) for RCC_AHB1PeriphClockCmd
    sdio_sdcard.o(.text) refers to stm32f4xx_gpio.o(.text) for GPIO_Init
    sdio_sdcard.o(.text) refers to misc.o(.text) for NVIC_Init
    sdio_sdcard.o(.text) refers to stm32f4xx_dma.o(.text) for DMA_GetCmdStatus
    sdio_sdcard.o(.text) refers to sys.o(.emb_text) for INTX_DISABLE
    sdio_sdcard.o(.text) refers to rt_memcpy_v6.o(.text) for __aeabi_memcpy
    ringbuff.o(.text) refers to ringbuff.o(.bss) for ringBuff
    exti.o(.text) refers to key.o(.text) for KEY_Init
    exti.o(.text) refers to stm32f4xx_rcc.o(.text) for RCC_APB2PeriphClockCmd
    exti.o(.text) refers to stm32f4xx_syscfg.o(.text) for SYSCFG_EXTILineConfig
    exti.o(.text) refers to stm32f4xx_exti.o(.text) for EXTI_Init
    exti.o(.text) refers to misc.o(.text) for NVIC_Init
    exti.o(.text) refers to delay.o(.text) for delay_ms
    exti.o(.text) refers to stm32f4xx_gpio.o(.text) for GPIO_ReadInputDataBit
[...]
    __rt_entry_main                          0x08000275   Thumb Code     0  __rtentry2.o(.ARM.Collect$$rtentry$$0000000D)
    __rt_entry_postli_1                      0x08000275   Thumb Code     0  __rtentry2.o(.ARM.Collect$$rtentry$$0000000C)
    __rt_exit                                0x0800027d   Thumb Code     0  rtexit.o(.ARM.Collect$$rtexit$$00000000)
    __rt_exit_ls                             0x0800027f   Thumb Code     0  rtexit2.o(.ARM.Collect$$rtexit$$00000003)
    __rt_exit_prels_1                        0x0800027f   Thumb Code     0  rtexit2.o(.ARM.Collect$$rtexit$$00000002)
    __rt_exit_exit                           0x08000283   Thumb Code     0  rtexit2.o(.ARM.Collect$$rtexit$$00000004)
    WFI_SET                                  0x08000289   Thumb Code     2  sys.o(.emb_text)
    INTX_DISABLE                             0x0800028b   Thumb Code     4  sys.o(.emb_text)
    INTX_ENABLE                              0x0800028f   Thumb Code     4  sys.o(.emb_text)
    MSR_MSP                                  0x08000293   Thumb Code     6  sys.o(.emb_text)
    sd_show_picture_bin                      0x08000299   Thumb Code   192  main.o(.text)
    main                                     0x08000359   Thumb Code   146  main.o(.text)
    NMI_Handler                              0x08000421   Thumb Code     2  stm32f4xx_it.o(.text)
    HardFault_Handler                        0x08000423   Thumb Code     4  stm32f4xx_it.o(.text)
    MemManage_Handler                        0x08000427   Thumb Code     4  stm32f4xx_it.o(.text)
    BusFault_Handler                         0x0800042b   Thumb Code     4  stm32f4xx_it.o(.text)
    UsageFault_Handler                       0x0800042f   Thumb Code     4  stm32f4xx_it.o(.text)
    SVC_Handler                              0x08000433   Thumb Code     2  stm32f4xx_it.o(.text)
    DebugMon_Handler                         0x08000435   Thumb Code     2  stm32f4xx_it.o(.text)
    PendSV_Handler                           0x08000437   Thumb Code     2  stm32f4xx_it.o(.text)
    SysTick_Handler                          0x08000439   Thumb Code     2  stm32f4xx_it.o(.text)
    SystemInit                               0x08000519   Thumb Code    88  system_stm32f4xx.o(.text)
    SystemCoreClockUpdate                    0x08000571   Thumb Code   174  system_stm32f4xx.o(.text)
    LED_Init                                 0x0800064d   Thumb Code    78  led.o(.text)
    KEY_Init                                 0x080006a5   Thumb Code    44  key.o(.text)
    KEY_Scan                                 0x080006d1   Thumb Code   194  key.o(.text)
    usart2_init                              0x080007a5   Thumb Code   162  usart2.o(.text)
    USART2_IRQHandler                        0x08000847   Thumb Code    58  usart2.o(.text)
    TIM3_Int_Init                            0x08000891   Thumb Code    88  timer.o(.text)
    TIM3_IRQHandler                          0x080008e9   Thumb Code    20  timer.o(.text)
    LCD_WriteReg                             0x08000901   Thumb Code    10  lcd.o(.text)
    LCD_ReadReg                              0x0800090b   Thumb Code    22  lcd.o(.text)
    lcdm_delay                               0x08000921   Thumb Code    14  lcd.o(.text)
    LCD_WriteGRAM                            0x0800092f   Thumb Code    10  lcd.o(.text)
    LCD_DisplayOn                            0x08000939   Thumb Code     8  lcd.o(.text)
    LCD_DisplayOff                           0x08000941   Thumb Code     8  lcd.o(.text)
    LCD_Open_Window                          0x08000949   Thumb Code   166  lcd.o(.text)
    Set_Scan_Direction                       0x080009ef   Thumb Code   204  lcd.o(.text)
    Set_Display_Mode                         0x08000abb   Thumb Code   214  lcd.o(.text)
    LCD_SetCursor                            0x08000b91   Thumb Code   186  lcd.o(.text)
    LCD_GetPoint                             0x08000c4b   Thumb Code   116  lcd.o(.text)
    LCD_DrawPoint                            0x08000cbf   Thumb Code    66  lcd.o(.text)
    LCD_Color_DrawPoint                      0x08000d01   Thumb Code    30  lcd.o(.text)
    Ssd1963_Set_BackLight                    0x08000d1f   Thumb Code    32  lcd.o(.text)
    LCD_Clear                                0x08000d3f   Thumb Code    50  lcd.o(.text)
    LCD_FSMC_Config                          0x08000d71   Thumb Code   530  lcd.o(.text)
    ILI9341_Read_id                          0x08000f83   Thumb Code    30  lcd.o(.text)
    LCD_Init                                 0x08000fa1   Thumb Code   990  lcd.o(.text)
    LCD_Fill_onecolor                        0x0800137f   Thumb Code    82  lcd.o(.text)
    LCD_Draw_Picture                         0x080013d1   Thumb Code    94  lcd.o(.text)
    LCD_DisplayChar                          0x0800142f   Thumb Code   206  lcd.o(.text)
    LCD_DisplayString                        0x080014fd   Thumb Code    64  lcd.o(.text)
    LCD_DisplayString_color                  0x0800153d   Thumb Code    68  lcd.o(.text)
    Counter_Power                            0x08001581   Thumb Code    22  lcd.o(.text)
    LCD_DisplayNum                           0x08001597   Thumb Code   244  lcd.o(.text)
    LCD_DisplayNum_color                     0x0800168b   Thumb Code    78  lcd.o(.text)
    W25QXX_ReadID                            0x080016e1   Thumb Code    64  w25qxx.o(.text)
    W25QXX_Init                              0x08001721   Thumb Code    72  w25qxx.o(.text)
    W25QXX_ReadSR                            0x08001769   Thumb Code    36  w25qxx.o(.text)
    W25QXX_Write_SR                          0x0800178d   Thumb Code    32  w25qxx.o(.text)
    W25QXX_Write_Enable                      0x080017ad   Thumb Code    24  w25qxx.o(.text)
    W25QXX_Write_Disable                     0x080017c5   Thumb Code    24  w25qxx.o(.text)
    W25QXX_Read                              0x080017dd   Thumb Code    74  w25qxx.o(.text)
    W25QXX_Wait_Busy                         0x08001827   Thumb Code    18  w25qxx.o(.text)
    W25QXX_Write_Page                        0x08001839   Thumb Code    80  w25qxx.o(.text)
    W25QXX_Write_NoCheck                     0x08001889   Thumb Code    70  w25qxx.o(.text)
    W25QXX_Erase_Sector                      0x080018cf   Thumb Code    70  w25qxx.o(.text)
    W25QXX_Write                             0x08001915   Thumb Code   180  w25qxx.o(.text)
    W25QXX_Erase_Chip                        0x080019c9   Thumb Code    36  w25qxx.o(.text)
    W25QXX_PowerDown                         0x080019ed   Thumb Code    30  w25qxx.o(.text)
    W25QXX_WAKEUP                            0x08001a0b   Thumb Code    30  w25qxx.o(.text)
    SPI1_ReadWriteByte                       0x08001a45   Thumb Code    50  spi.o(.text)
    SPI1_Init                                0x08001a77   Thumb Code   186  spi.o(.text)
    SPI1_SetSpeed                            0x08001b31   Thumb Code    36  spi.o(.text)
    SDIO_Register_Deinit                     0x08001b5d   Thumb Code    48  sdio_sdcard.o(.text)
    SD_SetDeviceMode                         0x08001b8d   Thumb Code    20  sdio_sdcard.o(.text)
    SDIO_Clock_Set                           0x08001ba1   Thumb Code    18  sdio_sdcard.o(.text)
    CmdResp1Error                            0x08001bb3   Thumb Code    96  sdio_sdcard.o(.text)
    FindSCR                                  0x08001c13   Thumb Code   390  sdio_sdcard.o(.text)
    SDEnWideBus                              0x08001d99   Thumb Code   160  sdio_sdcard.o(.text)
    SD_EnableWideBusOperation                0x08001e39   Thumb Code    98  sdio_sdcard.o(.text)
    SD_SelectDeselect                        0x08001e9b   Thumb Code    42  sdio_sdcard.o(.text)
    SD_GetCardInfo                           0x08001ec5   Thumb Code   802  sdio_sdcard.o(.text)
    CmdResp2Error                            0x080021e7   Thumb Code    80  sdio_sdcard.o(.text)
    CmdResp6Error                            0x08002237   Thumb Code   144  sdio_sdcard.o(.text)
    SD_InitializeCards                       0x080022c7   Thumb Code   354  sdio_sdcard.o(.text)
    CmdResp3Error                            0x08002429   Thumb Code    52  sdio_sdcard.o(.text)
    CmdResp7Error                            0x0800245d   Thumb Code    72  sdio_sdcard.o(.text)
    CmdError                                 0x080024a5   Thumb Code    48  sdio_sdcard.o(.text)
    SD_PowerON                               0x080024d5   Thumb Code   460  sdio_sdcard.o(.text)
    SD_Init                                  0x080026a1   Thumb Code   334  sdio_sdcard.o(.text)
    SD_PowerOFF                              0x080027ef   Thumb Code    12  sdio_sdcard.o(.text)
    SD_DMA_Config                            0x080027fb   Thumb Code   118  sdio_sdcard.o(.text)
    convert_from_bytes_to_power_of_two       0x08002871   Thumb Code    18  sdio_sdcard.o(.text)
    SD_ReadBlock                             0x08002883   Thumb Code   578  sdio_sdcard.o(.text)
    SD_ReadMultiBlocks                       0x08002ac5   Thumb Code   762  sdio_sdcard.o(.text)
    IsCardProgramming                        0x08002dbf   Thumb Code   150  sdio_sdcard.o(.text)
    SD_WriteBlock                            0x08002e55   Thumb Code   914  sdio_sdcard.o(.text)
    SD_WriteMultiBlocks                      0x080031e7   Thumb Code   976  sdio_sdcard.o(.text)
    SD_ProcessIRQSrc                         0x080035b7   Thumb Code   322  sdio_sdcard.o(.text)
    SDIO_IRQHandler                          0x080036f9   Thumb Code     8  sdio_sdcard.o(.text)
    SD_SendStatus                            0x08003701   Thumb Code    74  sdio_sdcard.o(.text)
    SD_GetState                              0x0800374b   Thumb Code    26  sdio_sdcard.o(.text)
    SD_ReadDisk                              0x08003765   Thumb Code   188  sdio_sdcard.o(.text)
    SD_WriteDisk                             0x08003821   Thumb Code   148  sdio_sdcard.o(.text)
    RingBuff_Init                            0x080038b9   Thumb Code    12  ringbuff.o(.text)
    Write_RingBuff                           0x080038c5   Thumb Code    58  ringbuff.o(.text)
    Read_RingBuff                            0x080038ff   Thumb Code    56  ringbuff.o(.text)
    EXTIX_Init                               0x0800393d   Thumb Code    84  exti.o(.text)
    EXTI9_5_IRQHandler                       0x08003991   Thumb Code    36  exti.o(.text)
    delay_init                               0x080039bd   Thumb Code    52  delay.o(.text)
    delay_us                                 0x080039f1   Thumb Code    72  delay.o(.text)
    delay_xms                                0x08003a39   Thumb Code    72  delay.o(.text)
    delay_ms                                 0x08003a81   Thumb Code    56  delay.o(.text)
    _sys_exit                                0x08003ac1   Thumb Code     4  usart.o(.text)
    fputc                                    0x08003ac5   Thumb Code    24  usart.o(.text)
    uart_init                                0x08003add   Thumb Code   164  usart.o(.text)
    USART1_IRQHandler                        0x08003b81   Thumb Code   122  usart.o(.text)
    Reset_Handler                            0x08003c11   Thumb Code     8  startup_stm32f40_41xxx.o(.text)
    ADC_IRQHandler                           0x08003c2b   Thumb Code     0  startup_stm32f40_41xxx.o(.text)
    CAN1_RX0_IRQHandler                      0x08003c2b   Thumb Code     0  startup_stm32f40_41xxx.o(.text)
    CAN1_RX1_IRQHandler                      0x08003c2b   Thumb Code     0  startup_stm32f40_41xxx.o(.text)
    CAN1_SCE_IRQHandler                      0x08003c2b   Thumb Code     0  startup_stm32f40_41xxx.o(.text)
    CAN1_TX_IRQHandler                       0x08003c2b   Thumb Code     0  startup_stm32f40_41xxx.o(.text)
    CAN2_RX0_IRQHandler                      0x08003c2b   Thumb Code     0  startup_stm32f40_41xxx.o(.text)
    CAN2_RX1_IRQHandler                      0x08003c2b   Thumb Code     0  startup_stm32f40_41xxx.o(.text)
    CAN2_SCE_IRQHandler                      0x08003c2b   Thumb Code     0  startup_stm32f40_41xxx.o(.text)
    CAN2_TX_IRQHandler                       0x08003c2b   Thumb Code     0  startup_stm32f40_41xxx.o(.text)
    CRYP_IRQHandler                          0x08003c2b   Thumb Code     0  startup_stm32f40_41xxx.o(.text)
    DCMI_IRQHandler                          0x08003c2b   Thumb Code     0  startup_stm32f40_41xxx.o(.text)
    DMA1_Stream0_IRQHandler                  0x08003c2b   Thumb Code     0  startup_stm32f40_41xxx.o(.text)
    DMA1_Stream1_IRQHandler                  0x08003c2b   Thumb Code     0  startup_stm32f40_41xxx.o(.text)
    DMA1_Stream2_IRQHandler                  0x08003c2b   Thumb Code     0  startup_stm32f40_41xxx.o(.text)
    DMA1_Stream3_IRQHandler                  0x08003c2b   Thumb Code     0  startup_stm32f40_41xxx.o(.text)
    DMA1_Stream4_IRQHandler                  0x08003c2b   Thumb Code     0  startup_stm32f40_41xxx.o(.text)
    DMA1_Stream5_IRQHandler                  0x08003c2b   Thumb Code     0  startup_stm32f40_41xxx.o(.text)
    DMA1_Stream6_IRQHandler                  0x08003c2b   Thumb Code     0  startup_stm32f40_41xxx.o(.text)
    DMA1_Stream7_IRQHandler                  0x08003c2b   Thumb Code     0  startup_stm32f40_41xxx.o(.text)
    DMA2_Stream0_IRQHandler                  0x08003c2b   Thumb Code     0  startup_stm32f40_41xxx.o(.text)
    DMA2_Stream1_IRQHandler                  0x08003c2b   Thumb Code     0  startup_stm32f40_41xxx.o(.text)
    DMA2_Stream2_IRQHandler                  0x08003c2b   Thumb Code     0  startup_stm32f40_41xxx.o(.text)
    DMA2_Stream3_IRQHandler                  0x08003c2b   Thumb Code     0  startup_stm32f40_41xxx.o(.text)
    DMA2_Stream4_IRQHandler                  0x08003c2b   Thumb Code     0  startup_stm32f40_41xxx.o(.text)
    DMA2_Stream5_IRQHandler                  0x08003c2b   Thumb Code     0  startup_stm32f40_41xxx.o(.text)
    DMA2_Stream6_IRQHandler                  0x08003c2b   Thumb Code     0  startup_stm32f40_41xxx.o(.text)
    DMA2_Stream7_IRQHandler                  0x08003c2b   Thumb Code     0  startup_stm32f40_41xxx.o(.text)
    ETH_IRQHandler                           0x08003c2b   Thumb Code     0  startup_stm32f40_41xxx.o(.text)
    ETH_WKUP_IRQHandler                      0x08003c2b   Thumb Code     0  startup_stm32f40_41xxx.o(.text)
    EXTI0_IRQHandler                         0x08003c2b   Thumb Code     0  startup_stm32f40_41xxx.o(.text)
    EXTI15_10_IRQHandler                     0x08003c2b   Thumb Code     0  startup_stm32f40_41xxx.o(.text)
    EXTI1_IRQHandler                         0x08003c2b   Thumb Code     0  startup_stm32f40_41xxx.o(.text)
    EXTI2_IRQHandler                         0x08003c2b   Thumb Code     0  startup_stm32f40_41xxx.o(.text)
    EXTI3_IRQHandler                         0x08003c2b   Thumb Code     0  startup_stm32f40_41xxx.o(.text)
    EXTI4_IRQHandler                         0x08003c2b   Thumb Code     0  startup_stm32f40_41xxx.o(.text)
    FLASH_IRQHandler                         0x08003c2b   Thumb Code     0  startup_stm32f40_41xxx.o(.text)
    FPU_IRQHandler                           0x08003c2b   Thumb Code     0  startup_stm32f40_41xxx.o(.text)
    FSMC_IRQHandler                          0x08003c2b   Thumb Code     0  startup_stm32f40_41xxx.o(.text)
    HASH_RNG_IRQHandler                      0x08003c2b   Thumb Code     0  startup_stm32f40_41xxx.o(.text)
    I2C1_ER_IRQHandler                       0x08003c2b   Thumb Code     0  startup_stm32f40_41xxx.o(.text)
    I2C1_EV_IRQHandler                       0x08003c2b   Thumb Code     0  startup_stm32f40_41xxx.o(.text)
    I2C2_ER_IRQHandler                       0x08003c2b   Thumb Code     0  startup_stm32f40_41xxx.o(.text)
    I2C2_EV_IRQHandler                       0x08003c2b   Thumb Code     0  startup_stm32f40_41xxx.o(.text)
    I2C3_ER_IRQHandler                       0x08003c2b   Thumb Code     0  startup_stm32f40_41xxx.o(.text)
    I2C3_EV_IRQHandler                       0x08003c2b   Thumb Code     0  startup_stm32f40_41xxx.o(.text)
    OTG_FS_IRQHandler                        0x08003c2b   Thumb Code     0  startup_stm32f40_41xxx.o(.text)
    OTG_FS_WKUP_IRQHandler                   0x08003c2b   Thumb Code     0  startup_stm32f40_41xxx.o(.text)
    OTG_HS_EP1_IN_IRQHandler                 0x08003c2b   Thumb Code     0  startup_stm32f40_41xxx.o(.text)
    OTG_HS_EP1_OUT_IRQHandler                0x08003c2b   Thumb Code     0  startup_stm32f40_41xxx.o(.text)
    OTG_HS_IRQHandler                        0x08003c2b   Thumb Code     0  startup_stm32f40_41xxx.o(.text)
    OTG_HS_WKUP_IRQHandler                   0x08003c2b   Thumb Code     0  startup_stm32f40_41xxx.o(.text)
    PVD_IRQHandler                           0x08003c2b   Thumb Code     0  startup_stm32f40_41xxx.o(.text)
    RCC_IRQHandler                           0x08003c2b   Thumb Code     0  startup_stm32f40_41xxx.o(.text)
    RTC_Alarm_IRQHandler                     0x08003c2b   Thumb Code     0  startup_stm32f40_41xxx.o(.text)
    RTC_WKUP_IRQHandler                      0x08003c2b   Thumb Code     0  startup_stm32f40_41xxx.o(.text)
    SPI1_IRQHandler                          0x08003c2b   Thumb Code     0  startup_stm32f40_41xxx.o(.text)
    SPI2_IRQHandler                          0x08003c2b   Thumb Code     0  startup_stm32f40_41xxx.o(.text)
    SPI3_IRQHandler                          0x08003c2b   Thumb Code     0  startup_stm32f40_41xxx.o(.text)
    TAMP_STAMP_IRQHandler                    0x08003c2b   Thumb Code     0  startup_stm32f40_41xxx.o(.text)
    TIM1_BRK_TIM9_IRQHandler                 0x08003c2b   Thumb Code     0  startup_stm32f40_41xxx.o(.text)
    TIM1_CC_IRQHandler                       0x08003c2b   Thumb Code     0  startup_stm32f40_41xxx.o(.text)
    TIM1_TRG_COM_TIM11_IRQHandler            0x08003c2b   Thumb Code     0  startup_stm32f40_41xxx.o(.text)
    TIM1_UP_TIM10_IRQHandler                 0x08003c2b   Thumb Code     0  startup_stm32f40_41xxx.o(.text)
    TIM2_IRQHandler                          0x08003c2b   Thumb Code     0  startup_stm32f40_41xxx.o(.text)
    TIM5_IRQHandler                          0x08003c2b   Thumb Code     0  startup_stm32f40_41xxx.o(.text)
    TIM6_DAC_IRQHandler                      0x08003c2b   Thumb Code     0  startup_stm32f40_41xxx.o(.text)
    TIM7_IRQHandler                          0x08003c2b   Thumb Code     0  startup_stm32f40_41xxx.o(.text)
    TIM8_BRK_TIM12_IRQHandler                0x08003c2b   Thumb Code     0  startup_stm32f40_41xxx.o(.text)
    TIM8_CC_IRQHandler                       0x08003c2b   Thumb Code     0  startup_stm32f40_41xxx.o(.text)
    TIM8_TRG_COM_TIM14_IRQHandler            0x08003c2b   Thumb Code     0  startup_stm32f40_41xxx.o(.text)
    TIM8_UP_TIM13_IRQHandler                 0x08003c2b   Thumb Code     0  startup_stm32f40_41xxx.o(.text)
    UART4_IRQHandler                         0x08003c2b   Thumb Code     0  startup_stm32f40_41xxx.o(.text)
    UART5_IRQHandler                         0x08003c2b   Thumb Code     0  startup_stm32f40_41xxx.o(.text)
    USART3_IRQHandler                        0x08003c2b   Thumb Code     0  startup_stm32f40_41xxx.o(.text)
    USART6_IRQHandler                        0x08003c2b   Thumb Code     0  startup_stm32f40_41xxx.o(.text)
    WWDG_IRQHandler                          0x08003c2b   Thumb Code     0  startup_stm32f40_41xxx.o(.text)
    __user_initial_stackheap                 0x08003c2d   Thumb Code     0  startup_stm32f40_41xxx.o(.text)
    NVIC_PriorityGroupConfig                 0x08003c51   Thumb Code    10  misc.o(.text)
    NVIC_Init                                0x08003c5b   Thumb Code   106  misc.o(.text)
    NVIC_SetVectorTable                      0x08003cc5   Thumb Code    14  misc.o(.text)
    NVIC_SystemLPConfig                      0x08003cd3   Thumb Code    34  misc.o(.text)
    SysTick_CLKSourceConfig                  0x08003cf5   Thumb Code    40  misc.o(.text)
    GPIO_DeInit                              0x08003d31   Thumb Code   268  stm32f4xx_gpio.o(.text)
    GPIO_Init                                0x08003e3d   Thumb Code   144  stm32f4xx_gpio.o(.text)
    GPIO_StructInit                          0x08003ecd   Thumb Code    18  stm32f4xx_gpio.o(.text)
    GPIO_PinLockConfig                       0x08003edf   Thumb Code    34  stm32f4xx_gpio.o(.text)
    GPIO_ReadInputDataBit                    0x08003f01   Thumb Code    18  stm32f4xx_gpio.o(.text)
    GPIO_ReadInputData                       0x08003f13   Thumb Code     8  stm32f4xx_gpio.o(.text)
    GPIO_ReadOutputDataBit                   0x08003f1b   Thumb Code    18  stm32f4xx_gpio.o(.text)
    GPIO_ReadOutputData                      0x08003f2d   Thumb Code     8  stm32f4xx_gpio.o(.text)
    GPIO_SetBits                             0x08003f35   Thumb Code     4  stm32f4xx_gpio.o(.text)
    GPIO_ResetBits                           0x08003f39   Thumb Code     4  stm32f4xx_gpio.o(.text)
    GPIO_WriteBit                            0x08003f3d   Thumb Code    10  stm32f4xx_gpio.o(.text)
    GPIO_Write                               0x08003f47   Thumb Code     4  stm32f4xx_gpio.o(.text)
    GPIO_ToggleBits                          0x08003f4b   Thumb Code     8  stm32f4xx_gpio.o(.text)
    GPIO_PinAFConfig                         0x08003f53   Thumb Code    70  stm32f4xx_gpio.o(.text)
    FSMC_NORSRAMDeInit                       0x08003fc5   Thumb Code    54  stm32f4xx_fsmc.o(.text)
    FSMC_NORSRAMInit                         0x08003ffb   Thumb Code   230  stm32f4xx_fsmc.o(.text)
    FSMC_NORSRAMStructInit                   0x080040e1   Thumb Code    48  stm32f4xx_fsmc.o(.text)
    FSMC_NORSRAMCmd                          0x08004111   Thumb Code    46  stm32f4xx_fsmc.o(.text)
    FSMC_NANDDeInit                          0x0800413f   Thumb Code    62  stm32f4xx_fsmc.o(.text)
    FSMC_NANDInit                            0x0800417d   Thumb Code   132  stm32f4xx_fsmc.o(.text)
    FSMC_NANDStructInit                      0x08004201   Thumb Code    54  stm32f4xx_fsmc.o(.text)
    FSMC_NANDCmd                             0x08004237   Thumb Code    86  stm32f4xx_fsmc.o(.text)
    FSMC_NANDECCCmd                          0x0800428d   Thumb Code    86  stm32f4xx_fsmc.o(.text)
    FSMC_GetECC                              0x080042e3   Thumb Code    24  stm32f4xx_fsmc.o(.text)
    FSMC_PCCARDDeInit                        0x080042fb   Thumb Code    36  stm32f4xx_fsmc.o(.text)
    FSMC_PCCARDInit                          0x0800431f   Thumb Code   130  stm32f4xx_fsmc.o(.text)
    FSMC_PCCARDStructInit                    0x080043a1   Thumb Code    60  stm32f4xx_fsmc.o(.text)
    FSMC_PCCARDCmd                           0x080043dd   Thumb Code    44  stm32f4xx_fsmc.o(.text)
    FSMC_ITConfig                            0x08004409   Thumb Code   128  stm32f4xx_fsmc.o(.text)
    FSMC_GetFlagStatus                       0x08004489   Thumb Code    54  stm32f4xx_fsmc.o(.text)
    FSMC_ClearFlag                           0x080044bf   Thumb Code    74  stm32f4xx_fsmc.o(.text)
    FSMC_GetITStatus                         0x08004509   Thumb Code    62  stm32f4xx_fsmc.o(.text)
    FSMC_ClearITPendingBit                   0x08004547   Thumb Code    66  stm32f4xx_fsmc.o(.text)
    DMA_DeInit                               0x0800458d   Thumb Code   324  stm32f4xx_dma.o(.text)
    DMA_Init                                 0x080046d1   Thumb Code    82  stm32f4xx_dma.o(.text)
    DMA_StructInit                           0x08004723   Thumb Code    34  stm32f4xx_dma.o(.text)
    DMA_Cmd                                  0x08004745   Thumb Code    22  stm32f4xx_dma.o(.text)
    DMA_PeriphIncOffsetSizeConfig            0x0800475b   Thumb Code    22  stm32f4xx_dma.o(.text)
    DMA_FlowControllerConfig                 0x08004771   Thumb Code    22  stm32f4xx_dma.o(.text)
    DMA_SetCurrDataCounter                   0x08004787   Thumb Code     4  stm32f4xx_dma.o(.text)
    DMA_GetCurrDataCounter                   0x0800478b   Thumb Code     8  stm32f4xx_dma.o(.text)
    DMA_DoubleBufferModeConfig               0x08004793   Thumb Code    24  stm32f4xx_dma.o(.text)
    DMA_DoubleBufferModeCmd                  0x080047ab   Thumb Code    22  stm32f4xx_dma.o(.text)
    DMA_MemoryTargetConfig                   0x080047c1   Thumb Code    10  stm32f4xx_dma.o(.text)
    DMA_GetCurrentMemoryTarget               0x080047cb   Thumb Code    20  stm32f4xx_dma.o(.text)
    DMA_GetCmdStatus                         0x080047df   Thumb Code    20  stm32f4xx_dma.o(.text)
    DMA_GetFIFOStatus                        0x080047f3   Thumb Code    12  stm32f4xx_dma.o(.text)
    DMA_GetFlagStatus                        0x080047ff   Thumb Code    56  stm32f4xx_dma.o(.text)
    DMA_ClearFlag                            0x08004837   Thumb Code    40  stm32f4xx_dma.o(.text)
    DMA_ITConfig                             0x0800485f   Thumb Code    58  stm32f4xx_dma.o(.text)
    DMA_GetITStatus                          0x08004899   Thumb Code    84  stm32f4xx_dma.o(.text)
    DMA_ClearITPendingBit                    0x080048ed   Thumb Code    40  stm32f4xx_dma.o(.text)
    RCC_DeInit                               0x08004935   Thumb Code    82  stm32f4xx_rcc.o(.text)
    RCC_HSEConfig                            0x08004987   Thumb Code    14  stm32f4xx_rcc.o(.text)
    RCC_GetFlagStatus                        0x08004995   Thumb Code    60  stm32f4xx_rcc.o(.text)
    RCC_WaitForHSEStartUp                    0x080049d1   Thumb Code    56  stm32f4xx_rcc.o(.text)
    RCC_AdjustHSICalibrationValue            0x08004a09   Thumb Code    20  stm32f4xx_rcc.o(.text)
    RCC_HSICmd                               0x08004a1d   Thumb Code     6  stm32f4xx_rcc.o(.text)
    RCC_LSEConfig                            0x08004a23   Thumb Code    46  stm32f4xx_rcc.o(.text)
    RCC_LSICmd                               0x08004a51   Thumb Code     6  stm32f4xx_rcc.o(.text)
    RCC_PLLConfig                            0x08004a57   Thumb Code    32  stm32f4xx_rcc.o(.text)
    RCC_PLLCmd                               0x08004a77   Thumb Code     6  stm32f4xx_rcc.o(.text)
    RCC_PLLI2SConfig                         0x08004a7d   Thumb Code    14  stm32f4xx_rcc.o(.text)
    RCC_PLLI2SCmd                            0x08004a8b   Thumb Code     6  stm32f4xx_rcc.o(.text)
    RCC_PLLSAIConfig                         0x08004a91   Thumb Code    20  stm32f4xx_rcc.o(.text)
    RCC_PLLSAICmd                            0x08004aa5   Thumb Code     6  stm32f4xx_rcc.o(.text)
    RCC_ClockSecuritySystemCmd               0x08004aab   Thumb Code     6  stm32f4xx_rcc.o(.text)
    RCC_MCO1Config                           0x08004ab1   Thumb Code    28  stm32f4xx_rcc.o(.text)
    RCC_MCO2Config                           0x08004acd   Thumb Code    28  stm32f4xx_rcc.o(.text)
    RCC_SYSCLKConfig                         0x08004ae9   Thumb Code    20  stm32f4xx_rcc.o(.text)
    RCC_GetSYSCLKSource                      0x08004afd   Thumb Code    12  stm32f4xx_rcc.o(.text)
    RCC_HCLKConfig                           0x08004b09   Thumb Code    20  stm32f4xx_rcc.o(.text)
    RCC_PCLK1Config                          0x08004b1d   Thumb Code    20  stm32f4xx_rcc.o(.text)
    RCC_PCLK2Config                          0x08004b31   Thumb Code    22  stm32f4xx_rcc.o(.text)
    RCC_GetClocksFreq                        0x08004b47   Thumb Code   222  stm32f4xx_rcc.o(.text)
    RCC_RTCCLKConfig                         0x08004c25   Thumb Code    54  stm32f4xx_rcc.o(.text)
    RCC_RTCCLKCmd                            0x08004c5b   Thumb Code     8  stm32f4xx_rcc.o(.text)
    RCC_BackupResetCmd                       0x08004c63   Thumb Code     8  stm32f4xx_rcc.o(.text)
    RCC_I2SCLKConfig                         0x08004c6b   Thumb Code     6  stm32f4xx_rcc.o(.text)
    RCC_SAIPLLI2SClkDivConfig                0x08004c71   Thumb Code    26  stm32f4xx_rcc.o(.text)
    RCC_SAIPLLSAIClkDivConfig                0x08004c8b   Thumb Code    28  stm32f4xx_rcc.o(.text)
    RCC_SAIBlockACLKConfig                   0x08004ca7   Thumb Code    20  stm32f4xx_rcc.o(.text)
    RCC_SAIBlockBCLKConfig                   0x08004cbb   Thumb Code    20  stm32f4xx_rcc.o(.text)
    RCC_LTDCCLKDivConfig                     0x08004ccf   Thumb Code    20  stm32f4xx_rcc.o(.text)
    RCC_TIMCLKPresConfig                     0x08004ce3   Thumb Code     6  stm32f4xx_rcc.o(.text)
    RCC_AHB1PeriphClockCmd                   0x08004ce9   Thumb Code    34  stm32f4xx_rcc.o(.text)
    RCC_AHB2PeriphClockCmd                   0x08004d0b   Thumb Code    78  stm32f4xx_rcc.o(.text)
    RCC_AHB3PeriphClockCmd                   0x08004d59   Thumb Code    34  stm32f4xx_rcc.o(.text)
    RCC_APB1PeriphClockCmd                   0x08004d7b   Thumb Code    34  stm32f4xx_rcc.o(.text)
    RCC_APB2PeriphClockCmd                   0x08004d9d   Thumb Code    34  stm32f4xx_rcc.o(.text)
    RCC_AHB1PeriphResetCmd                   0x08004dbf   Thumb Code    34  stm32f4xx_rcc.o(.text)
    RCC_AHB2PeriphResetCmd                   0x08004de1   Thumb Code    34  stm32f4xx_rcc.o(.text)
    RCC_AHB3PeriphResetCmd                   0x08004e03   Thumb Code    34  stm32f4xx_rcc.o(.text)
    RCC_APB1PeriphResetCmd                   0x08004e25   Thumb Code    34  stm32f4xx_rcc.o(.text)
    RCC_APB2PeriphResetCmd                   0x08004e47   Thumb Code    34  stm32f4xx_rcc.o(.text)
    RCC_AHB1PeriphClockLPModeCmd             0x08004e69   Thumb Code    34  stm32f4xx_rcc.o(.text)
    RCC_AHB2PeriphClockLPModeCmd             0x08004e8b   Thumb Code    34  stm32f4xx_rcc.o(.text)
    RCC_AHB3PeriphClockLPModeCmd             0x08004ead   Thumb Code    34  stm32f4xx_rcc.o(.text)
    RCC_APB1PeriphClockLPModeCmd             0x08004ecf   Thumb Code    34  stm32f4xx_rcc.o(.text)
    RCC_APB2PeriphClockLPModeCmd             0x08004ef1   Thumb Code    34  stm32f4xx_rcc.o(.text)
    RCC_LSEModeConfig                        0x08004f13   Thumb Code    40  stm32f4xx_rcc.o(.text)
    RCC_ITConfig                             0x08004f3b   Thumb Code    34  stm32f4xx_rcc.o(.text)
    RCC_ClearFlag                            0x08004f5d   Thumb Code    18  stm32f4xx_rcc.o(.text)
    RCC_GetITStatus                          0x08004f6f   Thumb Code    22  stm32f4xx_rcc.o(.text)
    RCC_ClearITPendingBit                    0x08004f85   Thumb Code     8  stm32f4xx_rcc.o(.text)
    SYSCFG_DeInit                            0x08004f91   Thumb Code    22  stm32f4xx_syscfg.o(.text)
    SYSCFG_MemoryRemapConfig                 0x08004fa7   Thumb Code     6  stm32f4xx_syscfg.o(.text)
    SYSCFG_MemorySwappingBank                0x08004fad   Thumb Code     6  stm32f4xx_syscfg.o(.text)
    SYSCFG_EXTILineConfig                    0x08004fb3   Thumb Code    66  stm32f4xx_syscfg.o(.text)
    SYSCFG_ETH_MediaInterfaceConfig          0x08004ff5   Thumb Code     8  stm32f4xx_syscfg.o(.text)
    SYSCFG_CompensationCellCmd               0x08004ffd   Thumb Code     6  stm32f4xx_syscfg.o(.text)
    SYSCFG_GetCompensationCellStatus         0x08005003   Thumb Code    22  stm32f4xx_syscfg.o(.text)
    USART_DeInit                             0x08005025   Thumb Code   206  stm32f4xx_usart.o(.text)
    USART_Init                               0x080050f3   Thumb Code   204  stm32f4xx_usart.o(.text)
    USART_StructInit                         0x080051bf   Thumb Code    24  stm32f4xx_usart.o(.text)
    USART_ClockInit                          0x080051d7   Thumb Code    32  stm32f4xx_usart.o(.text)
    USART_ClockStructInit                    0x080051f7   Thumb Code    12  stm32f4xx_usart.o(.text)
    USART_Cmd                                0x08005203   Thumb Code    24  stm32f4xx_usart.o(.text)
    USART_SetPrescaler                       0x0800521b   Thumb Code    16  stm32f4xx_usart.o(.text)
    USART_OverSampling8Cmd                   0x0800522b   Thumb Code    22  stm32f4xx_usart.o(.text)
    USART_OneBitMethodCmd                    0x08005241   Thumb Code    24  stm32f4xx_usart.o(.text)
    USART_SendData                           0x08005259   Thumb Code     8  stm32f4xx_usart.o(.text)
    USART_ReceiveData                        0x08005261   Thumb Code    10  stm32f4xx_usart.o(.text)
    USART_SetAddress                         0x0800526b   Thumb Code    18  stm32f4xx_usart.o(.text)
    USART_ReceiverWakeUpCmd                  0x0800527d   Thumb Code    24  stm32f4xx_usart.o(.text)
    USART_WakeUpConfig                       0x08005295   Thumb Code    18  stm32f4xx_usart.o(.text)
    USART_LINBreakDetectLengthConfig         0x080052a7   Thumb Code    18  stm32f4xx_usart.o(.text)
    USART_LINCmd                             0x080052b9   Thumb Code    24  stm32f4xx_usart.o(.text)
    USART_SendBreak                          0x080052d1   Thumb Code    10  stm32f4xx_usart.o(.text)
    USART_HalfDuplexCmd                      0x080052db   Thumb Code    24  stm32f4xx_usart.o(.text)
    USART_SetGuardTime                       0x080052f3   Thumb Code    16  stm32f4xx_usart.o(.text)
    USART_SmartCardCmd                       0x08005303   Thumb Code    24  stm32f4xx_usart.o(.text)
    USART_SmartCardNACKCmd                   0x0800531b   Thumb Code    24  stm32f4xx_usart.o(.text)
    USART_IrDAConfig                         0x08005333   Thumb Code    18  stm32f4xx_usart.o(.text)
    USART_IrDACmd                            0x08005345   Thumb Code    24  stm32f4xx_usart.o(.text)
    USART_DMACmd                             0x0800535d   Thumb Code    18  stm32f4xx_usart.o(.text)
    USART_ITConfig                           0x0800536f   Thumb Code    74  stm32f4xx_usart.o(.text)
    USART_GetFlagStatus                      0x080053b9   Thumb Code    26  stm32f4xx_usart.o(.text)
    USART_ClearFlag                          0x080053d3   Thumb Code    18  stm32f4xx_usart.o(.text)
    USART_GetITStatus                        0x080053e5   Thumb Code   118  stm32f4xx_usart.o(.text)
    USART_ClearITPendingBit                  0x0800545b   Thumb Code    30  stm32f4xx_usart.o(.text)
    TIM_DeInit                               0x08005479   Thumb Code   346  stm32f4xx_tim.o(.text)
    TIM_TimeBaseInit                         0x080055d3   Thumb Code   104  stm32f4xx_tim.o(.text)
    TIM_TimeBaseStructInit                   0x0800563b   Thumb Code    18  stm32f4xx_tim.o(.text)
    TIM_PrescalerConfig                      0x0800564d   Thumb Code     6  stm32f4xx_tim.o(.text)
    TIM_CounterModeConfig                    0x08005653   Thumb Code    18  stm32f4xx_tim.o(.text)
    TIM_SetCounter                           0x08005665   Thumb Code     4  stm32f4xx_tim.o(.text)
    TIM_SetAutoreload                        0x08005669   Thumb Code     4  stm32f4xx_tim.o(.text)
    TIM_GetCounter                           0x0800566d   Thumb Code     6  stm32f4xx_tim.o(.text)
    TIM_GetPrescaler                         0x08005673   Thumb Code     6  stm32f4xx_tim.o(.text)
    TIM_UpdateDisableConfig                  0x08005679   Thumb Code    24  stm32f4xx_tim.o(.text)
    TIM_UpdateRequestConfig                  0x08005691   Thumb Code    24  stm32f4xx_tim.o(.text)
    TIM_ARRPreloadConfig                     0x080056a9   Thumb Code    24  stm32f4xx_tim.o(.text)
    TIM_SelectOnePulseMode                   0x080056c1   Thumb Code    18  stm32f4xx_tim.o(.text)
    TIM_SetClockDivision                     0x080056d3   Thumb Code    18  stm32f4xx_tim.o(.text)
    TIM_Cmd                                  0x080056e5   Thumb Code    24  stm32f4xx_tim.o(.text)
    TIM_OC1Init                              0x080056fd   Thumb Code   114  stm32f4xx_tim.o(.text)
    TIM_OC2Init                              0x0800576f   Thumb Code   154  stm32f4xx_tim.o(.text)
    TIM_OC3Init                              0x08005809   Thumb Code   204  stm32f4xx_tim.o(.text)
    TIM_OC4Init                              0x080058d5   Thumb Code   112  stm32f4xx_tim.o(.text)
    TIM_OCStructInit                         0x08005945   Thumb Code    20  stm32f4xx_tim.o(.text)
    TIM_SelectOCxM                           0x08005959   Thumb Code    86  stm32f4xx_tim.o(.text)
    TIM_SetCompare1                          0x080059af   Thumb Code     4  stm32f4xx_tim.o(.text)
    TIM_SetCompare2                          0x080059b3   Thumb Code     4  stm32f4xx_tim.o(.text)
    TIM_SetCompare3                          0x080059b7   Thumb Code     4  stm32f4xx_tim.o(.text)
    TIM_SetCompare4                          0x080059bb   Thumb Code     4  stm32f4xx_tim.o(.text)
    TIM_ForcedOC1Config                      0x080059bf   Thumb Code    18  stm32f4xx_tim.o(.text)
    TIM_ForcedOC2Config                      0x080059d1   Thumb Code    26  stm32f4xx_tim.o(.text)
    TIM_ForcedOC3Config                      0x080059eb   Thumb Code    18  stm32f4xx_tim.o(.text)
    TIM_ForcedOC4Config                      0x080059fd   Thumb Code    26  stm32f4xx_tim.o(.text)
    TIM_OC1PreloadConfig                     0x08005a17   Thumb Code    18  stm32f4xx_tim.o(.text)
    TIM_OC2PreloadConfig                     0x08005a29   Thumb Code    26  stm32f4xx_tim.o(.text)
    TIM_OC3PreloadConfig                     0x08005a43   Thumb Code    18  stm32f4xx_tim.o(.text)
    TIM_OC4PreloadConfig                     0x08005a55   Thumb Code    26  stm32f4xx_tim.o(.text)
    TIM_OC1FastConfig                        0x08005a6f   Thumb Code    18  stm32f4xx_tim.o(.text)
    TIM_OC2FastConfig                        0x08005a81   Thumb Code    26  stm32f4xx_tim.o(.text)
    TIM_OC3FastConfig                        0x08005a9b   Thumb Code    18  stm32f4xx_tim.o(.text)
    TIM_OC4FastConfig                        0x08005aad   Thumb Code    26  stm32f4xx_tim.o(.text)
    TIM_ClearOC1Ref                          0x08005ac7   Thumb Code    18  stm32f4xx_tim.o(.text)
    TIM_ClearOC2Ref                          0x08005ad9   Thumb Code    24  stm32f4xx_tim.o(.text)
    TIM_ClearOC3Ref                          0x08005af1   Thumb Code    18  stm32f4xx_tim.o(.text)
    TIM_ClearOC4Ref                          0x08005b03   Thumb Code    24  stm32f4xx_tim.o(.text)
    TIM_OC1PolarityConfig                    0x08005b1b   Thumb Code    18  stm32f4xx_tim.o(.text)
    TIM_OC1NPolarityConfig                   0x08005b2d   Thumb Code    18  stm32f4xx_tim.o(.text)
    TIM_OC2PolarityConfig                    0x08005b3f   Thumb Code    26  stm32f4xx_tim.o(.text)
    TIM_OC2NPolarityConfig                   0x08005b59   Thumb Code    26  stm32f4xx_tim.o(.text)
    TIM_OC3PolarityConfig                    0x08005b73   Thumb Code    26  stm32f4xx_tim.o(.text)
    TIM_OC3NPolarityConfig                   0x08005b8d   Thumb Code    26  stm32f4xx_tim.o(.text)
    TIM_OC4PolarityConfig                    0x08005ba7   Thumb Code    26  stm32f4xx_tim.o(.text)
    TIM_CCxCmd                               0x08005bc1   Thumb Code    30  stm32f4xx_tim.o(.text)
    TIM_CCxNCmd                              0x08005bdf   Thumb Code    30  stm32f4xx_tim.o(.text)
    TIM_SetIC4Prescaler                      0x08005bfd   Thumb Code    26  stm32f4xx_tim.o(.text)
    TIM_SetIC3Prescaler                      0x08005c67   Thumb Code    18  stm32f4xx_tim.o(.text)
    TIM_SetIC2Prescaler                      0x08005cc1   Thumb Code    26  stm32f4xx_tim.o(.text)
    TIM_SetIC1Prescaler                      0x08005d35   Thumb Code    18  stm32f4xx_tim.o(.text)
    TIM_ICInit                               0x08005d81   Thumb Code   110  stm32f4xx_tim.o(.text)
    TIM_ICStructInit                         0x08005def   Thumb Code    18  stm32f4xx_tim.o(.text)
    TIM_PWMIConfig                           0x08005e01   Thumb Code   124  stm32f4xx_tim.o(.text)
    TIM_GetCapture1                          0x08005e7d   Thumb Code     6  stm32f4xx_tim.o(.text)
    TIM_GetCapture2                          0x08005e83   Thumb Code     6  stm32f4xx_tim.o(.text)
    TIM_GetCapture3                          0x08005e89   Thumb Code     6  stm32f4xx_tim.o(.text)
    TIM_GetCapture4                          0x08005e8f   Thumb Code     6  stm32f4xx_tim.o(.text)
    TIM_BDTRConfig                           0x08005e95   Thumb Code    32  stm32f4xx_tim.o(.text)
    TIM_BDTRStructInit                       0x08005eb5   Thumb Code    18  stm32f4xx_tim.o(.text)
    TIM_CtrlPWMOutputs                       0x08005ec7   Thumb Code    30  stm32f4xx_tim.o(.text)
    TIM_SelectCOM                            0x08005ee5   Thumb Code    24  stm32f4xx_tim.o(.text)
    TIM_CCPreloadControl                     0x08005efd   Thumb Code    24  stm32f4xx_tim.o(.text)
    TIM_ITConfig                             0x08005f15   Thumb Code    18  stm32f4xx_tim.o(.text)
    TIM_GenerateEvent                        0x08005f27   Thumb Code     4  stm32f4xx_tim.o(.text)
    TIM_GetFlagStatus                        0x08005f2b   Thumb Code    18  stm32f4xx_tim.o(.text)
    TIM_ClearFlag                            0x08005f3d   Thumb Code     6  stm32f4xx_tim.o(.text)
    TIM_GetITStatus                          0x08005f43   Thumb Code    34  stm32f4xx_tim.o(.text)
    TIM_ClearITPendingBit                    0x08005f65   Thumb Code     6  stm32f4xx_tim.o(.text)
    TIM_DMAConfig                            0x08005f6b   Thumb Code    10  stm32f4xx_tim.o(.text)
    TIM_DMACmd                               0x08005f75   Thumb Code    18  stm32f4xx_tim.o(.text)
    TIM_SelectCCDMA                          0x08005f87   Thumb Code    24  stm32f4xx_tim.o(.text)
    TIM_InternalClockConfig                  0x08005f9f   Thumb Code    12  stm32f4xx_tim.o(.text)
    TIM_SelectInputTrigger                   0x08005fab   Thumb Code    18  stm32f4xx_tim.o(.text)
    TIM_ITRxExternalClockConfig              0x08005fbd   Thumb Code    24  stm32f4xx_tim.o(.text)
    TIM_TIxExternalClockConfig               0x08005fd5   Thumb Code    62  stm32f4xx_tim.o(.text)
    TIM_ETRConfig                            0x08006013   Thumb Code    28  stm32f4xx_tim.o(.text)
    TIM_ETRClockMode1Config                  0x0800602f   Thumb Code    54  stm32f4xx_tim.o(.text)
    TIM_ETRClockMode2Config                  0x08006065   Thumb Code    32  stm32f4xx_tim.o(.text)
    TIM_SelectOutputTrigger                  0x08006085   Thumb Code    18  stm32f4xx_tim.o(.text)
    TIM_SelectSlaveMode                      0x08006097   Thumb Code    18  stm32f4xx_tim.o(.text)
    TIM_SelectMasterSlaveMode                0x080060a9   Thumb Code    18  stm32f4xx_tim.o(.text)
    TIM_EncoderInterfaceConfig               0x080060bb   Thumb Code    66  stm32f4xx_tim.o(.text)
    TIM_SelectHallSensor                     0x080060fd   Thumb Code    24  stm32f4xx_tim.o(.text)
    TIM_RemapConfig                          0x08006115   Thumb Code     6  stm32f4xx_tim.o(.text)
    SPI_I2S_DeInit                           0x0800611d   Thumb Code   152  stm32f4xx_spi.o(.text)
    SPI_Init                                 0x080061b5   Thumb Code    60  stm32f4xx_spi.o(.text)
    I2S_Init                                 0x080061f1   Thumb Code   396  stm32f4xx_spi.o(.text)
    SPI_StructInit                           0x0800637d   Thumb Code    24  stm32f4xx_spi.o(.text)
    I2S_StructInit                           0x08006395   Thumb Code    20  stm32f4xx_spi.o(.text)
    SPI_Cmd                                  0x080063a9   Thumb Code    24  stm32f4xx_spi.o(.text)
    I2S_Cmd                                  0x080063c1   Thumb Code    24  stm32f4xx_spi.o(.text)
    SPI_DataSizeConfig                       0x080063d9   Thumb Code    18  stm32f4xx_spi.o(.text)
    SPI_BiDirectionalLineConfig              0x080063eb   Thumb Code    28  stm32f4xx_spi.o(.text)
    SPI_NSSInternalSoftwareConfig            0x08006407   Thumb Code    30  stm32f4xx_spi.o(.text)
    SPI_SSOutputCmd                          0x08006425   Thumb Code    24  stm32f4xx_spi.o(.text)
    SPI_TIModeCmd                            0x0800643d   Thumb Code    24  stm32f4xx_spi.o(.text)
    I2S_FullDuplexConfig                     0x08006455   Thumb Code    80  stm32f4xx_spi.o(.text)
    SPI_I2S_ReceiveData                      0x080064a5   Thumb Code     6  stm32f4xx_spi.o(.text)
    SPI_I2S_SendData                         0x080064ab   Thumb Code     4  stm32f4xx_spi.o(.text)
    SPI_CalculateCRC                         0x080064af   Thumb Code    24  stm32f4xx_spi.o(.text)
    SPI_TransmitCRC                          0x080064c7   Thumb Code    10  stm32f4xx_spi.o(.text)
    SPI_GetCRC                               0x080064d1   Thumb Code    16  stm32f4xx_spi.o(.text)
    SPI_GetCRCPolynomial                     0x080064e1   Thumb Code     6  stm32f4xx_spi.o(.text)
    SPI_I2S_DMACmd                           0x080064e7   Thumb Code    18  stm32f4xx_spi.o(.text)
    SPI_I2S_ITConfig                         0x080064f9   Thumb Code    68  stm32f4xx_spi.o(.text)
    SPI_I2S_GetFlagStatus                    0x0800653d   Thumb Code    18  stm32f4xx_spi.o(.text)
    SPI_I2S_ClearFlag                        0x0800654f   Thumb Code     6  stm32f4xx_spi.o(.text)
    SPI_I2S_GetITStatus                      0x08006555   Thumb Code    52  stm32f4xx_spi.o(.text)
    SPI_I2S_ClearITPendingBit                0x08006589   Thumb Code    20  stm32f4xx_spi.o(.text)
    SDIO_DeInit                              0x0800659d   Thumb Code    22  stm32f4xx_sdio.o(.text)
    SDIO_Init                                0x080065b3   Thumb Code    42  stm32f4xx_sdio.o(.text)
    SDIO_StructInit                          0x080065dd   Thumb Code    16  stm32f4xx_sdio.o(.text)
    SDIO_ClockCmd                            0x080065ed   Thumb Code     6  stm32f4xx_sdio.o(.text)
    SDIO_SetPowerState                       0x080065f3   Thumb Code     8  stm32f4xx_sdio.o(.text)
    SDIO_GetPowerState                       0x080065fb   Thumb Code    12  stm32f4xx_sdio.o(.text)
    SDIO_SendCommand                         0x08006607   Thumb Code    42  stm32f4xx_sdio.o(.text)
    SDIO_CmdStructInit                       0x08006631   Thumb Code    14  stm32f4xx_sdio.o(.text)
    SDIO_GetCommandResponse                  0x0800663f   Thumb Code    10  stm32f4xx_sdio.o(.text)
    SDIO_GetResponse                         0x08006649   Thumb Code    22  stm32f4xx_sdio.o(.text)
    SDIO_DataConfig                          0x0800665f   Thumb Code    48  stm32f4xx_sdio.o(.text)
    SDIO_DataStructInit                      0x0800668f   Thumb Code    20  stm32f4xx_sdio.o(.text)
    SDIO_GetDataCounter                      0x080066a3   Thumb Code     8  stm32f4xx_sdio.o(.text)
    SDIO_ReadData                            0x080066ab   Thumb Code     8  stm32f4xx_sdio.o(.text)
    SDIO_WriteData                           0x080066b3   Thumb Code     8  stm32f4xx_sdio.o(.text)
    SDIO_GetFIFOCount                        0x080066bb   Thumb Code     8  stm32f4xx_sdio.o(.text)
    SDIO_StartSDIOReadWait                   0x080066c3   Thumb Code     6  stm32f4xx_sdio.o(.text)
    SDIO_StopSDIOReadWait                    0x080066c9   Thumb Code     8  stm32f4xx_sdio.o(.text)
    SDIO_SetSDIOReadWaitMode                 0x080066d1   Thumb Code     8  stm32f4xx_sdio.o(.text)
    SDIO_SetSDIOOperation                    0x080066d9   Thumb Code     8  stm32f4xx_sdio.o(.text)
    SDIO_SendSDIOSuspendCmd                  0x080066e1   Thumb Code     6  stm32f4xx_sdio.o(.text)
    SDIO_CommandCompletionCmd                0x080066e7   Thumb Code     8  stm32f4xx_sdio.o(.text)
    SDIO_CEATAITCmd                          0x080066ef   Thumb Code    12  stm32f4xx_sdio.o(.text)
    SDIO_SendCEATACmd                        0x080066fb   Thumb Code     8  stm32f4xx_sdio.o(.text)
    SDIO_DMACmd                              0x08006703   Thumb Code     8  stm32f4xx_sdio.o(.text)
    SDIO_ITConfig                            0x0800670b   Thumb Code    34  stm32f4xx_sdio.o(.text)
    SDIO_GetFlagStatus                       0x0800672d   Thumb Code    22  stm32f4xx_sdio.o(.text)
    SDIO_ClearFlag                           0x08006743   Thumb Code     8  stm32f4xx_sdio.o(.text)
    SDIO_GetITStatus                         0x0800674b   Thumb Code    22  stm32f4xx_sdio.o(.text)
    SDIO_ClearITPendingBit                   0x08006761   Thumb Code     8  stm32f4xx_sdio.o(.text)
    EXTI_DeInit                              0x08006779   Thumb Code    28  stm32f4xx_exti.o(.text)
    EXTI_Init                                0x08006795   Thumb Code   142  stm32f4xx_exti.o(.text)
    EXTI_StructInit                          0x08006823   Thumb Code    16  stm32f4xx_exti.o(.text)
    EXTI_GenerateSWInterrupt                 0x08006833   Thumb Code    16  stm32f4xx_exti.o(.text)
    EXTI_GetFlagStatus                       0x08006843   Thumb Code    22  stm32f4xx_exti.o(.text)
    EXTI_ClearFlag                           0x08006859   Thumb Code     8  stm32f4xx_exti.o(.text)
    EXTI_GetITStatus                         0x08006861   Thumb Code    22  stm32f4xx_exti.o(.text)
    EXTI_ClearITPendingBit                   0x08006877   Thumb Code     8  stm32f4xx_exti.o(.text)
    usmart_sys_cmd_exe                       0x08006889   Thumb Code  1554  usmart.o(.text)
    usmart_reset_runtime                     0x08006e9b   Thumb Code    38  usmart.o(.text)
    usmart_get_runtime                       0x08006ec1   Thumb Code    60  usmart.o(.text)
    TIM4_IRQHandler                          0x08006efd   Thumb Code    46  usmart.o(.text)
    Timer4_Init                              0x08006f2b   Thumb Code    86  usmart.o(.text)
    usmart_init                              0x08006f81   Thumb Code    36  usmart.o(.text)
    usmart_cmd_rec                           0x08006fa5   Thumb Code   170  usmart.o(.text)
    usmart_exe                               0x0800704f   Thumb Code   868  usmart.o(.text)
    usmart_scan                              0x080073b3   Thumb Code   120  usmart.o(.text)
    read_addr                                0x0800742b   Thumb Code     6  usmart.o(.text)
    write_addr                               0x08007431   Thumb Code     4  usmart.o(.text)
    usmart_strcmp                            0x080074bd   Thumb Code    34  usmart_str.o(.text)
    usmart_strcopy                           0x080074df   Thumb Code    22  usmart_str.o(.text)
    usmart_strlen                            0x080074f5   Thumb Code    24  usmart_str.o(.text)
    usmart_pow                               0x0800750d   Thumb Code    22  usmart_str.o(.text)
    usmart_str2num                           0x08007523   Thumb Code   202  usmart_str.o(.text)
    usmart_get_cmdname                       0x080075ed   Thumb Code    54  usmart_str.o(.text)
    usmart_search_nextc                      0x08007623   Thumb Code    22  usmart_str.o(.text)
    usmart_get_fname                         0x08007639   Thumb Code   440  usmart_str.o(.text)
    usmart_get_aparm                         0x080077f1   Thumb Code   200  usmart_str.o(.text)
    usmart_get_parmpos                       0x080078b9   Thumb Code    26  usmart_str.o(.text)
    usmart_get_fparam                        0x080078d3   Thumb Code   262  usmart_str.o(.text)
    disk_initialize                          0x080079e5   Thumb Code    52  diskio.o(.text)
    disk_status                              0x08007a19   Thumb Code     6  diskio.o(.text)
    disk_read                                0x08007a1f   Thumb Code   122  diskio.o(.text)
    disk_write                               0x08007a99   Thumb Code   122  diskio.o(.text)
    disk_ioctl                               0x08007b13   Thumb Code   170  diskio.o(.text)
    get_fattime                              0x08007bbd   Thumb Code     4  diskio.o(.text)
    ff_memalloc                              0x08007bc1   Thumb Code    14  diskio.o(.text)
    ff_memfree                               0x08007bcf   Thumb Code    14  diskio.o(.text)
    clust2sect                               0x08007d93   Thumb Code    26  ff.o(.text)
    get_fat                                  0x08007dad   Thumb Code   232  ff.o(.text)
    put_fat                                  0x08007e95   Thumb Code   310  ff.o(.text)
    dir_sdi                                  0x0800813f   Thumb Code   158  ff.o(.text)
    f_mount                                  0x080091b1   Thumb Code    86  ff.o(.text)
    f_open                                   0x08009207   Thumb Code   384  ff.o(.text)
    f_read                                   0x08009387   Thumb Code   448  ff.o(.text)
    f_write                                  0x08009547   Thumb Code   490  ff.o(.text)
    f_sync                                   0x08009731   Thumb Code   176  ff.o(.text)
    f_close                                  0x080097e1   Thumb Code    36  ff.o(.text)
    f_lseek                                  0x08009805   Thumb Code   654  ff.o(.text)
    f_opendir                                0x08009a93   Thumb Code   136  ff.o(.text)
    f_closedir                               0x08009b1b   Thumb Code    22  ff.o(.text)
    f_readdir                                0x08009b31   Thumb Code   114  ff.o(.text)
    f_stat                                   0x08009ba3   Thumb Code    84  ff.o(.text)
    f_getfree                                0x08009bf7   Thumb Code   258  ff.o(.text)
    f_truncate                               0x08009cf9   Thumb Code   184  ff.o(.text)
    f_unlink                                 0x08009db1   Thumb Code   194  ff.o(.text)
    f_mkdir                                  0x08009e73   Thumb Code   380  ff.o(.text)
    f_chmod                                  0x08009fef   Thumb Code   112  ff.o(.text)
    f_utime                                  0x0800a05f   Thumb Code   110  ff.o(.text)
    f_rename                                 0x0800a0cd   Thumb Code   314  ff.o(.text)
    f_getlabel                               0x0800a207   Thumb Code   190  ff.o(.text)
    f_setlabel                               0x0800a2c5   Thumb Code   470  ff.o(.text)
    f_mkfs                                   0x0800a49b   Thumb Code  1570  ff.o(.text)
    f_gets                                   0x0800aabd   Thumb Code    82  ff.o(.text)
    f_putc                                   0x0800ab53   Thumb Code    64  ff.o(.text)
    f_puts                                   0x0800ab93   Thumb Code    74  ff.o(.text)
    f_printf                                 0x0800abdd   Thumb Code   674  ff.o(.text)
    ff_convert                               0x0800ae81   Thumb Code   116  cc936.o(.text)
    ff_wtoupper                              0x0800aef5   Thumb Code    46  cc936.o(.text)
    exfuns_init                              0x0800af35   Thumb Code   114  exfuns.o(.text)
    char_upper                               0x0800afa7   Thumb Code    26  exfuns.o(.text)
    f_typetell                               0x0800afc1   Thumb Code   172  exfuns.o(.text)
    exf_getfree                              0x0800b06d   Thumb Code    74  exfuns.o(.text)
    mymemcpy                                 0x0800b0cd   Thumb Code    26  malloc.o(.text)
    mymemset                                 0x0800b0e7   Thumb Code    20  malloc.o(.text)
    my_mem_init                              0x0800b0fb   Thumb Code    54  malloc.o(.text)
    my_mem_perused                           0x0800b131   Thumb Code    54  malloc.o(.text)
    my_mem_malloc                            0x0800b167   Thumb Code   154  malloc.o(.text)
    my_mem_free                              0x0800b201   Thumb Code    94  malloc.o(.text)
    myfree                                   0x0800b25f   Thumb Code    32  malloc.o(.text)
    mymalloc                                 0x0800b27f   Thumb Code    36  malloc.o(.text)
    myrealloc                                0x0800b2a3   Thumb Code    68  malloc.o(.text)
    __use_no_semihosting                     0x0800b2f9   Thumb Code     2  use_no_semi_2.o(.text)
    __aeabi_ldivmod                          0x0800b2fb   Thumb Code     0  llsdiv.o(.text)
    _ll_sdiv                                 0x0800b2fb   Thumb Code    72  llsdiv.o(.text)
    __2printf                                0x0800b345   Thumb Code    20  noretval__2printf.o(.text)
    _printf_pre_padding                      0x0800b35d   Thumb Code    44  _printf_pad.o(.text)
    _printf_post_padding                     0x0800b389   Thumb Code    34  _printf_pad.o(.text)
    _printf_str                              0x0800b3ab   Thumb Code    82  _printf_str.o(.text)
    _printf_int_dec                          0x0800b3fd   Thumb Code   104  _printf_dec.o(.text)
    _printf_int_hex                          0x0800b475   Thumb Code    84  _printf_hex_int.o(.text)
    _printf_longlong_hex                     0x0800b475   Thumb Code     0  _printf_hex_int.o(.text)
    __printf                                 0x0800b4cd   Thumb Code   388  __printf_flags_ss_wp.o(.text)
    strcpy                                   0x0800b655   Thumb Code    72  strcpy.o(.text)
    __aeabi_memcpy                           0x0800b69d   Thumb Code     0  rt_memcpy_v6.o(.text)
    __rt_memcpy                              0x0800b69d   Thumb Code   138  rt_memcpy_v6.o(.text)
    _memcpy_lastbytes                        0x0800b703   Thumb Code     0  rt_memcpy_v6.o(.text)
    strcmp                                   0x0800b729   Thumb Code   128  strcmpv7m.o(.text)
    __use_two_region_memory                  0x0800b7a9   Thumb Code     2  heapauxi.o(.text)
    __rt_heap_escrow$2region                 0x0800b7ab   Thumb Code     2  heapauxi.o(.text)
    __rt_heap_expand$2region                 0x0800b7ad   Thumb Code     2  heapauxi.o(.text)
    __I$use$semihosting                      0x0800b7af   Thumb Code     0  use_no_semi.o(.text)
    __use_no_semihosting_swi                 0x0800b7af   Thumb Code     2  use_no_semi.o(.text)
    __aeabi_uldivmod                         0x0800b7b1   Thumb Code     0  lludivv7m.o(.text)
    _ll_udiv                                 0x0800b7b1   Thumb Code   238  lludivv7m.o(.text)
    _printf_int_common                       0x0800b89f   Thumb Code   178  _printf_intcommon.o(.text)
    _printf_cs_common                        0x0800b951   Thumb Code    20  _printf_char.o(.text)
    _printf_char                             0x0800b965   Thumb Code    16  _printf_char.o(.text)
    _printf_string                           0x0800b975   Thumb Code     8  _printf_char.o(.text)
    _printf_char_file                        0x0800b97d   Thumb Code    32  _printf_char_file.o(.text)
    __aeabi_memcpy4                          0x0800b9a1   Thumb Code     0  rt_memcpy_w.o(.text)
    __aeabi_memcpy8                          0x0800b9a1   Thumb Code     0  rt_memcpy_w.o(.text)
    __rt_memcpy_w                            0x0800b9a1   Thumb Code   100  rt_memcpy_w.o(.text)
    _memcpy_lastbytes_aligned                0x0800b9e9   Thumb Code     0  rt_memcpy_w.o(.text)
    _printf_char_common                      0x0800ba0f   Thumb Code    32  _printf_char_common.o(.text)
    ferror                                   0x0800ba35   Thumb Code     8  ferror.o(.text)
    __user_setup_stackheap                   0x0800ba3d   Thumb Code    74  sys_stackheap_outer.o(.text)
    exit                                     0x0800ba87   Thumb Code    18  exit.o(.text)
    __user_libspace                          0x0800ba99   Thumb Code     8  libspace.o(.text)
    __user_perproc_libspace                  0x0800ba99   Thumb Code     0  libspace.o(.text)
    __user_perthread_libspace                0x0800ba99   Thumb Code     0  libspace.o(.text)
    _is_digit                                0x0800baa1   Thumb Code    14  __printf_wp.o(i._is_digit)
    _fp_init                                 0x0800baaf   Thumb Code    10  fpinit.o(x$fpl$fpinit)
    __fplib_config_fpu_vfp                   0x0800bab7   Thumb Code     0  fpinit.o(x$fpl$fpinit)
    __fplib_config_pureend_doubles           0x0800bab7   Thumb Code     0  fpinit.o(x$fpl$fpinit)
    char_1206                                0x0800bab8   Data        1140  lcd.o(.constdata)
    char_1608                                0x0800bf2c   Data        1520  lcd.o(.constdata)
    char_2412                                0x0800c51c   Data        4560  lcd.o(.constdata)
    FSMC_DefaultTimingStruct                 0x0800d6ec   Data          28  stm32f4xx_fsmc.o(.constdata)
    FILE_TYPE_TBL                            0x0803840c   Data         112  exfuns.o(.constdata)
    memtblsize                               0x0803847c   Data          12  malloc.o(.constdata)
    memblksize                               0x08038488   Data          12  malloc.o(.constdata)
    memsize                                  0x08038494   Data          12  malloc.o(.constdata)
    Region$$Table$$Base                      0x080385b4   Number         0  anon$$obj.o(Region$$Table)
    Region$$Table$$Limit                     0x080385d4   Number         0  anon$$obj.o(Region$$Table)
    mem3base                                 0x10000000   Data       61440  malloc.o(.ARM.__AT_0x10000000)
    mem3mapbase                              0x1000f000   Data        3840  malloc.o(.ARM.__AT_0x1000F000)
    bww                                      0x20000000   Data           4  main.o(.data)
    number                                   0x20000004   Data           4  main.o(.data)
    Flag_WriteFinsh                          0x20000008   Data           1  main.o(.data)
    p                                        0x2000000c   Data           4  main.o(.data)
    temp_cnt                                 0x20000010   Data           2  main.o(.data)
    framebuffer                              0x20000014   Data           4  main.o(.data)
    SystemCoreClock                          0x20000018   Data           4  system_stm32f4xx.o(.data)
    AHBPrescTable                            0x2000001c   Data          16  system_stm32f4xx.o(.data)
    ReceiveBuffer1_Status                    0x20000030   Data           1  usart2.o(.data)
    ReceiveBuffer2_Status                    0x20000031   Data           1  usart2.o(.data)
    rcnt                                     0x20000034   Data           4  usart2.o(.data)
    BRUSH_COLOR                              0x20000038   Data           2  lcd.o(.data)
    BACK_COLOR                               0x2000003a   Data           2  lcd.o(.data)
    lcd_id                                   0x2000003c   Data           2  lcd.o(.data)
    dir_flag                                 0x2000003e   Data           1  lcd.o(.data)
    lcd_width                                0x20000040   Data           2  lcd.o(.data)
    lcd_height                               0x20000042   Data           2  lcd.o(.data)
    write_gramcmd                            0x20000044   Data           2  lcd.o(.data)
    setxcmd                                  0x20000046   Data           2  lcd.o(.data)
    setycmd                                  0x20000048   Data           2  lcd.o(.data)
    W25QXX_TYPE                              0x2000004a   Data           2  w25qxx.o(.data)
    TransferError                            0x20000056   Data           1  sdio_sdcard.o(.data)
    TransferEnd                              0x20000057   Data           1  sdio_sdcard.o(.data)
    tempbuff                                 0x20000058   Data           4  sdio_sdcard.o(.data)
    __stdout                                 0x20000060   Data           4  usart.o(.data)
    USART_RX_STA                             0x20000064   Data           2  usart.o(.data)
    sys_cmd_tab                              0x20000078   Data          28  usmart.o(.data)
    usmart_nametab                           0x20000094   Data          32  usmart_config.o(.data)
    usmart_dev                               0x200000b4   Data         244  usmart_config.o(.data)
    FLASH_SECTOR_COUNT                       0x200001a8   Data           2  diskio.o(.data)
    file                                     0x200001ac   Data           4  exfuns.o(.data)
    ftemp                                    0x200001b0   Data           4  exfuns.o(.data)
    br                                       0x200001b4   Data           4  exfuns.o(.data)
    bw                                       0x200001b8   Data           4  exfuns.o(.data)
    fatbuf                                   0x200001bc   Data           4  exfuns.o(.data)
    mallco_dev                               0x200001c0   Data          36  malloc.o(.data)
    test                                     0x200001e4   Data          20  main.o(.bss)
    fil                                      0x200001f8   Data         552  main.o(.bss)
    W25QXX_BUFFER                            0x20000420   Data        4096  w25qxx.o(.bss)
    SDIO_InitStructure                       0x20001420   Data          24  sdio_sdcard.o(.bss)
    SDIO_CmdInitStructure                    0x20001438   Data          20  sdio_sdcard.o(.bss)
    SDIO_DataInitStructure                   0x2000144c   Data          24  sdio_sdcard.o(.bss)
    SDCardInfo                               0x20001488   Data          88  sdio_sdcard.o(.bss)
    SDIO_DATA_BUFFER                         0x200014e0   Data         512  sdio_sdcard.o(.bss)
    ringBuff                                 0x200016e0   Data        6156  ringbuff.o(.bss)
    USART_RX_BUF                             0x20002eec   Data         200  usart.o(.bss)
    fs                                       0x20002fc0   Data          12  exfuns.o(.bss)
    fileinfo                                 0x20002fcc   Data          32  exfuns.o(.bss)
    dir                                      0x20002fec   Data          36  exfuns.o(.bss)
    mem1base                                 0x20003020   Data       92160  malloc.o(.bss)
    mem1mapbase                              0x20019820   Data        5760  malloc.o(.bss)
    __libspace_start                         0x2001aea0   Data          96  libspace.o(.bss)
    __temporary_stack_top$libspace           0x2001af00   Data           0  libspace.o(.bss)
    mem2base                                 0x68000000   Data       983040  malloc.o(.ARM.__AT_0x68000000)
    mem2mapbase                              0x680f0000   Data       61440  malloc.o(.ARM.__AT_0x680F0000)



==============================================================================

Memory Map of the image

  Image Entry point : 0x08000189

  Load Region LR_IROM1 (Base: 0x08000000, Size: 0x000387b8, Max: 0x00100000, ABSOLUTE, COMPRESSED[0x0003865c])

    Execution Region ER_IROM1 (Exec base: 0x08000000, Load base: 0x08000000, Size: 0x000385d4, Max: 0x00100000, ABSOLUTE)

    Exec Addr    Load Addr    Size         Type   Attr      Idx    E Section Name        Object

    0x08000000   0x08000000   0x00000188   Data   RO          635    RESET               startup_stm32f40_41xxx.o
    0x08000188   0x08000188   0x00000008   Code   RO         1178  * !!!main             c_w.l(__main.o)
    0x08000190   0x08000190   0x00000034   Code   RO         1366    !!!scatter          c_w.l(__scatter.o)
    0x080001c4   0x080001c4   0x0000005a   Code   RO         1364    !!dczerorl2         c_w.l(__dczerorl2.o)
    0x0800021e   0x0800021e   0x00000002   PAD
    0x08000220   0x08000220   0x0000001c   Code   RO         1368    !!handler_zi        c_w.l(__scatter_zi.o)
    0x0800023c   0x0800023c   0x00000000   Code   RO         1169    .ARM.Collect$$_printf_percent$$00000000  c_w.l(_printf_percent.o)
    0x0800023c   0x0800023c   0x00000006   Code   RO         1167    .ARM.Collect$$_printf_percent$$00000009  c_w.l(_printf_d.o)
    0x08000242   0x08000242   0x00000006   Code   RO         1168    .ARM.Collect$$_printf_percent$$0000000A  c_w.l(_printf_u.o)
    0x08000248   0x08000248   0x00000006   Code   RO         1166    .ARM.Collect$$_printf_percent$$0000000C  c_w.l(_printf_x.o)
    0x0800024e   0x0800024e   0x00000006   Code   RO         1164    .ARM.Collect$$_printf_percent$$00000013  c_w.l(_printf_c.o)
    0x08000254   0x08000254   0x00000006   Code   RO         1165    .ARM.Collect$$_printf_percent$$00000014  c_w.l(_printf_s.o)
    0x0800025a   0x0800025a   0x00000004   Code   RO         1191    .ARM.Collect$$_printf_percent$$00000017  c_w.l(_printf_percent_end.o)
    0x0800025e   0x0800025e   0x00000002   Code   RO         1232    .ARM.Collect$$libinit$$00000000  c_w.l(libinit.o)
    0x08000260   0x08000260   0x00000004   Code   RO         1242    .ARM.Collect$$libinit$$00000001  c_w.l(libinit2.o)
    0x08000264   0x08000264   0x00000000   Code   RO         1245    .ARM.Collect$$libinit$$00000004  c_w.l(libinit2.o)
    0x08000264   0x08000264   0x00000000   Code   RO         1248    .ARM.Collect$$libinit$$0000000A  c_w.l(libinit2.o)
    0x08000264   0x08000264   0x00000000   Code   RO         1250    .ARM.Collect$$libinit$$0000000C  c_w.l(libinit2.o)
    0x08000264   0x08000264   0x00000000   Code   RO         1252    .ARM.Collect$$libinit$$0000000E  c_w.l(libinit2.o)
    0x08000264   0x08000264   0x00000000   Code   RO         1255    .ARM.Collect$$libinit$$00000011  c_w.l(libinit2.o)
    0x08000264   0x08000264   0x00000000   Code   RO         1257    .ARM.Collect$$libinit$$00000013  c_w.l(libinit2.o)
    0x08000264   0x08000264   0x00000000   Code   RO         1259    .ARM.Collect$$libinit$$00000015  c_w.l(libinit2.o)
    0x08000264   0x08000264   0x00000000   Code   RO         1261    .ARM.Collect$$libinit$$00000017  c_w.l(libinit2.o)
    0x08000264   0x08000264   0x00000000   Code   RO         1263    .ARM.Collect$$libinit$$00000019  c_w.l(libinit2.o)
    0x08000264   0x08000264   0x00000000   Code   RO         1265    .ARM.Collect$$libinit$$0000001B  c_w.l(libinit2.o)
    0x08000264   0x08000264   0x00000000   Code   RO         1267    .ARM.Collect$$libinit$$0000001D  c_w.l(libinit2.o)
    0x08000264   0x08000264   0x00000000   Code   RO         1269    .ARM.Collect$$libinit$$0000001F  c_w.l(libinit2.o)
    0x08000264   0x08000264   0x00000000   Code   RO         1271    .ARM.Collect$$libinit$$00000021  c_w.l(libinit2.o)
    0x08000264   0x08000264   0x00000000   Code   RO         1273    .ARM.Collect$$libinit$$00000023  c_w.l(libinit2.o)
    0x08000264   0x08000264   0x00000000   Code   RO         1275    .ARM.Collect$$libinit$$00000025  c_w.l(libinit2.o)
    0x08000264   0x08000264   0x00000000   Code   RO         1279    .ARM.Collect$$libinit$$0000002C  c_w.l(libinit2.o)
    0x08000264   0x08000264   0x00000000   Code   RO         1281    .ARM.Collect$$libinit$$0000002E  c_w.l(libinit2.o)
    0x08000264   0x08000264   0x00000000   Code   RO         1283    .ARM.Collect$$libinit$$00000030  c_w.l(libinit2.o)
    0x08000264   0x08000264   0x00000000   Code   RO         1285    .ARM.Collect$$libinit$$00000032  c_w.l(libinit2.o)
    0x08000264   0x08000264   0x00000002   Code   RO         1286    .ARM.Collect$$libinit$$00000033  c_w.l(libinit2.o)
    0x08000266   0x08000266   0x00000002   Code   RO         1314    .ARM.Collect$$libshutdown$$00000000  c_w.l(libshutdown.o)
    0x08000268   0x08000268   0x00000000   Code   RO         1328    .ARM.Collect$$libshutdown$$00000002  c_w.l(libshutdown2.o)
    0x08000268   0x08000268   0x00000000   Code   RO         1330    .ARM.Collect$$libshutdown$$00000004  c_w.l(libshutdown2.o)
    0x08000268   0x08000268   0x00000000   Code   RO         1332    .ARM.Collect$$libshutdown$$00000006  c_w.l(libshutdown2.o)
    0x08000268   0x08000268   0x00000000   Code   RO         1335    .ARM.Collect$$libshutdown$$00000009  c_w.l(libshutdown2.o)
    0x08000268   0x08000268   0x00000000   Code   RO         1338    .ARM.Collect$$libshutdown$$0000000C  c_w.l(libshutdown2.o)
    0x08000268   0x08000268   0x00000000   Code   RO         1340    .ARM.Collect$$libshutdown$$0000000E  c_w.l(libshutdown2.o)
    0x08000268   0x08000268   0x00000000   Code   RO         1343    .ARM.Collect$$libshutdown$$00000011  c_w.l(libshutdown2.o)
    0x08000268   0x08000268   0x00000002   Code   RO         1344    .ARM.Collect$$libshutdown$$00000012  c_w.l(libshutdown2.o)
    0x0800026a   0x0800026a   0x00000000   Code   RO         1182    .ARM.Collect$$rtentry$$00000000  c_w.l(__rtentry.o)
    0x0800026a   0x0800026a   0x00000000   Code   RO         1195    .ARM.Collect$$rtentry$$00000002  c_w.l(__rtentry2.o)
    0x0800026a   0x0800026a   0x00000006   Code   RO         1207    .ARM.Collect$$rtentry$$00000004  c_w.l(__rtentry4.o)
    0x08000270   0x08000270   0x00000000   Code   RO         1197    .ARM.Collect$$rtentry$$00000009  c_w.l(__rtentry2.o)
    0x08000270   0x08000270   0x00000004   Code   RO         1198    .ARM.Collect$$rtentry$$0000000A  c_w.l(__rtentry2.o)
    0x08000274   0x08000274   0x00000000   Code   RO         1200    .ARM.Collect$$rtentry$$0000000C  c_w.l(__rtentry2.o)
    0x08000274   0x08000274   0x00000008   Code   RO         1201    .ARM.Collect$$rtentry$$0000000D  c_w.l(__rtentry2.o)
    0x0800027c   0x0800027c   0x00000002   Code   RO         1236    .ARM.Collect$$rtexit$$00000000  c_w.l(rtexit.o)
    0x0800027e   0x0800027e   0x00000000   Code   RO         1288    .ARM.Collect$$rtexit$$00000002  c_w.l(rtexit2.o)
    0x0800027e   0x0800027e   0x00000004   Code   RO         1289    .ARM.Collect$$rtexit$$00000003  c_w.l(rtexit2.o)
    0x08000282   0x08000282   0x00000006   Code   RO         1290    .ARM.Collect$$rtexit$$00000004  c_w.l(rtexit2.o)
    0x08000288   0x08000288   0x00000010   Code   RO          586    .emb_text           sys.o
    0x08000298   0x08000298   0x00000188   Code   RO            3    .text               main.o
    0x08000420   0x08000420   0x0000001a   Code   RO          207    .text               stm32f4xx_it.o
    0x0800043a   0x0800043a   0x00000002   PAD
    0x0800043c   0x0800043c   0x00000210   Code   RO          256    .text               system_stm32f4xx.o
    0x0800064c   0x0800064c   0x00000058   Code   RO          282    .text               led.o
    0x080006a4   0x080006a4   0x00000100   Code   RO          302    .text               key.o
    0x080007a4   0x080007a4   0x000000ec   Code   RO          323    .text               usart2.o
    0x08000890   0x08000890   0x00000070   Code   RO          349    .text               timer.o
    0x08000900   0x08000900   0x00000de0   Code   RO          370    .text               lcd.o
    0x080016e0   0x080016e0   0x00000364   Code   RO          426    .text               w25qxx.o
    0x08001a44   0x08001a44   0x00000118   Code   RO          456    .text               spi.o
    0x08001b5c   0x08001b5c   0x00001d5c   Code   RO          476    .text               sdio_sdcard.o
    0x080038b8   0x080038b8   0x00000084   Code   RO          510    .text               ringbuff.o
    0x0800393c   0x0800393c   0x00000080   Code   RO          543    .text               exti.o
    0x080039bc   0x080039bc   0x00000104   Code   RO          564    .text               delay.o
    0x08003ac0   0x08003ac0   0x00000150   Code   RO          604    .text               usart.o
    0x08003c10   0x08003c10   0x00000040   Code   RO          636    .text               startup_stm32f40_41xxx.o
    0x08003c50   0x08003c50   0x000000e0   Code   RO          642    .text               misc.o
    0x08003d30   0x08003d30   0x00000294   Code   RO          662    .text               stm32f4xx_gpio.o
    0x08003fc4   0x08003fc4   0x000005c8   Code   RO          682    .text               stm32f4xx_fsmc.o
    0x0800458c   0x0800458c   0x000003a8   Code   RO          705    .text               stm32f4xx_dma.o
    0x08004934   0x08004934   0x0000065c   Code   RO          725    .text               stm32f4xx_rcc.o
    0x08004f90   0x08004f90   0x00000094   Code   RO          747    .text               stm32f4xx_syscfg.o
    0x08005024   0x08005024   0x00000454   Code   RO          767    .text               stm32f4xx_usart.o
    0x08005478   0x08005478   0x00000ca2   Code   RO          787    .text               stm32f4xx_tim.o
    0x0800611a   0x0800611a   0x00000002   PAD
    0x0800611c   0x0800611c   0x00000480   Code   RO          827    .text               stm32f4xx_spi.o
    0x0800659c   0x0800659c   0x000001dc   Code   RO          847    .text               stm32f4xx_sdio.o
    0x08006778   0x08006778   0x00000110   Code   RO          867    .text               stm32f4xx_exti.o
    0x08006888   0x08006888   0x00000c34   Code   RO          887    .text               usmart.o
    0x080074bc   0x080074bc   0x00000528   Code   RO          932    .text               usmart_str.o
    0x080079e4   0x080079e4   0x00000200   Code   RO          952    .text               diskio.o
    0x08007be4   0x08007be4   0x0000329a   Code   RO          976    .text               ff.o
    0x0800ae7e   0x0800ae7e   0x00000002   PAD
    0x0800ae80   0x0800ae80   0x000000b4   Code   RO          995    .text               cc936.o
    0x0800af34   0x0800af34   0x00000198   Code   RO         1020    .text               exfuns.o
    0x0800b0cc   0x0800b0cc   0x0000022c   Code   RO         1075    .text               malloc.o
    0x0800b2f8   0x0800b2f8   0x00000002   Code   RO         1107    .text               c_w.l(use_no_semi_2.o)
    0x0800b2fa   0x0800b2fa   0x00000048   Code   RO         1109    .text               c_w.l(llsdiv.o)
    0x0800b342   0x0800b342   0x00000002   PAD
    0x0800b344   0x0800b344   0x00000018   Code   RO         1113    .text               c_w.l(noretval__2printf.o)
    0x0800b35c   0x0800b35c   0x0000004e   Code   RO         1117    .text               c_w.l(_printf_pad.o)
    0x0800b3aa   0x0800b3aa   0x00000052   Code   RO         1119    .text               c_w.l(_printf_str.o)
    0x0800b3fc   0x0800b3fc   0x00000078   Code   RO         1121    .text               c_w.l(_printf_dec.o)
    0x0800b474   0x0800b474   0x00000058   Code   RO         1126    .text               c_w.l(_printf_hex_int.o)
    0x0800b4cc   0x0800b4cc   0x00000188   Code   RO         1161    .text               c_w.l(__printf_flags_ss_wp.o)
    0x0800b654   0x0800b654   0x00000048   Code   RO         1170    .text               c_w.l(strcpy.o)
    0x0800b69c   0x0800b69c   0x0000008a   Code   RO         1172    .text               c_w.l(rt_memcpy_v6.o)
    0x0800b726   0x0800b726   0x00000002   PAD
    0x0800b728   0x0800b728   0x00000080   Code   RO         1174    .text               c_w.l(strcmpv7m.o)
    0x0800b7a8   0x0800b7a8   0x00000006   Code   RO         1176    .text               c_w.l(heapauxi.o)
    0x0800b7ae   0x0800b7ae   0x00000002   Code   RO         1180    .text               c_w.l(use_no_semi.o)
    0x0800b7b0   0x0800b7b0   0x000000ee   Code   RO         1183    .text               c_w.l(lludivv7m.o)
    0x0800b89e   0x0800b89e   0x000000b2   Code   RO         1185    .text               c_w.l(_printf_intcommon.o)
    0x0800b950   0x0800b950   0x0000002c   Code   RO         1187    .text               c_w.l(_printf_char.o)
    0x0800b97c   0x0800b97c   0x00000024   Code   RO         1189    .text               c_w.l(_printf_char_file.o)
    0x0800b9a0   0x0800b9a0   0x00000064   Code   RO         1192    .text               c_w.l(rt_memcpy_w.o)
    0x0800ba04   0x0800ba04   0x00000030   Code   RO         1213    .text               c_w.l(_printf_char_common.o)
    0x0800ba34   0x0800ba34   0x00000008   Code   RO         1215    .text               c_w.l(ferror.o)
    0x0800ba3c   0x0800ba3c   0x0000004a   Code   RO         1219    .text               c_w.l(sys_stackheap_outer.o)
    0x0800ba86   0x0800ba86   0x00000012   Code   RO         1225    .text               c_w.l(exit.o)
    0x0800ba98   0x0800ba98   0x00000008   Code   RO         1233    .text               c_w.l(libspace.o)
    0x0800baa0   0x0800baa0   0x0000000e   Code   RO         1154    i._is_digit         c_w.l(__printf_wp.o)
    0x0800baae   0x0800baae   0x0000000a   Code   RO         1302    x$fpl$fpinit        fz_wm.l(fpinit.o)
    0x0800bab8   0x0800bab8   0x00001c34   Data   RO          371    .constdata          lcd.o
    0x0800d6ec   0x0800d6ec   0x0000001c   Data   RO          683    .constdata          stm32f4xx_fsmc.o
    0x0800d708   0x0800d708   0x0000003a   Data   RO          978    .constdata          ff.o
    0x0800d742   0x0800d742   0x0002acc8   Data   RO          996    .constdata          cc936.o
    0x0803840a   0x0803840a   0x00000002   PAD
    0x0803840c   0x0803840c   0x00000070   Data   RO         1022    .constdata          exfuns.o
    0x0803847c   0x0803847c   0x00000024   Data   RO         1081    .constdata          malloc.o
    0x080384a0   0x080384a0   0x00000028   Data   RO         1127    .constdata          c_w.l(_printf_hex_int.o)
    0x080384c8   0x080384c8   0x00000011   Data   RO         1162    .constdata          c_w.l(__printf_flags_ss_wp.o)
    0x080384d9   0x080384d9   0x00000003   PAD
    0x080384dc   0x080384dc   0x00000028   Data   RO          888    .conststring        usmart.o
    0x08038504   0x08038504   0x0000006b   Data   RO          911    .conststring        usmart_config.o
    0x0803856f   0x0803856f   0x00000001   PAD
    0x08038570   0x08038570   0x00000044   Data   RO         1023    .conststring        exfuns.o
    0x080385b4   0x080385b4   0x00000020   Data   RO         1362    Region$$Table       anon$$obj.o


    Execution Region RW_IRAM1 (Exec base: 0x20000000, Load base: 0x080385d4, Size: 0x0001b500, Max: 0x00020000, ABSOLUTE, COMPRESSED[0x00000088])

    Exec Addr    Load Addr    Size         Type   Attr      Idx    E Section Name        Object

    0x20000000   COMPRESSED   0x00000018   Data   RW            5    .data               main.o
    0x20000018   COMPRESSED   0x00000014   Data   RW          257    .data               system_stm32f4xx.o
    0x2000002c   COMPRESSED   0x00000001   Data   RW          303    .data               key.o
    0x2000002d   COMPRESSED   0x00000003   PAD
    0x20000030   COMPRESSED   0x00000008   Data   RW          324    .data               usart2.o
    0x20000038   COMPRESSED   0x00000012   Data   RW          372    .data               lcd.o
    0x2000004a   COMPRESSED   0x00000002   Data   RW          428    .data               w25qxx.o
    0x2000004c   COMPRESSED   0x00000010   Data   RW          478    .data               sdio_sdcard.o
    0x2000005c   COMPRESSED   0x00000004   Data   RW          565    .data               delay.o
    0x20000060   COMPRESSED   0x00000006   Data   RW          606    .data               usart.o
    0x20000066   COMPRESSED   0x00000010   Data   RW          726    .data               stm32f4xx_rcc.o
    0x20000076   COMPRESSED   0x00000002   PAD
    0x20000078   COMPRESSED   0x0000001c   Data   RW          889    .data               usmart.o
    0x20000094   COMPRESSED   0x00000114   Data   RW          912    .data               usmart_config.o
    0x200001a8   COMPRESSED   0x00000002   Data   RW          953    .data               diskio.o
    0x200001aa   COMPRESSED   0x00000002   Data   RW          979    .data               ff.o
    0x200001ac   COMPRESSED   0x00000014   Data   RW         1024    .data               exfuns.o
    0x200001c0   COMPRESSED   0x00000024   Data   RW         1082    .data               malloc.o
    0x200001e4        -       0x0000023c   Zero   RW            4    .bss                main.o
    0x20000420        -       0x00001000   Zero   RW          427    .bss                w25qxx.o
    0x20001420        -       0x000002c0   Zero   RW          477    .bss                sdio_sdcard.o
    0x200016e0        -       0x0000180c   Zero   RW          511    .bss                ringbuff.o
    0x20002eec        -       0x000000c8   Zero   RW          605    .bss                usart.o
    0x20002fb4        -       0x0000000c   Zero   RW          977    .bss                ff.o
    0x20002fc0        -       0x00000050   Zero   RW         1021    .bss                exfuns.o
    0x20003010   COMPRESSED   0x00000010   PAD
    0x20003020        -       0x00017e80   Zero   RW         1080    .bss                malloc.o
    0x2001aea0        -       0x00000060   Zero   RW         1234    .bss                c_w.l(libspace.o)
    0x2001af00        -       0x00000200   Zero   RW          634    HEAP                startup_stm32f40_41xxx.o
    0x2001b100        -       0x00000400   Zero   RW          633    STACK               startup_stm32f40_41xxx.o



  Load Region LR$$.ARM.__AT_0x10000000 (Base: 0x10000000, Size: 0x00000000, Max: 0x0000f000, ABSOLUTE)

    Execution Region ER$$.ARM.__AT_0x10000000 (Exec base: 0x10000000, Load base: 0x10000000, Size: 0x0000f000, Max: 0x0000f000, ABSOLUTE, UNINIT)

    Exec Addr    Load Addr    Size         Type   Attr      Idx    E Section Name        Object

    0x10000000        -       0x0000f000   Zero   RW         1076    .ARM.__AT_0x10000000  malloc.o



  Load Region LR$$.ARM.__AT_0x1000F000 (Base: 0x1000f000, Size: 0x00000000, Max: 0x00000f00, ABSOLUTE)

    Execution Region ER$$.ARM.__AT_0x1000F000 (Exec base: 0x1000f000, Load base: 0x1000f000, Size: 0x00000f00, Max: 0x00000f00, ABSOLUTE, UNINIT)

    Exec Addr    Load Addr    Size         Type   Attr      Idx    E Section Name        Object

    0x1000f000        -       0x00000f00   Zero   RW         1077    .ARM.__AT_0x1000F000  malloc.o



  Load Region LR$$.ARM.__AT_0x68000000 (Base: 0x68000000, Size: 0x00000000, Max: 0x000f0000, ABSOLUTE)

    Execution Region ER$$.ARM.__AT_0x68000000 (Exec base: 0x68000000, Load base: 0x68000000, Size: 0x000f0000, Max: 0x000f0000, ABSOLUTE, UNINIT)

    Exec Addr    Load Addr    Size         Type   Attr      Idx    E Section Name        Object

    0x68000000        -       0x000f0000   Zero   RW         1078    .ARM.__AT_0x68000000  malloc.o



  Load Region LR$$.ARM.__AT_0x680F0000 (Base: 0x680f0000, Size: 0x00000000, Max: 0x0000f000, ABSOLUTE)

    Execution Region ER$$.ARM.__AT_0x680F0000 (Exec base: 0x680f0000, Load base: 0x680f0000, Size: 0x0000f000, Max: 0x0000f000, ABSOLUTE, UNINIT)

    Exec Addr    Load Addr    Size         Type   Attr      Idx    E Section Name        Object

    0x680f0000        -       0x0000f000   Zero   RW         1079    .ARM.__AT_0x680F0000  malloc.o


==============================================================================

Image component sizes


      Code (inc. data)   RO Data    RW Data    ZI Data      Debug   Object Name

       180         18     175304          0          0       2305   cc936.o
       260          8          0          4          0       1509   delay.o
       512          8          0          2          0       4466   diskio.o
       408         22        180         20         80       2852   exfuns.o
       128          8          0          0          0        740   exti.o
     12954        136         58          2         12      35862   ff.o
       256         18          0          1          0        880   key.o
      3552        146       7220         18          0      10772   lcd.o
        88         10          0          0          0        551   led.o
       392         54          0         24        572     327380   main.o
       556         18         36         36    1207680       5049   malloc.o
       224         20          0          0          0       1845   misc.o
       132          6          0          0       6156       4656   ringbuff.o
      7516        282          0         16        704      25333   sdio_sdcard.o
       280          8          0          0          0       1093   spi.o
        64         26        392          0       1536        844   startup_stm32f40_41xxx.o
       936         32          0          0          0       6421   stm32f4xx_dma.o
       272         10          0          0          0       2315   stm32f4xx_exti.o
      1480         18         28          0          0       5690   stm32f4xx_fsmc.o
       660         44          0          0          0       4185   stm32f4xx_gpio.o
        26          0          0          0          0       1238   stm32f4xx_it.o
      1628         52          0         16          0      13076   stm32f4xx_rcc.o
       476         16          0          0          0       7448   stm32f4xx_sdio.o
      1152         36          0          0          0       6937   stm32f4xx_spi.o
       148         12          0          0          0       1857   stm32f4xx_syscfg.o
      3234         60          0          0          0      23044   stm32f4xx_tim.o
      1108         34          0          0          0       7912   stm32f4xx_usart.o
        16          0          0          0          0        496   sys.o
       528         46          0         20          0       1819   system_stm32f4xx.o
       112          4          0          0          0        828   timer.o
       336         22          0          6        200       3366   usart.o
       236         16          0          8          0       1259   usart2.o
      3124       1286         40         28          0       4462   usmart.o
         0          0        107        276          0       1508   usmart_config.o
      1320         12          0          0          0       5369   usmart_str.o
       868         28          0          2       4096       4521   w25qxx.o

    ----------------------------------------------------------------------
     45168       2516     183400        484    1221052     529888   Object Totals
         0          0         32          0          0          0   (incl. Generated)
         6          0          3          5         16          0   (incl. Padding)

    ----------------------------------------------------------------------

      Code (inc. data)   RO Data    RW Data    ZI Data      Debug   Library Member Name

        90          0          0          0          0          0   __dczerorl2.o
         8          0          0          0          0         68   __main.o
       392          4         17          0          0         92   __printf_flags_ss_wp.o
        14          0          0          0          0         68   __printf_wp.o
         0          0          0          0          0          0   __rtentry.o
        12          0          0          0          0          0   __rtentry2.o
         6          0          0          0          0          0   __rtentry4.o
        52          8          0          0          0          0   __scatter.o
        28          0          0          0          0          0   __scatter_zi.o
         6          0          0          0          0          0   _printf_c.o
        44          0          0          0          0        108   _printf_char.o
        48          6          0          0          0         96   _printf_char_common.o
        36          4          0          0          0         80   _printf_char_file.o
         6          0          0          0          0          0   _printf_d.o
       120         16          0          0          0         92   _printf_dec.o
        88          4         40          0          0         88   _printf_hex_int.o
       178          0          0          0          0         88   _printf_intcommon.o
        78          0          0          0          0        108   _printf_pad.o
         0          0          0          0          0          0   _printf_percent.o
         4          0          0          0          0          0   _printf_percent_end.o
         6          0          0          0          0          0   _printf_s.o
        82          0          0          0          0         80   _printf_str.o
         6          0          0          0          0          0   _printf_u.o
         6          0          0          0          0          0   _printf_x.o
        18          0          0          0          0         80   exit.o
         8          0          0          0          0         68   ferror.o
         6          0          0          0          0        152   heapauxi.o
         2          0          0          0          0          0   libinit.o
         6          0          0          0          0          0   libinit2.o
         2          0          0          0          0          0   libshutdown.o
         2          0          0          0          0          0   libshutdown2.o
         8          4          0          0         96         68   libspace.o
        72          0          0          0          0         76   llsdiv.o
       238          0          0          0          0        100   lludivv7m.o
        24          4          0          0          0         84   noretval__2printf.o
       138          0          0          0          0         68   rt_memcpy_v6.o
       100          0          0          0          0         80   rt_memcpy_w.o
         2          0          0          0          0          0   rtexit.o
        10          0          0          0          0          0   rtexit2.o
       128          0          0          0          0         68   strcmpv7m.o
        72          0          0          0          0         80   strcpy.o
        74          0          0          0          0         80   sys_stackheap_outer.o
         2          0          0          0          0         68   use_no_semi.o
         2          0          0          0          0         68   use_no_semi_2.o
        10          0          0          0          0        116   fpinit.o

    ----------------------------------------------------------------------
      2240         50         60          0         96       2224   Library Totals
         6          0          3          0          0          0   (incl. Padding)

    ----------------------------------------------------------------------

      Code (inc. data)   RO Data    RW Data    ZI Data      Debug   Library Name

      2224         50         57          0         96       2108   c_w.l
        10          0          0          0          0        116   fz_wm.l

    ----------------------------------------------------------------------
      2240         50         60          0         96       2224   Library Totals

    ----------------------------------------------------------------------

==============================================================================


      Code (inc. data)   RO Data    RW Data    ZI Data      Debug   

     47408       2566     183460        484    1221148     523420   Grand Totals
     47408       2566     183460        136    1221148     523420   ELF Image Totals (compressed)
     47408       2566     183460        136          0          0   ROM Totals

==============================================================================

    Total RO  Size (Code + RO Data)               230868 ( 225.46kB)
    Total RW  Size (RW Data + ZI Data)           1221632 (1193.00kB)
    Total ROM Size (Code + RO Data + RW Data)     231004 ( 225.59kB)

==============================================================================

